[ 50%] [32mBuilding CXX object CMakeFiles/tf_broadcaster.dir/src/tf_broadcaster.cpp.o[0m
[100%] [32m[1mLinking CXX executable tf_broadcaster[0m
[100%] Built target tf_broadcaster
-- Install configuration: ""
-- Installing: /home/harish-k/ROS2 Assignment/Assignment 10/install/ros2_tf2/lib/ros2_tf2/tf_broadcaster
-- Set non-toolchain portion of runtime path of "/home/harish-k/ROS2 Assignment/Assignment 10/install/ros2_tf2/lib/ros2_tf2/tf_broadcaster" to ""
-- Up-to-date: /home/harish-k/ROS2 Assignment/Assignment 10/install/ros2_tf2/share/ament_index/resource_index/package_run_dependencies/ros2_tf2
-- Up-to-date: /home/harish-k/ROS2 Assignment/Assignment 10/install/ros2_tf2/share/ament_index/resource_index/parent_prefix_path/ros2_tf2
-- Up-to-date: /home/harish-k/ROS2 Assignment/Assignment 10/install/ros2_tf2/share/ros2_tf2/environment/ament_prefix_path.sh
-- Up-to-date: /home/harish-k/ROS2 Assignment/Assignment 10/install/ros2_tf2/share/ros2_tf2/environment/ament_prefix_path.dsv
-- Up-to-date: /home/harish-k/ROS2 Assignment/Assignment 10/install/ros2_tf2/share/ros2_tf2/environment/path.sh
-- Up-to-date: /home/harish-k/ROS2 Assignment/Assignment 10/install/ros2_tf2/share/ros2_tf2/environment/path.dsv
-- Up-to-date: /home/harish-k/ROS2 Assignment/Assignment 10/install/ros2_tf2/share/ros2_tf2/local_setup.bash
-- Up-to-date: /home/harish-k/ROS2 Assignment/Assignment 10/install/ros2_tf2/share/ros2_tf2/local_setup.sh
-- Up-to-date: /home/harish-k/ROS2 Assignment/Assignment 10/install/ros2_tf2/share/ros2_tf2/local_setup.zsh
-- Up-to-date: /home/harish-k/ROS2 Assignment/Assignment 10/install/ros2_tf2/share/ros2_tf2/local_setup.dsv
-- Installing: /home/harish-k/ROS2 Assignment/Assignment 10/install/ros2_tf2/share/ros2_tf2/package.dsv
-- Up-to-date: /home/harish-k/ROS2 Assignment/Assignment 10/install/ros2_tf2/share/ament_index/resource_index/packages/ros2_tf2
-- Up-to-date: /home/harish-k/ROS2 Assignment/Assignment 10/install/ros2_tf2/share/ros2_tf2/cmake/ros2_tf2Config.cmake
-- Up-to-date: /home/harish-k/ROS2 Assignment/Assignment 10/install/ros2_tf2/share/ros2_tf2/cmake/ros2_tf2Config-version.cmake
-- Up-to-date: /home/harish-k/ROS2 Assignment/Assignment 10/install/ros2_tf2/share/ros2_tf2/package.xml
