[0.015s] Invoking command in '/home/harish-k/ROS2 Assignment/Assgnment 2/build/ros2_subscriber': CMAKE_PREFIX_PATH=${CMAKE_PREFIX_PATH}:/opt/ros/jazzy DEBUGINFOD_URLS=https://debuginfod.ubuntu.com /usr/bin/cmake --build /home/harish-k/ROS2 Assignment/Assgnment 2/build/ros2_subscriber -- -j12 -l12
[0.100s] [100%] Built target subscriber_node
[0.119s] Invoked command in '/home/harish-k/ROS2 Assignment/Assgnment 2/build/ros2_subscriber' returned '0': CMAKE_PREFIX_PATH=${CMAKE_PREFIX_PATH}:/opt/ros/jazzy DEBUGINFOD_URLS=https://debuginfod.ubuntu.com /usr/bin/cmake --build /home/harish-k/ROS2 Assignment/Assgnment 2/build/ros2_subscriber -- -j12 -l12
[0.133s] Invoking command in '/home/harish-k/ROS2 Assignment/Assgnment 2/build/ros2_subscriber': CMAKE_PREFIX_PATH=${CMAKE_PREFIX_PATH}:/opt/ros/jazzy DEBUGINFOD_URLS=https://debuginfod.ubuntu.com /usr/bin/cmake --install /home/harish-k/ROS2 Assignment/Assgnment 2/build/ros2_subscriber
[0.145s] -- Install configuration: ""
[0.145s] -- Up-to-date: /home/harish-k/ROS2 Assignment/Assgnment 2/install/ros2_subscriber/lib/ros2_subscriber/subscriber_node
[0.145s] -- Up-to-date: /home/harish-k/ROS2 Assignment/Assgnment 2/install/ros2_subscriber/share/ament_index/resource_index/package_run_dependencies/ros2_subscriber
[0.146s] -- Up-to-date: /home/harish-k/ROS2 Assignment/Assgnment 2/install/ros2_subscriber/share/ament_index/resource_index/parent_prefix_path/ros2_subscriber
[0.146s] -- Up-to-date: /home/harish-k/ROS2 Assignment/Assgnment 2/install/ros2_subscriber/share/ros2_subscriber/environment/ament_prefix_path.sh
[0.146s] -- Up-to-date: /home/harish-k/ROS2 Assignment/Assgnment 2/install/ros2_subscriber/share/ros2_subscriber/environment/ament_prefix_path.dsv
[0.146s] -- Up-to-date: /home/harish-k/ROS2 Assignment/Assgnment 2/install/ros2_subscriber/share/ros2_subscriber/environment/path.sh
[0.146s] -- Up-to-date: /home/harish-k/ROS2 Assignment/Assgnment 2/install/ros2_subscriber/share/ros2_subscriber/environment/path.dsv
[0.146s] -- Up-to-date: /home/harish-k/ROS2 Assignment/Assgnment 2/install/ros2_subscriber/share/ros2_subscriber/local_setup.bash
[0.146s] -- Up-to-date: /home/harish-k/ROS2 Assignment/Assgnment 2/install/ros2_subscriber/share/ros2_subscriber/local_setup.sh
[0.146s] -- Up-to-date: /home/harish-k/ROS2 Assignment/Assgnment 2/install/ros2_subscriber/share/ros2_subscriber/local_setup.zsh
[0.146s] -- Up-to-date: /home/harish-k/ROS2 Assignment/Assgnment 2/install/ros2_subscriber/share/ros2_subscriber/local_setup.dsv
[0.146s] -- Installing: /home/harish-k/ROS2 Assignment/Assgnment 2/install/ros2_subscriber/share/ros2_subscriber/package.dsv
[0.146s] -- Up-to-date: /home/harish-k/ROS2 Assignment/Assgnment 2/install/ros2_subscriber/share/ament_index/resource_index/packages/ros2_subscriber
[0.146s] -- Up-to-date: /home/harish-k/ROS2 Assignment/Assgnment 2/install/ros2_subscriber/share/ros2_subscriber/cmake/ros2_subscriberConfig.cmake
[0.147s] -- Up-to-date: /home/harish-k/ROS2 Assignment/Assgnment 2/install/ros2_subscriber/share/ros2_subscriber/cmake/ros2_subscriberConfig-version.cmake
[0.147s] -- Up-to-date: /home/harish-k/ROS2 Assignment/Assgnment 2/install/ros2_subscriber/share/ros2_subscriber/package.xml
[0.148s] Invoked command in '/home/harish-k/ROS2 Assignment/Assgnment 2/build/ros2_subscriber' returned '0': CMAKE_PREFIX_PATH=${CMAKE_PREFIX_PATH}:/opt/ros/jazzy DEBUGINFOD_URLS=https://debuginfod.ubuntu.com /usr/bin/cmake --install /home/harish-k/ROS2 Assignment/Assgnment 2/build/ros2_subscriber
