[0.008s] Invoking command in '/home/harish-k/ROS2 Assignment/Assignment 10/build/ros2_tf2': CMAKE_PREFIX_PATH=${CMAKE_PREFIX_PATH}:/opt/ros/jazzy DEBUGINFOD_URLS=https://debuginfod.ubuntu.com /usr/bin/cmake --build /home/harish-k/ROS2 Assignment/Assignment 10/build/ros2_tf2 -- -j12 -l12
[0.084s] [100%] Built target tf_broadcaster
[0.098s] Invoked command in '/home/harish-k/ROS2 Assignment/Assignment 10/build/ros2_tf2' returned '0': CMAKE_PREFIX_PATH=${CMAKE_PREFIX_PATH}:/opt/ros/jazzy DEBUGINFOD_URLS=https://debuginfod.ubuntu.com /usr/bin/cmake --build /home/harish-k/ROS2 Assignment/Assignment 10/build/ros2_tf2 -- -j12 -l12
[0.112s] Invoking command in '/home/harish-k/ROS2 Assignment/Assignment 10/build/ros2_tf2': CMAKE_PREFIX_PATH=${CMAKE_PREFIX_PATH}:/opt/ros/jazzy DEBUGINFOD_URLS=https://debuginfod.ubuntu.com /usr/bin/cmake --install /home/harish-k/ROS2 Assignment/Assignment 10/build/ros2_tf2
[0.124s] -- Install configuration: ""
[0.124s] -- Up-to-date: /home/harish-k/ROS2 Assignment/Assignment 10/install/ros2_tf2/lib/ros2_tf2/tf_broadcaster
[0.124s] -- Up-to-date: /home/harish-k/ROS2 Assignment/Assignment 10/install/ros2_tf2/share/ament_index/resource_index/package_run_dependencies/ros2_tf2
[0.124s] -- Up-to-date: /home/harish-k/ROS2 Assignment/Assignment 10/install/ros2_tf2/share/ament_index/resource_index/parent_prefix_path/ros2_tf2
[0.124s] -- Up-to-date: /home/harish-k/ROS2 Assignment/Assignment 10/install/ros2_tf2/share/ros2_tf2/environment/ament_prefix_path.sh
[0.124s] -- Up-to-date: /home/harish-k/ROS2 Assignment/Assignment 10/install/ros2_tf2/share/ros2_tf2/environment/ament_prefix_path.dsv
[0.124s] -- Up-to-date: /home/harish-k/ROS2 Assignment/Assignment 10/install/ros2_tf2/share/ros2_tf2/environment/path.sh
[0.124s] -- Up-to-date: /home/harish-k/ROS2 Assignment/Assignment 10/install/ros2_tf2/share/ros2_tf2/environment/path.dsv
[0.124s] -- Up-to-date: /home/harish-k/ROS2 Assignment/Assignment 10/install/ros2_tf2/share/ros2_tf2/local_setup.bash
[0.124s] -- Up-to-date: /home/harish-k/ROS2 Assignment/Assignment 10/install/ros2_tf2/share/ros2_tf2/local_setup.sh
[0.124s] -- Up-to-date: /home/harish-k/ROS2 Assignment/Assignment 10/install/ros2_tf2/share/ros2_tf2/local_setup.zsh
[0.124s] -- Up-to-date: /home/harish-k/ROS2 Assignment/Assignment 10/install/ros2_tf2/share/ros2_tf2/local_setup.dsv
[0.124s] -- Installing: /home/harish-k/ROS2 Assignment/Assignment 10/install/ros2_tf2/share/ros2_tf2/package.dsv
[0.124s] -- Up-to-date: /home/harish-k/ROS2 Assignment/Assignment 10/install/ros2_tf2/share/ament_index/resource_index/packages/ros2_tf2
[0.124s] -- Up-to-date: /home/harish-k/ROS2 Assignment/Assignment 10/install/ros2_tf2/share/ros2_tf2/cmake/ros2_tf2Config.cmake
[0.124s] -- Up-to-date: /home/harish-k/ROS2 Assignment/Assignment 10/install/ros2_tf2/share/ros2_tf2/cmake/ros2_tf2Config-version.cmake
[0.124s] -- Up-to-date: /home/harish-k/ROS2 Assignment/Assignment 10/install/ros2_tf2/share/ros2_tf2/package.xml
[0.125s] Invoked command in '/home/harish-k/ROS2 Assignment/Assignment 10/build/ros2_tf2' returned '0': CMAKE_PREFIX_PATH=${CMAKE_PREFIX_PATH}:/opt/ros/jazzy DEBUGINFOD_URLS=https://debuginfod.ubuntu.com /usr/bin/cmake --install /home/harish-k/ROS2 Assignment/Assignment 10/build/ros2_tf2
