[0.010s] Invoking command in '/home/harish-k/ROS2 Assignment/Assignment 10/build/ros2_tf2': CMAKE_PREFIX_PATH=${CMAKE_PREFIX_PATH}:/opt/ros/jazzy DEBUGINFOD_URLS=https://debuginfod.ubuntu.com /usr/bin/cmake /home/harish-k/ROS2 Assignment/Assignment 10/assignment-ros2-tf2-transforms-rkhm2004 -DCMAKE_INSTALL_PREFIX=/home/harish-k/ROS2 Assignment/Assignment 10/install/ros2_tf2
[0.096s] -- The C compiler identification is GNU 13.3.0
[0.157s] -- The CXX compiler identification is GNU 13.3.0
[0.180s] -- Detecting C compiler ABI info
[0.284s] -- Detecting C compiler ABI info - done
[0.293s] -- Check for working C compiler: /usr/bin/cc - skipped
[0.295s] -- Detecting C compile features
[0.296s] -- Detecting C compile features - done
[0.311s] -- Detecting CXX compiler ABI info
[0.415s] -- Detecting CXX compiler ABI info - done
[0.422s] -- Check for working CXX compiler: /usr/bin/c++ - skipped
[0.422s] -- Detecting CXX compile features
[0.423s] -- Detecting CXX compile features - done
[0.433s] -- Found ament_cmake: 2.5.4 (/opt/ros/jazzy/share/ament_cmake/cmake)
[0.555s] -- Found Python3: /usr/bin/python3 (found version "3.12.3") found components: Interpreter 
[0.661s] -- Found rclcpp: 28.1.13 (/opt/ros/jazzy/share/rclcpp/cmake)
[0.707s] -- Found rosidl_generator_c: 4.6.6 (/opt/ros/jazzy/share/rosidl_generator_c/cmake)
[0.721s] -- Found rosidl_generator_cpp: 4.6.6 (/opt/ros/jazzy/share/rosidl_generator_cpp/cmake)
[0.737s] -- Using all available rosidl_typesupport_c: rosidl_typesupport_fastrtps_c;rosidl_typesupport_introspection_c
[0.754s] -- Using all available rosidl_typesupport_cpp: rosidl_typesupport_fastrtps_cpp;rosidl_typesupport_introspection_cpp
[0.825s] -- Found rmw_implementation_cmake: 7.3.2 (/opt/ros/jazzy/share/rmw_implementation_cmake/cmake)
[0.828s] -- Found rmw_fastrtps_cpp: 8.4.3 (/opt/ros/jazzy/share/rmw_fastrtps_cpp/cmake)
[0.929s] -- Found OpenSSL: /usr/lib/x86_64-linux-gnu/libcrypto.so (found version "3.0.13")  
[0.958s] -- Found FastRTPS: /opt/ros/jazzy/include (Required is at least version "2.13") 
[0.982s] -- Using RMW implementation 'rmw_fastrtps_cpp' as default
[1.054s] -- Found tf2_ros: 0.36.16 (/opt/ros/jazzy/share/tf2_ros/cmake)
[1.204s] -- Found ament_lint_auto: 0.17.3 (/opt/ros/jazzy/share/ament_lint_auto/cmake)
[1.297s] -- Added test 'copyright' to check source files copyright and LICENSE
[1.298s] -- Added test 'cppcheck' to perform static code analysis on C / C++ code
[1.299s] -- Configured cppcheck include dirs: 
[1.299s] -- Configured cppcheck exclude dirs and/or files: 
[1.300s] -- Added test 'cpplint' to check C / C++ code against the Google style
[1.300s] -- Configured cpplint exclude dirs and/or files: 
[1.301s] -- Added test 'lint_cmake' to check CMake code style
[1.304s] -- Added test 'uncrustify' to check C / C++ code style
[1.304s] -- Configured uncrustify additional arguments: 
[1.304s] -- Added test 'xmllint' to check XML markup files
[1.306s] -- Configuring done (1.3s)
[1.314s] -- Generating done (0.0s)
[1.317s] -- Build files have been written to: /home/harish-k/ROS2 Assignment/Assignment 10/build/ros2_tf2
[1.325s] Invoked command in '/home/harish-k/ROS2 Assignment/Assignment 10/build/ros2_tf2' returned '0': CMAKE_PREFIX_PATH=${CMAKE_PREFIX_PATH}:/opt/ros/jazzy DEBUGINFOD_URLS=https://debuginfod.ubuntu.com /usr/bin/cmake /home/harish-k/ROS2 Assignment/Assignment 10/assignment-ros2-tf2-transforms-rkhm2004 -DCMAKE_INSTALL_PREFIX=/home/harish-k/ROS2 Assignment/Assignment 10/install/ros2_tf2
[1.326s] Invoking command in '/home/harish-k/ROS2 Assignment/Assignment 10/build/ros2_tf2': CMAKE_PREFIX_PATH=${CMAKE_PREFIX_PATH}:/opt/ros/jazzy DEBUGINFOD_URLS=https://debuginfod.ubuntu.com /usr/bin/cmake --build /home/harish-k/ROS2 Assignment/Assignment 10/build/ros2_tf2 -- -j12 -l12
[1.382s] [ 50%] [32mBuilding CXX object CMakeFiles/tf_broadcaster.dir/src/tf_broadcaster.cpp.o[0m
[4.186s] [100%] [32m[1mLinking CXX executable tf_broadcaster[0m
[4.361s] [100%] Built target tf_broadcaster
[4.375s] Invoked command in '/home/harish-k/ROS2 Assignment/Assignment 10/build/ros2_tf2' returned '0': CMAKE_PREFIX_PATH=${CMAKE_PREFIX_PATH}:/opt/ros/jazzy DEBUGINFOD_URLS=https://debuginfod.ubuntu.com /usr/bin/cmake --build /home/harish-k/ROS2 Assignment/Assignment 10/build/ros2_tf2 -- -j12 -l12
[4.388s] Invoking command in '/home/harish-k/ROS2 Assignment/Assignment 10/build/ros2_tf2': CMAKE_PREFIX_PATH=${CMAKE_PREFIX_PATH}:/opt/ros/jazzy DEBUGINFOD_URLS=https://debuginfod.ubuntu.com /usr/bin/cmake --install /home/harish-k/ROS2 Assignment/Assignment 10/build/ros2_tf2
[4.397s] -- Install configuration: ""
[4.397s] -- Installing: /home/harish-k/ROS2 Assignment/Assignment 10/install/ros2_tf2/lib/ros2_tf2/tf_broadcaster
[4.398s] -- Set non-toolchain portion of runtime path of "/home/harish-k/ROS2 Assignment/Assignment 10/install/ros2_tf2/lib/ros2_tf2/tf_broadcaster" to ""
[4.398s] -- Installing: /home/harish-k/ROS2 Assignment/Assignment 10/install/ros2_tf2/share/ament_index/resource_index/package_run_dependencies/ros2_tf2
[4.398s] -- Installing: /home/harish-k/ROS2 Assignment/Assignment 10/install/ros2_tf2/share/ament_index/resource_index/parent_prefix_path/ros2_tf2
[4.398s] -- Installing: /home/harish-k/ROS2 Assignment/Assignment 10/install/ros2_tf2/share/ros2_tf2/environment/ament_prefix_path.sh
[4.398s] -- Installing: /home/harish-k/ROS2 Assignment/Assignment 10/install/ros2_tf2/share/ros2_tf2/environment/ament_prefix_path.dsv
[4.398s] -- Installing: /home/harish-k/ROS2 Assignment/Assignment 10/install/ros2_tf2/share/ros2_tf2/environment/path.sh
[4.398s] -- Installing: /home/harish-k/ROS2 Assignment/Assignment 10/install/ros2_tf2/share/ros2_tf2/environment/path.dsv
[4.398s] -- Installing: /home/harish-k/ROS2 Assignment/Assignment 10/install/ros2_tf2/share/ros2_tf2/local_setup.bash
[4.398s] -- Installing: /home/harish-k/ROS2 Assignment/Assignment 10/install/ros2_tf2/share/ros2_tf2/local_setup.sh
[4.399s] -- Installing: /home/harish-k/ROS2 Assignment/Assignment 10/install/ros2_tf2/share/ros2_tf2/local_setup.zsh
[4.399s] -- Installing: /home/harish-k/ROS2 Assignment/Assignment 10/install/ros2_tf2/share/ros2_tf2/local_setup.dsv
[4.399s] -- Installing: /home/harish-k/ROS2 Assignment/Assignment 10/install/ros2_tf2/share/ros2_tf2/package.dsv
[4.399s] -- Installing: /home/harish-k/ROS2 Assignment/Assignment 10/install/ros2_tf2/share/ament_index/resource_index/packages/ros2_tf2
[4.399s] -- Installing: /home/harish-k/ROS2 Assignment/Assignment 10/install/ros2_tf2/share/ros2_tf2/cmake/ros2_tf2Config.cmake
[4.399s] -- Installing: /home/harish-k/ROS2 Assignment/Assignment 10/install/ros2_tf2/share/ros2_tf2/cmake/ros2_tf2Config-version.cmake
[4.399s] -- Installing: /home/harish-k/ROS2 Assignment/Assignment 10/install/ros2_tf2/share/ros2_tf2/package.xml
[4.400s] Invoked command in '/home/harish-k/ROS2 Assignment/Assignment 10/build/ros2_tf2' returned '0': CMAKE_PREFIX_PATH=${CMAKE_PREFIX_PATH}:/opt/ros/jazzy DEBUGINFOD_URLS=https://debuginfod.ubuntu.com /usr/bin/cmake --install /home/harish-k/ROS2 Assignment/Assignment 10/build/ros2_tf2
