[0.068s] DEBUG:colcon:Command line arguments: ['/usr/bin/colcon', 'build', '--packages-select', 'ros2_tf2']
[0.069s] DEBUG:colcon:Parsed command line arguments: Namespace(log_base=None, log_level=None, verb_name='build', build_base='build', install_base='install', merge_install=False, symlink_install=False, test_result_base=None, continue_on_error=False, executor='parallel', parallel_workers=12, event_handlers=None, ignore_user_meta=False, metas=['./colcon.meta'], base_paths=['.'], packages_ignore=None, packages_ignore_regex=None, paths=None, packages_up_to=None, packages_up_to_regex=None, packages_above=None, packages_above_and_dependencies=None, packages_above_depth=None, packages_select_by_dep=None, packages_skip_by_dep=None, packages_skip_up_to=None, packages_select_build_failed=False, packages_skip_build_finished=False, packages_select_test_failures=False, packages_skip_test_passed=False, packages_select=['ros2_tf2'], packages_skip=None, packages_select_regex=None, packages_skip_regex=None, packages_start=None, packages_end=None, allow_overriding=[], cmake_args=None, cmake_target=None, cmake_target_skip_unavailable=False, cmake_clean_cache=False, cmake_clean_first=False, cmake_force_configure=False, ament_cmake_args=None, catkin_cmake_args=None, catkin_skip_building_tests=False, verb_parser=<colcon_defaults.argument_parser.defaults.DefaultArgumentsDecorator object at 0x77d263081580>, verb_extension=<colcon_core.verb.build.BuildVerb object at 0x77d263081400>, main=<bound method BuildVerb.main of <colcon_core.verb.build.BuildVerb object at 0x77d263081400>>)
[0.094s] Level 1:colcon.colcon_core.package_discovery:discover_packages(colcon_meta) check parameters
[0.094s] Level 1:colcon.colcon_core.package_discovery:discover_packages(recursive) check parameters
[0.094s] Level 1:colcon.colcon_core.package_discovery:discover_packages(ignore) check parameters
[0.094s] Level 1:colcon.colcon_core.package_discovery:discover_packages(path) check parameters
[0.094s] Level 1:colcon.colcon_core.package_discovery:discover_packages(colcon_meta) discover
[0.094s] Level 1:colcon.colcon_core.package_discovery:discover_packages(recursive) discover
[0.094s] INFO:colcon.colcon_core.package_discovery:Crawling recursively for packages in '/home/harish-k/ROS2 Assignment/Assignment 10'
[0.094s] Level 1:colcon.colcon_core.package_identification:_identify(.) by extensions ['ignore', 'ignore_ament_install']
[0.094s] Level 1:colcon.colcon_core.package_identification:_identify(.) by extension 'ignore'
[0.094s] Level 1:colcon.colcon_core.package_identification:_identify(.) by extension 'ignore_ament_install'
[0.094s] Level 1:colcon.colcon_core.package_identification:_identify(.) by extensions ['colcon_pkg']
[0.094s] Level 1:colcon.colcon_core.package_identification:_identify(.) by extension 'colcon_pkg'
[0.095s] Level 1:colcon.colcon_core.package_identification:_identify(.) by extensions ['colcon_meta']
[0.095s] Level 1:colcon.colcon_core.package_identification:_identify(.) by extension 'colcon_meta'
[0.095s] Level 1:colcon.colcon_core.package_identification:_identify(.) by extensions ['ros']
[0.095s] Level 1:colcon.colcon_core.package_identification:_identify(.) by extension 'ros'
[0.113s] Level 1:colcon.colcon_core.package_identification:_identify(.) by extensions ['cmake', 'python']
[0.113s] Level 1:colcon.colcon_core.package_identification:_identify(.) by extension 'cmake'
[0.113s] Level 1:colcon.colcon_core.package_identification:_identify(.) by extension 'python'
[0.113s] Level 1:colcon.colcon_core.package_identification:_identify(.) by extensions ['python_setup_py']
[0.113s] Level 1:colcon.colcon_core.package_identification:_identify(.) by extension 'python_setup_py'
[0.113s] Level 1:colcon.colcon_core.package_identification:_identify(assignment-ros2-tf2-transforms-rkhm2004) by extensions ['ignore', 'ignore_ament_install']
[0.113s] Level 1:colcon.colcon_core.package_identification:_identify(assignment-ros2-tf2-transforms-rkhm2004) by extension 'ignore'
[0.113s] Level 1:colcon.colcon_core.package_identification:_identify(assignment-ros2-tf2-transforms-rkhm2004) by extension 'ignore_ament_install'
[0.113s] Level 1:colcon.colcon_core.package_identification:_identify(assignment-ros2-tf2-transforms-rkhm2004) by extensions ['colcon_pkg']
[0.113s] Level 1:colcon.colcon_core.package_identification:_identify(assignment-ros2-tf2-transforms-rkhm2004) by extension 'colcon_pkg'
[0.113s] Level 1:colcon.colcon_core.package_identification:_identify(assignment-ros2-tf2-transforms-rkhm2004) by extensions ['colcon_meta']
[0.113s] Level 1:colcon.colcon_core.package_identification:_identify(assignment-ros2-tf2-transforms-rkhm2004) by extension 'colcon_meta'
[0.113s] Level 1:colcon.colcon_core.package_identification:_identify(assignment-ros2-tf2-transforms-rkhm2004) by extensions ['ros']
[0.113s] Level 1:colcon.colcon_core.package_identification:_identify(assignment-ros2-tf2-transforms-rkhm2004) by extension 'ros'
[0.115s] DEBUG:colcon.colcon_core.package_identification:Package 'assignment-ros2-tf2-transforms-rkhm2004' with type 'ros.ament_cmake' and name 'ros2_tf2'
[0.115s] Level 1:colcon.colcon_core.package_identification:_identify(build) by extensions ['ignore', 'ignore_ament_install']
[0.115s] Level 1:colcon.colcon_core.package_identification:_identify(build) by extension 'ignore'
[0.115s] Level 1:colcon.colcon_core.package_identification:_identify(build) ignored
[0.116s] Level 1:colcon.colcon_core.package_identification:_identify(install) by extensions ['ignore', 'ignore_ament_install']
[0.116s] Level 1:colcon.colcon_core.package_identification:_identify(install) by extension 'ignore'
[0.116s] Level 1:colcon.colcon_core.package_identification:_identify(install) ignored
[0.116s] Level 1:colcon.colcon_core.package_identification:_identify(log) by extensions ['ignore', 'ignore_ament_install']
[0.116s] Level 1:colcon.colcon_core.package_identification:_identify(log) by extension 'ignore'
[0.116s] Level 1:colcon.colcon_core.package_identification:_identify(log) ignored
[0.116s] Level 1:colcon.colcon_core.package_discovery:discover_packages(recursive) using defaults
[0.116s] Level 1:colcon.colcon_core.package_discovery:discover_packages(ignore) discover
[0.116s] Level 1:colcon.colcon_core.package_discovery:discover_packages(ignore) using defaults
[0.116s] Level 1:colcon.colcon_core.package_discovery:discover_packages(path) discover
[0.116s] Level 1:colcon.colcon_core.package_discovery:discover_packages(path) using defaults
[0.128s] Level 1:colcon.colcon_core.package_discovery:discover_packages(prefix_path) check parameters
[0.128s] Level 1:colcon.colcon_core.package_discovery:discover_packages(prefix_path) discover
[0.129s] DEBUG:colcon.colcon_installed_package_information.package_discovery:Found 320 installed packages in /opt/ros/jazzy
[0.130s] Level 1:colcon.colcon_core.package_discovery:discover_packages(prefix_path) using defaults
[0.155s] Level 5:colcon.colcon_core.verb:set package 'ros2_tf2' build argument 'cmake_args' from command line to 'None'
[0.155s] Level 5:colcon.colcon_core.verb:set package 'ros2_tf2' build argument 'cmake_target' from command line to 'None'
[0.155s] Level 5:colcon.colcon_core.verb:set package 'ros2_tf2' build argument 'cmake_target_skip_unavailable' from command line to 'False'
[0.155s] Level 5:colcon.colcon_core.verb:set package 'ros2_tf2' build argument 'cmake_clean_cache' from command line to 'False'
[0.155s] Level 5:colcon.colcon_core.verb:set package 'ros2_tf2' build argument 'cmake_clean_first' from command line to 'False'
[0.155s] Level 5:colcon.colcon_core.verb:set package 'ros2_tf2' build argument 'cmake_force_configure' from command line to 'False'
[0.155s] Level 5:colcon.colcon_core.verb:set package 'ros2_tf2' build argument 'ament_cmake_args' from command line to 'None'
[0.155s] Level 5:colcon.colcon_core.verb:set package 'ros2_tf2' build argument 'catkin_cmake_args' from command line to 'None'
[0.155s] Level 5:colcon.colcon_core.verb:set package 'ros2_tf2' build argument 'catkin_skip_building_tests' from command line to 'False'
[0.155s] DEBUG:colcon.colcon_core.verb:Building package 'ros2_tf2' with the following arguments: {'ament_cmake_args': None, 'build_base': '/home/harish-k/ROS2 Assignment/Assignment 10/build/ros2_tf2', 'catkin_cmake_args': None, 'catkin_skip_building_tests': False, 'cmake_args': None, 'cmake_clean_cache': False, 'cmake_clean_first': False, 'cmake_force_configure': False, 'cmake_target': None, 'cmake_target_skip_unavailable': False, 'install_base': '/home/harish-k/ROS2 Assignment/Assignment 10/install/ros2_tf2', 'merge_install': False, 'path': '/home/harish-k/ROS2 Assignment/Assignment 10/assignment-ros2-tf2-transforms-rkhm2004', 'symlink_install': False, 'test_result_base': None}
[0.155s] INFO:colcon.colcon_core.executor:Executing jobs using 'parallel' executor
[0.156s] DEBUG:colcon.colcon_parallel_executor.executor.parallel:run_until_complete
[0.156s] INFO:colcon.colcon_ros.task.ament_cmake.build:Building ROS package in '/home/harish-k/ROS2 Assignment/Assignment 10/assignment-ros2-tf2-transforms-rkhm2004' with build type 'ament_cmake'
[0.157s] INFO:colcon.colcon_cmake.task.cmake.build:Building CMake package in '/home/harish-k/ROS2 Assignment/Assignment 10/assignment-ros2-tf2-transforms-rkhm2004'
[0.158s] INFO:colcon.colcon_core.plugin_system:Skipping extension 'colcon_core.shell.bat': Not used on non-Windows systems
[0.158s] INFO:colcon.colcon_core.shell:Skip shell extension 'powershell' for command environment: Not usable outside of PowerShell
[0.158s] DEBUG:colcon.colcon_core.shell:Skip shell extension 'dsv' for command environment
[0.165s] DEBUG:colcon.colcon_core.event_handler.log_command:Invoking command in '/home/harish-k/ROS2 Assignment/Assignment 10/build/ros2_tf2': CMAKE_PREFIX_PATH=${CMAKE_PREFIX_PATH}:/opt/ros/jazzy DEBUGINFOD_URLS=https://debuginfod.ubuntu.com /usr/bin/cmake --build /home/harish-k/ROS2 Assignment/Assignment 10/build/ros2_tf2 -- -j12 -l12
[0.254s] DEBUG:colcon.colcon_core.event_handler.log_command:Invoked command in '/home/harish-k/ROS2 Assignment/Assignment 10/build/ros2_tf2' returned '0': CMAKE_PREFIX_PATH=${CMAKE_PREFIX_PATH}:/opt/ros/jazzy DEBUGINFOD_URLS=https://debuginfod.ubuntu.com /usr/bin/cmake --build /home/harish-k/ROS2 Assignment/Assignment 10/build/ros2_tf2 -- -j12 -l12
[0.268s] DEBUG:colcon.colcon_core.event_handler.log_command:Invoking command in '/home/harish-k/ROS2 Assignment/Assignment 10/build/ros2_tf2': CMAKE_PREFIX_PATH=${CMAKE_PREFIX_PATH}:/opt/ros/jazzy DEBUGINFOD_URLS=https://debuginfod.ubuntu.com /usr/bin/cmake --install /home/harish-k/ROS2 Assignment/Assignment 10/build/ros2_tf2
[0.281s] Level 1:colcon.colcon_core.environment:create_environment_scripts_only(ros2_tf2)
[0.282s] DEBUG:colcon.colcon_core.event_handler.log_command:Invoked command in '/home/harish-k/ROS2 Assignment/Assignment 10/build/ros2_tf2' returned '0': CMAKE_PREFIX_PATH=${CMAKE_PREFIX_PATH}:/opt/ros/jazzy DEBUGINFOD_URLS=https://debuginfod.ubuntu.com /usr/bin/cmake --install /home/harish-k/ROS2 Assignment/Assignment 10/build/ros2_tf2
[0.284s] Level 1:colcon.colcon_core.environment:checking '/home/harish-k/ROS2 Assignment/Assignment 10/install/ros2_tf2' for CMake module files
[0.284s] Level 1:colcon.colcon_core.environment:checking '/home/harish-k/ROS2 Assignment/Assignment 10/install/ros2_tf2' for CMake config files
[0.284s] Level 1:colcon.colcon_core.shell:create_environment_hook('ros2_tf2', 'cmake_prefix_path')
[0.285s] INFO:colcon.colcon_core.shell:Creating environment hook '/home/harish-k/ROS2 Assignment/Assignment 10/install/ros2_tf2/share/ros2_tf2/hook/cmake_prefix_path.ps1'
[0.285s] INFO:colcon.colcon_core.shell:Creating environment descriptor '/home/harish-k/ROS2 Assignment/Assignment 10/install/ros2_tf2/share/ros2_tf2/hook/cmake_prefix_path.dsv'
[0.286s] INFO:colcon.colcon_core.shell:Creating environment hook '/home/harish-k/ROS2 Assignment/Assignment 10/install/ros2_tf2/share/ros2_tf2/hook/cmake_prefix_path.sh'
[0.287s] Level 1:colcon.colcon_core.environment:checking '/home/harish-k/ROS2 Assignment/Assignment 10/install/ros2_tf2/lib'
[0.287s] Level 1:colcon.colcon_core.environment:checking '/home/harish-k/ROS2 Assignment/Assignment 10/install/ros2_tf2/bin'
[0.287s] Level 1:colcon.colcon_core.environment:checking '/home/harish-k/ROS2 Assignment/Assignment 10/install/ros2_tf2/lib/pkgconfig/ros2_tf2.pc'
[0.287s] Level 1:colcon.colcon_core.environment:checking '/home/harish-k/ROS2 Assignment/Assignment 10/install/ros2_tf2/lib/python3.12/site-packages'
[0.288s] Level 1:colcon.colcon_core.environment:checking '/home/harish-k/ROS2 Assignment/Assignment 10/install/ros2_tf2/bin'
[0.288s] INFO:colcon.colcon_core.shell:Creating package script '/home/harish-k/ROS2 Assignment/Assignment 10/install/ros2_tf2/share/ros2_tf2/package.ps1'
[0.289s] INFO:colcon.colcon_core.shell:Creating package descriptor '/home/harish-k/ROS2 Assignment/Assignment 10/install/ros2_tf2/share/ros2_tf2/package.dsv'
[0.289s] INFO:colcon.colcon_core.shell:Creating package script '/home/harish-k/ROS2 Assignment/Assignment 10/install/ros2_tf2/share/ros2_tf2/package.sh'
[0.290s] INFO:colcon.colcon_core.shell:Creating package script '/home/harish-k/ROS2 Assignment/Assignment 10/install/ros2_tf2/share/ros2_tf2/package.bash'
[0.291s] INFO:colcon.colcon_core.shell:Creating package script '/home/harish-k/ROS2 Assignment/Assignment 10/install/ros2_tf2/share/ros2_tf2/package.zsh'
[0.291s] Level 1:colcon.colcon_core.environment:create_file_with_runtime_dependencies(/home/harish-k/ROS2 Assignment/Assignment 10/install/ros2_tf2/share/colcon-core/packages/ros2_tf2)
[0.292s] Level 1:colcon.colcon_core.environment:create_environment_scripts_only(ros2_tf2)
[0.292s] Level 1:colcon.colcon_core.environment:checking '/home/harish-k/ROS2 Assignment/Assignment 10/install/ros2_tf2' for CMake module files
[0.293s] Level 1:colcon.colcon_core.environment:checking '/home/harish-k/ROS2 Assignment/Assignment 10/install/ros2_tf2' for CMake config files
[0.293s] Level 1:colcon.colcon_core.shell:create_environment_hook('ros2_tf2', 'cmake_prefix_path')
[0.293s] INFO:colcon.colcon_core.shell:Creating environment hook '/home/harish-k/ROS2 Assignment/Assignment 10/install/ros2_tf2/share/ros2_tf2/hook/cmake_prefix_path.ps1'
[0.293s] INFO:colcon.colcon_core.shell:Creating environment descriptor '/home/harish-k/ROS2 Assignment/Assignment 10/install/ros2_tf2/share/ros2_tf2/hook/cmake_prefix_path.dsv'
[0.294s] INFO:colcon.colcon_core.shell:Creating environment hook '/home/harish-k/ROS2 Assignment/Assignment 10/install/ros2_tf2/share/ros2_tf2/hook/cmake_prefix_path.sh'
[0.294s] Level 1:colcon.colcon_core.environment:checking '/home/harish-k/ROS2 Assignment/Assignment 10/install/ros2_tf2/lib'
[0.294s] Level 1:colcon.colcon_core.environment:checking '/home/harish-k/ROS2 Assignment/Assignment 10/install/ros2_tf2/bin'
[0.294s] Level 1:colcon.colcon_core.environment:checking '/home/harish-k/ROS2 Assignment/Assignment 10/install/ros2_tf2/lib/pkgconfig/ros2_tf2.pc'
[0.294s] Level 1:colcon.colcon_core.environment:checking '/home/harish-k/ROS2 Assignment/Assignment 10/install/ros2_tf2/lib/python3.12/site-packages'
[0.295s] Level 1:colcon.colcon_core.environment:checking '/home/harish-k/ROS2 Assignment/Assignment 10/install/ros2_tf2/bin'
[0.295s] INFO:colcon.colcon_core.shell:Creating package script '/home/harish-k/ROS2 Assignment/Assignment 10/install/ros2_tf2/share/ros2_tf2/package.ps1'
[0.295s] INFO:colcon.colcon_core.shell:Creating package descriptor '/home/harish-k/ROS2 Assignment/Assignment 10/install/ros2_tf2/share/ros2_tf2/package.dsv'
[0.295s] INFO:colcon.colcon_core.shell:Creating package script '/home/harish-k/ROS2 Assignment/Assignment 10/install/ros2_tf2/share/ros2_tf2/package.sh'
[0.296s] INFO:colcon.colcon_core.shell:Creating package script '/home/harish-k/ROS2 Assignment/Assignment 10/install/ros2_tf2/share/ros2_tf2/package.bash'
[0.296s] INFO:colcon.colcon_core.shell:Creating package script '/home/harish-k/ROS2 Assignment/Assignment 10/install/ros2_tf2/share/ros2_tf2/package.zsh'
[0.296s] Level 1:colcon.colcon_core.environment:create_file_with_runtime_dependencies(/home/harish-k/ROS2 Assignment/Assignment 10/install/ros2_tf2/share/colcon-core/packages/ros2_tf2)
[0.296s] DEBUG:colcon.colcon_parallel_executor.executor.parallel:closing loop
[0.297s] DEBUG:colcon.colcon_parallel_executor.executor.parallel:loop closed
[0.297s] DEBUG:colcon.colcon_parallel_executor.executor.parallel:run_until_complete finished with '0'
[0.297s] DEBUG:colcon.colcon_core.event_reactor:joining thread
[0.301s] INFO:colcon.colcon_core.plugin_system:Skipping extension 'colcon_notification.desktop_notification.terminal_notifier': Not used on non-Darwin systems
[0.301s] INFO:colcon.colcon_core.plugin_system:Skipping extension 'colcon_notification.desktop_notification.win32': Not used on non-Windows systems
[0.301s] INFO:colcon.colcon_notification.desktop_notification:Sending desktop notification using 'notify2'
[0.319s] DEBUG:colcon.colcon_core.event_reactor:joined thread
[0.320s] INFO:colcon.colcon_core.shell:Creating prefix script '/home/harish-k/ROS2 Assignment/Assignment 10/install/local_setup.ps1'
[0.320s] INFO:colcon.colcon_core.shell:Creating prefix util module '/home/harish-k/ROS2 Assignment/Assignment 10/install/_local_setup_util_ps1.py'
[0.322s] INFO:colcon.colcon_core.shell:Creating prefix chain script '/home/harish-k/ROS2 Assignment/Assignment 10/install/setup.ps1'
[0.323s] INFO:colcon.colcon_core.shell:Creating prefix script '/home/harish-k/ROS2 Assignment/Assignment 10/install/local_setup.sh'
[0.324s] INFO:colcon.colcon_core.shell:Creating prefix util module '/home/harish-k/ROS2 Assignment/Assignment 10/install/_local_setup_util_sh.py'
[0.324s] INFO:colcon.colcon_core.shell:Creating prefix chain script '/home/harish-k/ROS2 Assignment/Assignment 10/install/setup.sh'
[0.325s] INFO:colcon.colcon_core.shell:Creating prefix script '/home/harish-k/ROS2 Assignment/Assignment 10/install/local_setup.bash'
[0.325s] INFO:colcon.colcon_core.shell:Creating prefix chain script '/home/harish-k/ROS2 Assignment/Assignment 10/install/setup.bash'
[0.326s] INFO:colcon.colcon_core.shell:Creating prefix script '/home/harish-k/ROS2 Assignment/Assignment 10/install/local_setup.zsh'
[0.326s] INFO:colcon.colcon_core.shell:Creating prefix chain script '/home/harish-k/ROS2 Assignment/Assignment 10/install/setup.zsh'
