[0.018s] Invoking command in '/home/harish-k/ROS2 Assignment/Assignment 6/build/ros2_parameters': CMAKE_PREFIX_PATH=${CMAKE_PREFIX_PATH}:/opt/ros/jazzy DEBUGINFOD_URLS=https://debuginfod.ubuntu.com /usr/bin/cmake /home/harish-k/ROS2 Assignment/Assignment 6/ros2-assignment-ros2-c-parameters-rkhm2004 -DCMAKE_INSTALL_PREFIX=/home/harish-k/ROS2 Assignment/Assignment 6/install/ros2_parameters
[0.147s] -- The C compiler identification is GNU 13.3.0
[0.257s] -- The CXX compiler identification is GNU 13.3.0
[0.288s] -- Detecting C compiler ABI info
[0.428s] -- Detecting C compiler ABI info - done
[0.442s] -- Check for working C compiler: /usr/bin/cc - skipped
[0.444s] -- Detecting C compile features
[0.445s] -- Detecting C compile features - done
[0.462s] -- Detecting CXX compiler ABI info
[0.608s] -- Detecting CXX compiler ABI info - done
[0.623s] -- Check for working CXX compiler: /usr/bin/c++ - skipped
[0.624s] -- Detecting CXX compile features
[0.625s] -- Detecting CXX compile features - done
[0.644s] -- Found ament_cmake: 2.5.4 (/opt/ros/jazzy/share/ament_cmake/cmake)
[0.875s] -- Found Python3: /usr/bin/python3 (found version "3.12.3") found components: Interpreter 
[1.079s] -- Found rclcpp: 28.1.13 (/opt/ros/jazzy/share/rclcpp/cmake)
[1.182s] -- Found rosidl_generator_c: 4.6.6 (/opt/ros/jazzy/share/rosidl_generator_c/cmake)
[1.208s] -- Found rosidl_generator_cpp: 4.6.6 (/opt/ros/jazzy/share/rosidl_generator_cpp/cmake)
[1.242s] -- Using all available rosidl_typesupport_c: rosidl_typesupport_fastrtps_c;rosidl_typesupport_introspection_c
[1.277s] -- Using all available rosidl_typesupport_cpp: rosidl_typesupport_fastrtps_cpp;rosidl_typesupport_introspection_cpp
[1.421s] -- Found rmw_implementation_cmake: 7.3.2 (/opt/ros/jazzy/share/rmw_implementation_cmake/cmake)
[1.428s] -- Found rmw_fastrtps_cpp: 8.4.3 (/opt/ros/jazzy/share/rmw_fastrtps_cpp/cmake)
[1.580s] -- Found OpenSSL: /usr/lib/x86_64-linux-gnu/libcrypto.so (found version "3.0.13")  
[1.617s] -- Found FastRTPS: /opt/ros/jazzy/include (Required is at least version "2.13") 
[1.656s] -- Using RMW implementation 'rmw_fastrtps_cpp' as default
[1.801s] -- Found ament_lint_auto: 0.17.3 (/opt/ros/jazzy/share/ament_lint_auto/cmake)
[1.986s] -- Added test 'copyright' to check source files copyright and LICENSE
[1.992s] -- Added test 'cppcheck' to perform static code analysis on C / C++ code
[1.992s] -- Configured cppcheck include dirs: 
[1.992s] -- Configured cppcheck exclude dirs and/or files: 
[1.996s] -- Added test 'cpplint' to check C / C++ code against the Google style
[1.997s] -- Configured cpplint exclude dirs and/or files: 
[1.999s] -- Added test 'lint_cmake' to check CMake code style
[2.004s] -- Added test 'uncrustify' to check C / C++ code style
[2.005s] -- Configured uncrustify additional arguments: 
[2.007s] -- Added test 'xmllint' to check XML markup files
[2.010s] -- Configuring done (2.0s)
[2.020s] -- Generating done (0.0s)
[2.024s] -- Build files have been written to: /home/harish-k/ROS2 Assignment/Assignment 6/build/ros2_parameters
[2.035s] Invoked command in '/home/harish-k/ROS2 Assignment/Assignment 6/build/ros2_parameters' returned '0': CMAKE_PREFIX_PATH=${CMAKE_PREFIX_PATH}:/opt/ros/jazzy DEBUGINFOD_URLS=https://debuginfod.ubuntu.com /usr/bin/cmake /home/harish-k/ROS2 Assignment/Assignment 6/ros2-assignment-ros2-c-parameters-rkhm2004 -DCMAKE_INSTALL_PREFIX=/home/harish-k/ROS2 Assignment/Assignment 6/install/ros2_parameters
[2.037s] Invoking command in '/home/harish-k/ROS2 Assignment/Assignment 6/build/ros2_parameters': CMAKE_PREFIX_PATH=${CMAKE_PREFIX_PATH}:/opt/ros/jazzy DEBUGINFOD_URLS=https://debuginfod.ubuntu.com /usr/bin/cmake --build /home/harish-k/ROS2 Assignment/Assignment 6/build/ros2_parameters -- -j12 -l12
[2.117s] [ 50%] [32mBuilding CXX object CMakeFiles/param_node.dir/src/param_node.cpp.o[0m
[5.856s] [100%] [32m[1mLinking CXX executable param_node[0m
[6.113s] [100%] Built target param_node
[6.131s] Invoked command in '/home/harish-k/ROS2 Assignment/Assignment 6/build/ros2_parameters' returned '0': CMAKE_PREFIX_PATH=${CMAKE_PREFIX_PATH}:/opt/ros/jazzy DEBUGINFOD_URLS=https://debuginfod.ubuntu.com /usr/bin/cmake --build /home/harish-k/ROS2 Assignment/Assignment 6/build/ros2_parameters -- -j12 -l12
[6.149s] Invoking command in '/home/harish-k/ROS2 Assignment/Assignment 6/build/ros2_parameters': CMAKE_PREFIX_PATH=${CMAKE_PREFIX_PATH}:/opt/ros/jazzy DEBUGINFOD_URLS=https://debuginfod.ubuntu.com /usr/bin/cmake --install /home/harish-k/ROS2 Assignment/Assignment 6/build/ros2_parameters
[6.163s] -- Install configuration: ""
[6.163s] -- Installing: /home/harish-k/ROS2 Assignment/Assignment 6/install/ros2_parameters/lib/ros2_parameters/param_node
[6.163s] -- Set non-toolchain portion of runtime path of "/home/harish-k/ROS2 Assignment/Assignment 6/install/ros2_parameters/lib/ros2_parameters/param_node" to ""
[6.163s] -- Installing: /home/harish-k/ROS2 Assignment/Assignment 6/install/ros2_parameters/share/ament_index/resource_index/package_run_dependencies/ros2_parameters
[6.163s] -- Installing: /home/harish-k/ROS2 Assignment/Assignment 6/install/ros2_parameters/share/ament_index/resource_index/parent_prefix_path/ros2_parameters
[6.163s] -- Installing: /home/harish-k/ROS2 Assignment/Assignment 6/install/ros2_parameters/share/ros2_parameters/environment/ament_prefix_path.sh
[6.164s] -- Installing: /home/harish-k/ROS2 Assignment/Assignment 6/install/ros2_parameters/share/ros2_parameters/environment/ament_prefix_path.dsv
[6.164s] -- Installing: /home/harish-k/ROS2 Assignment/Assignment 6/install/ros2_parameters/share/ros2_parameters/environment/path.sh
[6.164s] -- Installing: /home/harish-k/ROS2 Assignment/Assignment 6/install/ros2_parameters/share/ros2_parameters/environment/path.dsv
[6.164s] -- Installing: /home/harish-k/ROS2 Assignment/Assignment 6/install/ros2_parameters/share/ros2_parameters/local_setup.bash
[6.164s] -- Installing: /home/harish-k/ROS2 Assignment/Assignment 6/install/ros2_parameters/share/ros2_parameters/local_setup.sh
[6.164s] -- Installing: /home/harish-k/ROS2 Assignment/Assignment 6/install/ros2_parameters/share/ros2_parameters/local_setup.zsh
[6.164s] -- Installing: /home/harish-k/ROS2 Assignment/Assignment 6/install/ros2_parameters/share/ros2_parameters/local_setup.dsv
[6.164s] -- Installing: /home/harish-k/ROS2 Assignment/Assignment 6/install/ros2_parameters/share/ros2_parameters/package.dsv
[6.165s] -- Installing: /home/harish-k/ROS2 Assignment/Assignment 6/install/ros2_parameters/share/ament_index/resource_index/packages/ros2_parameters
[6.165s] -- Installing: /home/harish-k/ROS2 Assignment/Assignment 6/install/ros2_parameters/share/ros2_parameters/cmake/ros2_parametersConfig.cmake
[6.165s] -- Installing: /home/harish-k/ROS2 Assignment/Assignment 6/install/ros2_parameters/share/ros2_parameters/cmake/ros2_parametersConfig-version.cmake
[6.165s] -- Installing: /home/harish-k/ROS2 Assignment/Assignment 6/install/ros2_parameters/share/ros2_parameters/package.xml
[6.168s] Invoked command in '/home/harish-k/ROS2 Assignment/Assignment 6/build/ros2_parameters' returned '0': CMAKE_PREFIX_PATH=${CMAKE_PREFIX_PATH}:/opt/ros/jazzy DEBUGINFOD_URLS=https://debuginfod.ubuntu.com /usr/bin/cmake --install /home/harish-k/ROS2 Assignment/Assignment 6/build/ros2_parameters
