[0.313s] DEBUG:colcon:Command line arguments: ['/usr/bin/colcon', 'build', '--packages-select', 'ros2_subscriber']
[0.313s] DEBUG:colcon:Parsed command line arguments: Namespace(log_base=None, log_level=None, verb_name='build', build_base='build', install_base='install', merge_install=False, symlink_install=False, test_result_base=None, continue_on_error=False, executor='parallel', parallel_workers=12, event_handlers=None, ignore_user_meta=False, metas=['./colcon.meta'], base_paths=['.'], packages_ignore=None, packages_ignore_regex=None, paths=None, packages_up_to=None, packages_up_to_regex=None, packages_above=None, packages_above_and_dependencies=None, packages_above_depth=None, packages_select_by_dep=None, packages_skip_by_dep=None, packages_skip_up_to=None, packages_select_build_failed=False, packages_skip_build_finished=False, packages_select_test_failures=False, packages_skip_test_passed=False, packages_select=['ros2_subscriber'], packages_skip=None, packages_select_regex=None, packages_skip_regex=None, packages_start=None, packages_end=None, allow_overriding=[], cmake_args=None, cmake_target=None, cmake_target_skip_unavailable=False, cmake_clean_cache=False, cmake_clean_first=False, cmake_force_configure=False, ament_cmake_args=None, catkin_cmake_args=None, catkin_skip_building_tests=False, verb_parser=<colcon_defaults.argument_parser.defaults.DefaultArgumentsDecorator object at 0x786862285940>, verb_extension=<colcon_core.verb.build.BuildVerb object at 0x7868622855e0>, main=<bound method BuildVerb.main of <colcon_core.verb.build.BuildVerb object at 0x7868622855e0>>)
[0.397s] Level 1:colcon.colcon_core.package_discovery:discover_packages(colcon_meta) check parameters
[0.398s] Level 1:colcon.colcon_core.package_discovery:discover_packages(recursive) check parameters
[0.398s] Level 1:colcon.colcon_core.package_discovery:discover_packages(ignore) check parameters
[0.398s] Level 1:colcon.colcon_core.package_discovery:discover_packages(path) check parameters
[0.398s] Level 1:colcon.colcon_core.package_discovery:discover_packages(colcon_meta) discover
[0.398s] Level 1:colcon.colcon_core.package_discovery:discover_packages(recursive) discover
[0.398s] INFO:colcon.colcon_core.package_discovery:Crawling recursively for packages in '/home/harish-k/ROS2 Assignment/Assgnment 2'
[0.398s] Level 1:colcon.colcon_core.package_identification:_identify(.) by extensions ['ignore', 'ignore_ament_install']
[0.398s] Level 1:colcon.colcon_core.package_identification:_identify(.) by extension 'ignore'
[0.398s] Level 1:colcon.colcon_core.package_identification:_identify(.) by extension 'ignore_ament_install'
[0.398s] Level 1:colcon.colcon_core.package_identification:_identify(.) by extensions ['colcon_pkg']
[0.398s] Level 1:colcon.colcon_core.package_identification:_identify(.) by extension 'colcon_pkg'
[0.398s] Level 1:colcon.colcon_core.package_identification:_identify(.) by extensions ['colcon_meta']
[0.398s] Level 1:colcon.colcon_core.package_identification:_identify(.) by extension 'colcon_meta'
[0.398s] Level 1:colcon.colcon_core.package_identification:_identify(.) by extensions ['ros']
[0.398s] Level 1:colcon.colcon_core.package_identification:_identify(.) by extension 'ros'
[0.433s] Level 1:colcon.colcon_core.package_identification:_identify(.) by extensions ['cmake', 'python']
[0.433s] Level 1:colcon.colcon_core.package_identification:_identify(.) by extension 'cmake'
[0.433s] Level 1:colcon.colcon_core.package_identification:_identify(.) by extension 'python'
[0.433s] Level 1:colcon.colcon_core.package_identification:_identify(.) by extensions ['python_setup_py']
[0.433s] Level 1:colcon.colcon_core.package_identification:_identify(.) by extension 'python_setup_py'
[0.433s] Level 1:colcon.colcon_core.package_identification:_identify(assignment-ros2-c-subscriber-node-rkhm2004) by extensions ['ignore', 'ignore_ament_install']
[0.433s] Level 1:colcon.colcon_core.package_identification:_identify(assignment-ros2-c-subscriber-node-rkhm2004) by extension 'ignore'
[0.433s] Level 1:colcon.colcon_core.package_identification:_identify(assignment-ros2-c-subscriber-node-rkhm2004) by extension 'ignore_ament_install'
[0.434s] Level 1:colcon.colcon_core.package_identification:_identify(assignment-ros2-c-subscriber-node-rkhm2004) by extensions ['colcon_pkg']
[0.434s] Level 1:colcon.colcon_core.package_identification:_identify(assignment-ros2-c-subscriber-node-rkhm2004) by extension 'colcon_pkg'
[0.434s] Level 1:colcon.colcon_core.package_identification:_identify(assignment-ros2-c-subscriber-node-rkhm2004) by extensions ['colcon_meta']
[0.434s] Level 1:colcon.colcon_core.package_identification:_identify(assignment-ros2-c-subscriber-node-rkhm2004) by extension 'colcon_meta'
[0.434s] Level 1:colcon.colcon_core.package_identification:_identify(assignment-ros2-c-subscriber-node-rkhm2004) by extensions ['ros']
[0.434s] Level 1:colcon.colcon_core.package_identification:_identify(assignment-ros2-c-subscriber-node-rkhm2004) by extension 'ros'
[0.438s] DEBUG:colcon.colcon_core.package_identification:Package 'assignment-ros2-c-subscriber-node-rkhm2004' with type 'ros.ament_cmake' and name 'ros2_subscriber'
[0.438s] Level 1:colcon.colcon_core.package_identification:_identify(build) by extensions ['ignore', 'ignore_ament_install']
[0.438s] Level 1:colcon.colcon_core.package_identification:_identify(build) by extension 'ignore'
[0.438s] Level 1:colcon.colcon_core.package_identification:_identify(build) ignored
[0.438s] Level 1:colcon.colcon_core.package_identification:_identify(install) by extensions ['ignore', 'ignore_ament_install']
[0.438s] Level 1:colcon.colcon_core.package_identification:_identify(install) by extension 'ignore'
[0.439s] Level 1:colcon.colcon_core.package_identification:_identify(install) ignored
[0.439s] Level 1:colcon.colcon_core.package_identification:_identify(log) by extensions ['ignore', 'ignore_ament_install']
[0.439s] Level 1:colcon.colcon_core.package_identification:_identify(log) by extension 'ignore'
[0.439s] Level 1:colcon.colcon_core.package_identification:_identify(log) ignored
[0.439s] Level 1:colcon.colcon_core.package_discovery:discover_packages(recursive) using defaults
[0.439s] Level 1:colcon.colcon_core.package_discovery:discover_packages(ignore) discover
[0.439s] Level 1:colcon.colcon_core.package_discovery:discover_packages(ignore) using defaults
[0.439s] Level 1:colcon.colcon_core.package_discovery:discover_packages(path) discover
[0.439s] Level 1:colcon.colcon_core.package_discovery:discover_packages(path) using defaults
[0.466s] Level 1:colcon.colcon_core.package_discovery:discover_packages(prefix_path) check parameters
[0.466s] Level 1:colcon.colcon_core.package_discovery:discover_packages(prefix_path) discover
[0.471s] DEBUG:colcon.colcon_installed_package_information.package_discovery:Found 315 installed packages in /opt/ros/jazzy
[0.472s] Level 1:colcon.colcon_core.package_discovery:discover_packages(prefix_path) using defaults
[0.518s] Level 5:colcon.colcon_core.verb:set package 'ros2_subscriber' build argument 'cmake_args' from command line to 'None'
[0.518s] Level 5:colcon.colcon_core.verb:set package 'ros2_subscriber' build argument 'cmake_target' from command line to 'None'
[0.518s] Level 5:colcon.colcon_core.verb:set package 'ros2_subscriber' build argument 'cmake_target_skip_unavailable' from command line to 'False'
[0.518s] Level 5:colcon.colcon_core.verb:set package 'ros2_subscriber' build argument 'cmake_clean_cache' from command line to 'False'
[0.518s] Level 5:colcon.colcon_core.verb:set package 'ros2_subscriber' build argument 'cmake_clean_first' from command line to 'False'
[0.518s] Level 5:colcon.colcon_core.verb:set package 'ros2_subscriber' build argument 'cmake_force_configure' from command line to 'False'
[0.518s] Level 5:colcon.colcon_core.verb:set package 'ros2_subscriber' build argument 'ament_cmake_args' from command line to 'None'
[0.518s] Level 5:colcon.colcon_core.verb:set package 'ros2_subscriber' build argument 'catkin_cmake_args' from command line to 'None'
[0.518s] Level 5:colcon.colcon_core.verb:set package 'ros2_subscriber' build argument 'catkin_skip_building_tests' from command line to 'False'
[0.518s] DEBUG:colcon.colcon_core.verb:Building package 'ros2_subscriber' with the following arguments: {'ament_cmake_args': None, 'build_base': '/home/harish-k/ROS2 Assignment/Assgnment 2/build/ros2_subscriber', 'catkin_cmake_args': None, 'catkin_skip_building_tests': False, 'cmake_args': None, 'cmake_clean_cache': False, 'cmake_clean_first': False, 'cmake_force_configure': False, 'cmake_target': None, 'cmake_target_skip_unavailable': False, 'install_base': '/home/harish-k/ROS2 Assignment/Assgnment 2/install/ros2_subscriber', 'merge_install': False, 'path': '/home/harish-k/ROS2 Assignment/Assgnment 2/assignment-ros2-c-subscriber-node-rkhm2004', 'symlink_install': False, 'test_result_base': None}
[0.518s] INFO:colcon.colcon_core.executor:Executing jobs using 'parallel' executor
[0.520s] DEBUG:colcon.colcon_parallel_executor.executor.parallel:run_until_complete
[0.520s] INFO:colcon.colcon_ros.task.ament_cmake.build:Building ROS package in '/home/harish-k/ROS2 Assignment/Assgnment 2/assignment-ros2-c-subscriber-node-rkhm2004' with build type 'ament_cmake'
[0.520s] INFO:colcon.colcon_cmake.task.cmake.build:Building CMake package in '/home/harish-k/ROS2 Assignment/Assgnment 2/assignment-ros2-c-subscriber-node-rkhm2004'
[0.526s] INFO:colcon.colcon_core.plugin_system:Skipping extension 'colcon_core.shell.bat': Not used on non-Windows systems
[0.526s] INFO:colcon.colcon_core.shell:Skip shell extension 'powershell' for command environment: Not usable outside of PowerShell
[0.526s] DEBUG:colcon.colcon_core.shell:Skip shell extension 'dsv' for command environment
[0.535s] DEBUG:colcon.colcon_core.event_handler.log_command:Invoking command in '/home/harish-k/ROS2 Assignment/Assgnment 2/build/ros2_subscriber': CMAKE_PREFIX_PATH=${CMAKE_PREFIX_PATH}:/opt/ros/jazzy DEBUGINFOD_URLS=https://debuginfod.ubuntu.com /usr/bin/cmake /home/harish-k/ROS2 Assignment/Assgnment 2/assignment-ros2-c-subscriber-node-rkhm2004 -DCMAKE_INSTALL_PREFIX=/home/harish-k/ROS2 Assignment/Assgnment 2/install/ros2_subscriber
[2.497s] DEBUG:colcon.colcon_core.event_handler.log_command:Invoked command in '/home/harish-k/ROS2 Assignment/Assgnment 2/build/ros2_subscriber' returned '0': CMAKE_PREFIX_PATH=${CMAKE_PREFIX_PATH}:/opt/ros/jazzy DEBUGINFOD_URLS=https://debuginfod.ubuntu.com /usr/bin/cmake /home/harish-k/ROS2 Assignment/Assgnment 2/assignment-ros2-c-subscriber-node-rkhm2004 -DCMAKE_INSTALL_PREFIX=/home/harish-k/ROS2 Assignment/Assgnment 2/install/ros2_subscriber
[2.498s] DEBUG:colcon.colcon_core.event_handler.log_command:Invoking command in '/home/harish-k/ROS2 Assignment/Assgnment 2/build/ros2_subscriber': CMAKE_PREFIX_PATH=${CMAKE_PREFIX_PATH}:/opt/ros/jazzy DEBUGINFOD_URLS=https://debuginfod.ubuntu.com /usr/bin/cmake --build /home/harish-k/ROS2 Assignment/Assgnment 2/build/ros2_subscriber -- -j12 -l12
[11.655s] DEBUG:colcon.colcon_core.event_handler.log_command:Invoked command in '/home/harish-k/ROS2 Assignment/Assgnment 2/build/ros2_subscriber' returned '0': CMAKE_PREFIX_PATH=${CMAKE_PREFIX_PATH}:/opt/ros/jazzy DEBUGINFOD_URLS=https://debuginfod.ubuntu.com /usr/bin/cmake --build /home/harish-k/ROS2 Assignment/Assgnment 2/build/ros2_subscriber -- -j12 -l12
[11.671s] DEBUG:colcon.colcon_core.event_handler.log_command:Invoking command in '/home/harish-k/ROS2 Assignment/Assgnment 2/build/ros2_subscriber': CMAKE_PREFIX_PATH=${CMAKE_PREFIX_PATH}:/opt/ros/jazzy DEBUGINFOD_URLS=https://debuginfod.ubuntu.com /usr/bin/cmake --install /home/harish-k/ROS2 Assignment/Assgnment 2/build/ros2_subscriber
[11.690s] Level 1:colcon.colcon_core.environment:create_environment_scripts_only(ros2_subscriber)
[11.691s] DEBUG:colcon.colcon_core.event_handler.log_command:Invoked command in '/home/harish-k/ROS2 Assignment/Assgnment 2/build/ros2_subscriber' returned '0': CMAKE_PREFIX_PATH=${CMAKE_PREFIX_PATH}:/opt/ros/jazzy DEBUGINFOD_URLS=https://debuginfod.ubuntu.com /usr/bin/cmake --install /home/harish-k/ROS2 Assignment/Assgnment 2/build/ros2_subscriber
[11.698s] Level 1:colcon.colcon_core.environment:checking '/home/harish-k/ROS2 Assignment/Assgnment 2/install/ros2_subscriber' for CMake module files
[11.699s] Level 1:colcon.colcon_core.environment:checking '/home/harish-k/ROS2 Assignment/Assgnment 2/install/ros2_subscriber' for CMake config files
[11.700s] Level 1:colcon.colcon_core.shell:create_environment_hook('ros2_subscriber', 'cmake_prefix_path')
[11.700s] INFO:colcon.colcon_core.shell:Creating environment hook '/home/harish-k/ROS2 Assignment/Assgnment 2/install/ros2_subscriber/share/ros2_subscriber/hook/cmake_prefix_path.ps1'
[11.702s] INFO:colcon.colcon_core.shell:Creating environment descriptor '/home/harish-k/ROS2 Assignment/Assgnment 2/install/ros2_subscriber/share/ros2_subscriber/hook/cmake_prefix_path.dsv'
[11.703s] INFO:colcon.colcon_core.shell:Creating environment hook '/home/harish-k/ROS2 Assignment/Assgnment 2/install/ros2_subscriber/share/ros2_subscriber/hook/cmake_prefix_path.sh'
[11.705s] Level 1:colcon.colcon_core.environment:checking '/home/harish-k/ROS2 Assignment/Assgnment 2/install/ros2_subscriber/lib'
[11.705s] Level 1:colcon.colcon_core.environment:checking '/home/harish-k/ROS2 Assignment/Assgnment 2/install/ros2_subscriber/bin'
[11.705s] Level 1:colcon.colcon_core.environment:checking '/home/harish-k/ROS2 Assignment/Assgnment 2/install/ros2_subscriber/lib/pkgconfig/ros2_subscriber.pc'
[11.705s] Level 1:colcon.colcon_core.environment:checking '/home/harish-k/ROS2 Assignment/Assgnment 2/install/ros2_subscriber/lib/python3.12/site-packages'
[11.706s] Level 1:colcon.colcon_core.environment:checking '/home/harish-k/ROS2 Assignment/Assgnment 2/install/ros2_subscriber/bin'
[11.706s] INFO:colcon.colcon_core.shell:Creating package script '/home/harish-k/ROS2 Assignment/Assgnment 2/install/ros2_subscriber/share/ros2_subscriber/package.ps1'
[11.708s] INFO:colcon.colcon_core.shell:Creating package descriptor '/home/harish-k/ROS2 Assignment/Assgnment 2/install/ros2_subscriber/share/ros2_subscriber/package.dsv'
[11.708s] INFO:colcon.colcon_core.shell:Creating package script '/home/harish-k/ROS2 Assignment/Assgnment 2/install/ros2_subscriber/share/ros2_subscriber/package.sh'
[11.710s] INFO:colcon.colcon_core.shell:Creating package script '/home/harish-k/ROS2 Assignment/Assgnment 2/install/ros2_subscriber/share/ros2_subscriber/package.bash'
[11.711s] INFO:colcon.colcon_core.shell:Creating package script '/home/harish-k/ROS2 Assignment/Assgnment 2/install/ros2_subscriber/share/ros2_subscriber/package.zsh'
[11.712s] Level 1:colcon.colcon_core.environment:create_file_with_runtime_dependencies(/home/harish-k/ROS2 Assignment/Assgnment 2/install/ros2_subscriber/share/colcon-core/packages/ros2_subscriber)
[11.713s] Level 1:colcon.colcon_core.environment:create_environment_scripts_only(ros2_subscriber)
[11.713s] Level 1:colcon.colcon_core.environment:checking '/home/harish-k/ROS2 Assignment/Assgnment 2/install/ros2_subscriber' for CMake module files
[11.714s] Level 1:colcon.colcon_core.environment:checking '/home/harish-k/ROS2 Assignment/Assgnment 2/install/ros2_subscriber' for CMake config files
[11.714s] Level 1:colcon.colcon_core.shell:create_environment_hook('ros2_subscriber', 'cmake_prefix_path')
[11.715s] INFO:colcon.colcon_core.shell:Creating environment hook '/home/harish-k/ROS2 Assignment/Assgnment 2/install/ros2_subscriber/share/ros2_subscriber/hook/cmake_prefix_path.ps1'
[11.715s] INFO:colcon.colcon_core.shell:Creating environment descriptor '/home/harish-k/ROS2 Assignment/Assgnment 2/install/ros2_subscriber/share/ros2_subscriber/hook/cmake_prefix_path.dsv'
[11.716s] INFO:colcon.colcon_core.shell:Creating environment hook '/home/harish-k/ROS2 Assignment/Assgnment 2/install/ros2_subscriber/share/ros2_subscriber/hook/cmake_prefix_path.sh'
[11.716s] Level 1:colcon.colcon_core.environment:checking '/home/harish-k/ROS2 Assignment/Assgnment 2/install/ros2_subscriber/lib'
[11.717s] Level 1:colcon.colcon_core.environment:checking '/home/harish-k/ROS2 Assignment/Assgnment 2/install/ros2_subscriber/bin'
[11.717s] Level 1:colcon.colcon_core.environment:checking '/home/harish-k/ROS2 Assignment/Assgnment 2/install/ros2_subscriber/lib/pkgconfig/ros2_subscriber.pc'
[11.717s] Level 1:colcon.colcon_core.environment:checking '/home/harish-k/ROS2 Assignment/Assgnment 2/install/ros2_subscriber/lib/python3.12/site-packages'
[11.717s] Level 1:colcon.colcon_core.environment:checking '/home/harish-k/ROS2 Assignment/Assgnment 2/install/ros2_subscriber/bin'
[11.718s] INFO:colcon.colcon_core.shell:Creating package script '/home/harish-k/ROS2 Assignment/Assgnment 2/install/ros2_subscriber/share/ros2_subscriber/package.ps1'
[11.718s] INFO:colcon.colcon_core.shell:Creating package descriptor '/home/harish-k/ROS2 Assignment/Assgnment 2/install/ros2_subscriber/share/ros2_subscriber/package.dsv'
[11.719s] INFO:colcon.colcon_core.shell:Creating package script '/home/harish-k/ROS2 Assignment/Assgnment 2/install/ros2_subscriber/share/ros2_subscriber/package.sh'
[11.720s] INFO:colcon.colcon_core.shell:Creating package script '/home/harish-k/ROS2 Assignment/Assgnment 2/install/ros2_subscriber/share/ros2_subscriber/package.bash'
[11.720s] INFO:colcon.colcon_core.shell:Creating package script '/home/harish-k/ROS2 Assignment/Assgnment 2/install/ros2_subscriber/share/ros2_subscriber/package.zsh'
[11.720s] Level 1:colcon.colcon_core.environment:create_file_with_runtime_dependencies(/home/harish-k/ROS2 Assignment/Assgnment 2/install/ros2_subscriber/share/colcon-core/packages/ros2_subscriber)
[11.721s] DEBUG:colcon.colcon_parallel_executor.executor.parallel:closing loop
[11.721s] DEBUG:colcon.colcon_parallel_executor.executor.parallel:loop closed
[11.722s] DEBUG:colcon.colcon_parallel_executor.executor.parallel:run_until_complete finished with '0'
[11.722s] DEBUG:colcon.colcon_core.event_reactor:joining thread
[11.731s] INFO:colcon.colcon_core.plugin_system:Skipping extension 'colcon_notification.desktop_notification.terminal_notifier': Not used on non-Darwin systems
[11.731s] INFO:colcon.colcon_core.plugin_system:Skipping extension 'colcon_notification.desktop_notification.win32': Not used on non-Windows systems
[11.731s] INFO:colcon.colcon_notification.desktop_notification:Sending desktop notification using 'notify2'
[11.755s] DEBUG:colcon.colcon_core.event_reactor:joined thread
[11.756s] INFO:colcon.colcon_core.shell:Creating prefix script '/home/harish-k/ROS2 Assignment/Assgnment 2/install/local_setup.ps1'
[11.757s] INFO:colcon.colcon_core.shell:Creating prefix util module '/home/harish-k/ROS2 Assignment/Assgnment 2/install/_local_setup_util_ps1.py'
[11.759s] INFO:colcon.colcon_core.shell:Creating prefix chain script '/home/harish-k/ROS2 Assignment/Assgnment 2/install/setup.ps1'
[11.760s] INFO:colcon.colcon_core.shell:Creating prefix script '/home/harish-k/ROS2 Assignment/Assgnment 2/install/local_setup.sh'
[11.761s] INFO:colcon.colcon_core.shell:Creating prefix util module '/home/harish-k/ROS2 Assignment/Assgnment 2/install/_local_setup_util_sh.py'
[11.762s] INFO:colcon.colcon_core.shell:Creating prefix chain script '/home/harish-k/ROS2 Assignment/Assgnment 2/install/setup.sh'
[11.764s] INFO:colcon.colcon_core.shell:Creating prefix script '/home/harish-k/ROS2 Assignment/Assgnment 2/install/local_setup.bash'
[11.764s] INFO:colcon.colcon_core.shell:Creating prefix chain script '/home/harish-k/ROS2 Assignment/Assgnment 2/install/setup.bash'
[11.766s] INFO:colcon.colcon_core.shell:Creating prefix script '/home/harish-k/ROS2 Assignment/Assgnment 2/install/local_setup.zsh'
[11.767s] INFO:colcon.colcon_core.shell:Creating prefix chain script '/home/harish-k/ROS2 Assignment/Assgnment 2/install/setup.zsh'
