[0.339s] DEBUG:colcon:Command line arguments: ['/usr/bin/colcon', 'build', '--packages-select', 'ros2_parameters']
[0.339s] DEBUG:colcon:Parsed command line arguments: Namespace(log_base=None, log_level=None, verb_name='build', build_base='build', install_base='install', merge_install=False, symlink_install=False, test_result_base=None, continue_on_error=False, executor='parallel', parallel_workers=12, event_handlers=None, ignore_user_meta=False, metas=['./colcon.meta'], base_paths=['.'], packages_ignore=None, packages_ignore_regex=None, paths=None, packages_up_to=None, packages_up_to_regex=None, packages_above=None, packages_above_and_dependencies=None, packages_above_depth=None, packages_select_by_dep=None, packages_skip_by_dep=None, packages_skip_up_to=None, packages_select_build_failed=False, packages_skip_build_finished=False, packages_select_test_failures=False, packages_skip_test_passed=False, packages_select=['ros2_parameters'], packages_skip=None, packages_select_regex=None, packages_skip_regex=None, packages_start=None, packages_end=None, allow_overriding=[], cmake_args=None, cmake_target=None, cmake_target_skip_unavailable=False, cmake_clean_cache=False, cmake_clean_first=False, cmake_force_configure=False, ament_cmake_args=None, catkin_cmake_args=None, catkin_skip_building_tests=False, verb_parser=<colcon_defaults.argument_parser.defaults.DefaultArgumentsDecorator object at 0x7f732b981b20>, verb_extension=<colcon_core.verb.build.BuildVerb object at 0x7f732b981820>, main=<bound method BuildVerb.main of <colcon_core.verb.build.BuildVerb object at 0x7f732b981820>>)
[0.425s] Level 1:colcon.colcon_core.package_discovery:discover_packages(colcon_meta) check parameters
[0.425s] Level 1:colcon.colcon_core.package_discovery:discover_packages(recursive) check parameters
[0.425s] Level 1:colcon.colcon_core.package_discovery:discover_packages(ignore) check parameters
[0.425s] Level 1:colcon.colcon_core.package_discovery:discover_packages(path) check parameters
[0.425s] Level 1:colcon.colcon_core.package_discovery:discover_packages(colcon_meta) discover
[0.425s] Level 1:colcon.colcon_core.package_discovery:discover_packages(recursive) discover
[0.425s] INFO:colcon.colcon_core.package_discovery:Crawling recursively for packages in '/home/harish-k/ROS2 Assignment/Assignment 6'
[0.426s] Level 1:colcon.colcon_core.package_identification:_identify(.) by extensions ['ignore', 'ignore_ament_install']
[0.426s] Level 1:colcon.colcon_core.package_identification:_identify(.) by extension 'ignore'
[0.426s] Level 1:colcon.colcon_core.package_identification:_identify(.) by extension 'ignore_ament_install'
[0.426s] Level 1:colcon.colcon_core.package_identification:_identify(.) by extensions ['colcon_pkg']
[0.426s] Level 1:colcon.colcon_core.package_identification:_identify(.) by extension 'colcon_pkg'
[0.426s] Level 1:colcon.colcon_core.package_identification:_identify(.) by extensions ['colcon_meta']
[0.426s] Level 1:colcon.colcon_core.package_identification:_identify(.) by extension 'colcon_meta'
[0.426s] Level 1:colcon.colcon_core.package_identification:_identify(.) by extensions ['ros']
[0.426s] Level 1:colcon.colcon_core.package_identification:_identify(.) by extension 'ros'
[0.463s] Level 1:colcon.colcon_core.package_identification:_identify(.) by extensions ['cmake', 'python']
[0.463s] Level 1:colcon.colcon_core.package_identification:_identify(.) by extension 'cmake'
[0.463s] Level 1:colcon.colcon_core.package_identification:_identify(.) by extension 'python'
[0.463s] Level 1:colcon.colcon_core.package_identification:_identify(.) by extensions ['python_setup_py']
[0.463s] Level 1:colcon.colcon_core.package_identification:_identify(.) by extension 'python_setup_py'
[0.463s] Level 1:colcon.colcon_core.package_identification:_identify(build) by extensions ['ignore', 'ignore_ament_install']
[0.463s] Level 1:colcon.colcon_core.package_identification:_identify(build) by extension 'ignore'
[0.463s] Level 1:colcon.colcon_core.package_identification:_identify(build) ignored
[0.463s] Level 1:colcon.colcon_core.package_identification:_identify(install) by extensions ['ignore', 'ignore_ament_install']
[0.464s] Level 1:colcon.colcon_core.package_identification:_identify(install) by extension 'ignore'
[0.464s] Level 1:colcon.colcon_core.package_identification:_identify(install) ignored
[0.464s] Level 1:colcon.colcon_core.package_identification:_identify(log) by extensions ['ignore', 'ignore_ament_install']
[0.464s] Level 1:colcon.colcon_core.package_identification:_identify(log) by extension 'ignore'
[0.464s] Level 1:colcon.colcon_core.package_identification:_identify(log) ignored
[0.464s] Level 1:colcon.colcon_core.package_identification:_identify(ros2-assignment-ros2-c-parameters-rkhm2004) by extensions ['ignore', 'ignore_ament_install']
[0.464s] Level 1:colcon.colcon_core.package_identification:_identify(ros2-assignment-ros2-c-parameters-rkhm2004) by extension 'ignore'
[0.464s] Level 1:colcon.colcon_core.package_identification:_identify(ros2-assignment-ros2-c-parameters-rkhm2004) by extension 'ignore_ament_install'
[0.464s] Level 1:colcon.colcon_core.package_identification:_identify(ros2-assignment-ros2-c-parameters-rkhm2004) by extensions ['colcon_pkg']
[0.464s] Level 1:colcon.colcon_core.package_identification:_identify(ros2-assignment-ros2-c-parameters-rkhm2004) by extension 'colcon_pkg'
[0.464s] Level 1:colcon.colcon_core.package_identification:_identify(ros2-assignment-ros2-c-parameters-rkhm2004) by extensions ['colcon_meta']
[0.464s] Level 1:colcon.colcon_core.package_identification:_identify(ros2-assignment-ros2-c-parameters-rkhm2004) by extension 'colcon_meta'
[0.464s] Level 1:colcon.colcon_core.package_identification:_identify(ros2-assignment-ros2-c-parameters-rkhm2004) by extensions ['ros']
[0.464s] Level 1:colcon.colcon_core.package_identification:_identify(ros2-assignment-ros2-c-parameters-rkhm2004) by extension 'ros'
[0.469s] DEBUG:colcon.colcon_core.package_identification:Package 'ros2-assignment-ros2-c-parameters-rkhm2004' with type 'ros.ament_cmake' and name 'ros2_parameters'
[0.469s] Level 1:colcon.colcon_core.package_discovery:discover_packages(recursive) using defaults
[0.469s] Level 1:colcon.colcon_core.package_discovery:discover_packages(ignore) discover
[0.469s] Level 1:colcon.colcon_core.package_discovery:discover_packages(ignore) using defaults
[0.469s] Level 1:colcon.colcon_core.package_discovery:discover_packages(path) discover
[0.469s] Level 1:colcon.colcon_core.package_discovery:discover_packages(path) using defaults
[0.499s] Level 1:colcon.colcon_core.package_discovery:discover_packages(prefix_path) check parameters
[0.499s] Level 1:colcon.colcon_core.package_discovery:discover_packages(prefix_path) discover
[0.504s] DEBUG:colcon.colcon_installed_package_information.package_discovery:Found 315 installed packages in /opt/ros/jazzy
[0.505s] Level 1:colcon.colcon_core.package_discovery:discover_packages(prefix_path) using defaults
[0.550s] Level 5:colcon.colcon_core.verb:set package 'ros2_parameters' build argument 'cmake_args' from command line to 'None'
[0.551s] Level 5:colcon.colcon_core.verb:set package 'ros2_parameters' build argument 'cmake_target' from command line to 'None'
[0.551s] Level 5:colcon.colcon_core.verb:set package 'ros2_parameters' build argument 'cmake_target_skip_unavailable' from command line to 'False'
[0.551s] Level 5:colcon.colcon_core.verb:set package 'ros2_parameters' build argument 'cmake_clean_cache' from command line to 'False'
[0.551s] Level 5:colcon.colcon_core.verb:set package 'ros2_parameters' build argument 'cmake_clean_first' from command line to 'False'
[0.551s] Level 5:colcon.colcon_core.verb:set package 'ros2_parameters' build argument 'cmake_force_configure' from command line to 'False'
[0.551s] Level 5:colcon.colcon_core.verb:set package 'ros2_parameters' build argument 'ament_cmake_args' from command line to 'None'
[0.551s] Level 5:colcon.colcon_core.verb:set package 'ros2_parameters' build argument 'catkin_cmake_args' from command line to 'None'
[0.551s] Level 5:colcon.colcon_core.verb:set package 'ros2_parameters' build argument 'catkin_skip_building_tests' from command line to 'False'
[0.551s] DEBUG:colcon.colcon_core.verb:Building package 'ros2_parameters' with the following arguments: {'ament_cmake_args': None, 'build_base': '/home/harish-k/ROS2 Assignment/Assignment 6/build/ros2_parameters', 'catkin_cmake_args': None, 'catkin_skip_building_tests': False, 'cmake_args': None, 'cmake_clean_cache': False, 'cmake_clean_first': False, 'cmake_force_configure': False, 'cmake_target': None, 'cmake_target_skip_unavailable': False, 'install_base': '/home/harish-k/ROS2 Assignment/Assignment 6/install/ros2_parameters', 'merge_install': False, 'path': '/home/harish-k/ROS2 Assignment/Assignment 6/ros2-assignment-ros2-c-parameters-rkhm2004', 'symlink_install': False, 'test_result_base': None}
[0.551s] INFO:colcon.colcon_core.executor:Executing jobs using 'parallel' executor
[0.552s] DEBUG:colcon.colcon_parallel_executor.executor.parallel:run_until_complete
[0.552s] INFO:colcon.colcon_ros.task.ament_cmake.build:Building ROS package in '/home/harish-k/ROS2 Assignment/Assignment 6/ros2-assignment-ros2-c-parameters-rkhm2004' with build type 'ament_cmake'
[0.552s] INFO:colcon.colcon_cmake.task.cmake.build:Building CMake package in '/home/harish-k/ROS2 Assignment/Assignment 6/ros2-assignment-ros2-c-parameters-rkhm2004'
[0.559s] INFO:colcon.colcon_core.plugin_system:Skipping extension 'colcon_core.shell.bat': Not used on non-Windows systems
[0.560s] INFO:colcon.colcon_core.shell:Skip shell extension 'powershell' for command environment: Not usable outside of PowerShell
[0.560s] DEBUG:colcon.colcon_core.shell:Skip shell extension 'dsv' for command environment
[0.572s] DEBUG:colcon.colcon_core.event_handler.log_command:Invoking command in '/home/harish-k/ROS2 Assignment/Assignment 6/build/ros2_parameters': CMAKE_PREFIX_PATH=${CMAKE_PREFIX_PATH}:/opt/ros/jazzy DEBUGINFOD_URLS=https://debuginfod.ubuntu.com /usr/bin/cmake /home/harish-k/ROS2 Assignment/Assignment 6/ros2-assignment-ros2-c-parameters-rkhm2004 -DCMAKE_INSTALL_PREFIX=/home/harish-k/ROS2 Assignment/Assignment 6/install/ros2_parameters
[2.588s] DEBUG:colcon.colcon_core.event_handler.log_command:Invoked command in '/home/harish-k/ROS2 Assignment/Assignment 6/build/ros2_parameters' returned '0': CMAKE_PREFIX_PATH=${CMAKE_PREFIX_PATH}:/opt/ros/jazzy DEBUGINFOD_URLS=https://debuginfod.ubuntu.com /usr/bin/cmake /home/harish-k/ROS2 Assignment/Assignment 6/ros2-assignment-ros2-c-parameters-rkhm2004 -DCMAKE_INSTALL_PREFIX=/home/harish-k/ROS2 Assignment/Assignment 6/install/ros2_parameters
[2.590s] DEBUG:colcon.colcon_core.event_handler.log_command:Invoking command in '/home/harish-k/ROS2 Assignment/Assignment 6/build/ros2_parameters': CMAKE_PREFIX_PATH=${CMAKE_PREFIX_PATH}:/opt/ros/jazzy DEBUGINFOD_URLS=https://debuginfod.ubuntu.com /usr/bin/cmake --build /home/harish-k/ROS2 Assignment/Assignment 6/build/ros2_parameters -- -j12 -l12
[6.684s] DEBUG:colcon.colcon_core.event_handler.log_command:Invoked command in '/home/harish-k/ROS2 Assignment/Assignment 6/build/ros2_parameters' returned '0': CMAKE_PREFIX_PATH=${CMAKE_PREFIX_PATH}:/opt/ros/jazzy DEBUGINFOD_URLS=https://debuginfod.ubuntu.com /usr/bin/cmake --build /home/harish-k/ROS2 Assignment/Assignment 6/build/ros2_parameters -- -j12 -l12
[6.702s] DEBUG:colcon.colcon_core.event_handler.log_command:Invoking command in '/home/harish-k/ROS2 Assignment/Assignment 6/build/ros2_parameters': CMAKE_PREFIX_PATH=${CMAKE_PREFIX_PATH}:/opt/ros/jazzy DEBUGINFOD_URLS=https://debuginfod.ubuntu.com /usr/bin/cmake --install /home/harish-k/ROS2 Assignment/Assignment 6/build/ros2_parameters
[6.720s] Level 1:colcon.colcon_core.environment:create_environment_scripts_only(ros2_parameters)
[6.721s] DEBUG:colcon.colcon_core.event_handler.log_command:Invoked command in '/home/harish-k/ROS2 Assignment/Assignment 6/build/ros2_parameters' returned '0': CMAKE_PREFIX_PATH=${CMAKE_PREFIX_PATH}:/opt/ros/jazzy DEBUGINFOD_URLS=https://debuginfod.ubuntu.com /usr/bin/cmake --install /home/harish-k/ROS2 Assignment/Assignment 6/build/ros2_parameters
[6.729s] Level 1:colcon.colcon_core.environment:checking '/home/harish-k/ROS2 Assignment/Assignment 6/install/ros2_parameters' for CMake module files
[6.730s] Level 1:colcon.colcon_core.environment:checking '/home/harish-k/ROS2 Assignment/Assignment 6/install/ros2_parameters' for CMake config files
[6.731s] Level 1:colcon.colcon_core.shell:create_environment_hook('ros2_parameters', 'cmake_prefix_path')
[6.731s] INFO:colcon.colcon_core.shell:Creating environment hook '/home/harish-k/ROS2 Assignment/Assignment 6/install/ros2_parameters/share/ros2_parameters/hook/cmake_prefix_path.ps1'
[6.733s] INFO:colcon.colcon_core.shell:Creating environment descriptor '/home/harish-k/ROS2 Assignment/Assignment 6/install/ros2_parameters/share/ros2_parameters/hook/cmake_prefix_path.dsv'
[6.734s] INFO:colcon.colcon_core.shell:Creating environment hook '/home/harish-k/ROS2 Assignment/Assignment 6/install/ros2_parameters/share/ros2_parameters/hook/cmake_prefix_path.sh'
[6.736s] Level 1:colcon.colcon_core.environment:checking '/home/harish-k/ROS2 Assignment/Assignment 6/install/ros2_parameters/lib'
[6.736s] Level 1:colcon.colcon_core.environment:checking '/home/harish-k/ROS2 Assignment/Assignment 6/install/ros2_parameters/bin'
[6.736s] Level 1:colcon.colcon_core.environment:checking '/home/harish-k/ROS2 Assignment/Assignment 6/install/ros2_parameters/lib/pkgconfig/ros2_parameters.pc'
[6.737s] Level 1:colcon.colcon_core.environment:checking '/home/harish-k/ROS2 Assignment/Assignment 6/install/ros2_parameters/lib/python3.12/site-packages'
[6.737s] Level 1:colcon.colcon_core.environment:checking '/home/harish-k/ROS2 Assignment/Assignment 6/install/ros2_parameters/bin'
[6.738s] INFO:colcon.colcon_core.shell:Creating package script '/home/harish-k/ROS2 Assignment/Assignment 6/install/ros2_parameters/share/ros2_parameters/package.ps1'
[6.739s] INFO:colcon.colcon_core.shell:Creating package descriptor '/home/harish-k/ROS2 Assignment/Assignment 6/install/ros2_parameters/share/ros2_parameters/package.dsv'
[6.740s] INFO:colcon.colcon_core.shell:Creating package script '/home/harish-k/ROS2 Assignment/Assignment 6/install/ros2_parameters/share/ros2_parameters/package.sh'
[6.741s] INFO:colcon.colcon_core.shell:Creating package script '/home/harish-k/ROS2 Assignment/Assignment 6/install/ros2_parameters/share/ros2_parameters/package.bash'
[6.743s] INFO:colcon.colcon_core.shell:Creating package script '/home/harish-k/ROS2 Assignment/Assignment 6/install/ros2_parameters/share/ros2_parameters/package.zsh'
[6.745s] Level 1:colcon.colcon_core.environment:create_file_with_runtime_dependencies(/home/harish-k/ROS2 Assignment/Assignment 6/install/ros2_parameters/share/colcon-core/packages/ros2_parameters)
[6.745s] Level 1:colcon.colcon_core.environment:create_environment_scripts_only(ros2_parameters)
[6.745s] Level 1:colcon.colcon_core.environment:checking '/home/harish-k/ROS2 Assignment/Assignment 6/install/ros2_parameters' for CMake module files
[6.746s] Level 1:colcon.colcon_core.environment:checking '/home/harish-k/ROS2 Assignment/Assignment 6/install/ros2_parameters' for CMake config files
[6.746s] Level 1:colcon.colcon_core.shell:create_environment_hook('ros2_parameters', 'cmake_prefix_path')
[6.747s] INFO:colcon.colcon_core.shell:Creating environment hook '/home/harish-k/ROS2 Assignment/Assignment 6/install/ros2_parameters/share/ros2_parameters/hook/cmake_prefix_path.ps1'
[6.747s] INFO:colcon.colcon_core.shell:Creating environment descriptor '/home/harish-k/ROS2 Assignment/Assignment 6/install/ros2_parameters/share/ros2_parameters/hook/cmake_prefix_path.dsv'
[6.748s] INFO:colcon.colcon_core.shell:Creating environment hook '/home/harish-k/ROS2 Assignment/Assignment 6/install/ros2_parameters/share/ros2_parameters/hook/cmake_prefix_path.sh'
[6.748s] Level 1:colcon.colcon_core.environment:checking '/home/harish-k/ROS2 Assignment/Assignment 6/install/ros2_parameters/lib'
[6.749s] Level 1:colcon.colcon_core.environment:checking '/home/harish-k/ROS2 Assignment/Assignment 6/install/ros2_parameters/bin'
[6.749s] Level 1:colcon.colcon_core.environment:checking '/home/harish-k/ROS2 Assignment/Assignment 6/install/ros2_parameters/lib/pkgconfig/ros2_parameters.pc'
[6.749s] Level 1:colcon.colcon_core.environment:checking '/home/harish-k/ROS2 Assignment/Assignment 6/install/ros2_parameters/lib/python3.12/site-packages'
[6.749s] Level 1:colcon.colcon_core.environment:checking '/home/harish-k/ROS2 Assignment/Assignment 6/install/ros2_parameters/bin'
[6.750s] INFO:colcon.colcon_core.shell:Creating package script '/home/harish-k/ROS2 Assignment/Assignment 6/install/ros2_parameters/share/ros2_parameters/package.ps1'
[6.750s] INFO:colcon.colcon_core.shell:Creating package descriptor '/home/harish-k/ROS2 Assignment/Assignment 6/install/ros2_parameters/share/ros2_parameters/package.dsv'
[6.751s] INFO:colcon.colcon_core.shell:Creating package script '/home/harish-k/ROS2 Assignment/Assignment 6/install/ros2_parameters/share/ros2_parameters/package.sh'
[6.752s] INFO:colcon.colcon_core.shell:Creating package script '/home/harish-k/ROS2 Assignment/Assignment 6/install/ros2_parameters/share/ros2_parameters/package.bash'
[6.752s] INFO:colcon.colcon_core.shell:Creating package script '/home/harish-k/ROS2 Assignment/Assignment 6/install/ros2_parameters/share/ros2_parameters/package.zsh'
[6.752s] Level 1:colcon.colcon_core.environment:create_file_with_runtime_dependencies(/home/harish-k/ROS2 Assignment/Assignment 6/install/ros2_parameters/share/colcon-core/packages/ros2_parameters)
[6.753s] DEBUG:colcon.colcon_parallel_executor.executor.parallel:closing loop
[6.753s] DEBUG:colcon.colcon_parallel_executor.executor.parallel:loop closed
[6.753s] DEBUG:colcon.colcon_parallel_executor.executor.parallel:run_until_complete finished with '0'
[6.753s] DEBUG:colcon.colcon_core.event_reactor:joining thread
[6.765s] INFO:colcon.colcon_core.plugin_system:Skipping extension 'colcon_notification.desktop_notification.terminal_notifier': Not used on non-Darwin systems
[6.765s] INFO:colcon.colcon_core.plugin_system:Skipping extension 'colcon_notification.desktop_notification.win32': Not used on non-Windows systems
[6.766s] INFO:colcon.colcon_notification.desktop_notification:Sending desktop notification using 'notify2'
[6.789s] DEBUG:colcon.colcon_core.event_reactor:joined thread
[6.790s] INFO:colcon.colcon_core.shell:Creating prefix script '/home/harish-k/ROS2 Assignment/Assignment 6/install/local_setup.ps1'
[6.791s] INFO:colcon.colcon_core.shell:Creating prefix util module '/home/harish-k/ROS2 Assignment/Assignment 6/install/_local_setup_util_ps1.py'
[6.793s] INFO:colcon.colcon_core.shell:Creating prefix chain script '/home/harish-k/ROS2 Assignment/Assignment 6/install/setup.ps1'
[6.795s] INFO:colcon.colcon_core.shell:Creating prefix script '/home/harish-k/ROS2 Assignment/Assignment 6/install/local_setup.sh'
[6.796s] INFO:colcon.colcon_core.shell:Creating prefix util module '/home/harish-k/ROS2 Assignment/Assignment 6/install/_local_setup_util_sh.py'
[6.796s] INFO:colcon.colcon_core.shell:Creating prefix chain script '/home/harish-k/ROS2 Assignment/Assignment 6/install/setup.sh'
[6.798s] INFO:colcon.colcon_core.shell:Creating prefix script '/home/harish-k/ROS2 Assignment/Assignment 6/install/local_setup.bash'
[6.799s] INFO:colcon.colcon_core.shell:Creating prefix chain script '/home/harish-k/ROS2 Assignment/Assignment 6/install/setup.bash'
[6.801s] INFO:colcon.colcon_core.shell:Creating prefix script '/home/harish-k/ROS2 Assignment/Assignment 6/install/local_setup.zsh'
[6.802s] INFO:colcon.colcon_core.shell:Creating prefix chain script '/home/harish-k/ROS2 Assignment/Assignment 6/install/setup.zsh'
