[0.014s] Invoking command in '/home/harish-k/ROS2 Assignment/Assgnment 2/build/ros2_subscriber': CMAKE_PREFIX_PATH=${CMAKE_PREFIX_PATH}:/opt/ros/jazzy DEBUGINFOD_URLS=https://debuginfod.ubuntu.com /usr/bin/cmake /home/harish-k/ROS2 Assignment/Assgnment 2/assignment-ros2-c-subscriber-node-rkhm2004 -DCMAKE_INSTALL_PREFIX=/home/harish-k/ROS2 Assignment/Assgnment 2/install/ros2_subscriber
[0.178s] -- The C compiler identification is GNU 13.3.0
[0.294s] -- The CXX compiler identification is GNU 13.3.0
[0.327s] -- Detecting C compiler ABI info
[0.460s] -- Detecting C compiler ABI info - done
[0.473s] -- Check for working C compiler: /usr/bin/cc - skipped
[0.475s] -- Detecting C compile features
[0.476s] -- Detecting C compile features - done
[0.493s] -- Detecting CXX compiler ABI info
[0.641s] -- Detecting CXX compiler ABI info - done
[0.654s] -- Check for working CXX compiler: /usr/bin/c++ - skipped
[0.654s] -- Detecting CXX compile features
[0.655s] -- Detecting CXX compile features - done
[0.671s] -- Found ament_cmake: 2.5.4 (/opt/ros/jazzy/share/ament_cmake/cmake)
[0.896s] -- Found Python3: /usr/bin/python3 (found version "3.12.3") found components: Interpreter 
[1.080s] -- Found rclcpp: 28.1.13 (/opt/ros/jazzy/share/rclcpp/cmake)
[1.157s] -- Found rosidl_generator_c: 4.6.6 (/opt/ros/jazzy/share/rosidl_generator_c/cmake)
[1.180s] -- Found rosidl_generator_cpp: 4.6.6 (/opt/ros/jazzy/share/rosidl_generator_cpp/cmake)
[1.207s] -- Using all available rosidl_typesupport_c: rosidl_typesupport_fastrtps_c;rosidl_typesupport_introspection_c
[1.239s] -- Using all available rosidl_typesupport_cpp: rosidl_typesupport_fastrtps_cpp;rosidl_typesupport_introspection_cpp
[1.365s] -- Found rmw_implementation_cmake: 7.3.2 (/opt/ros/jazzy/share/rmw_implementation_cmake/cmake)
[1.371s] -- Found rmw_fastrtps_cpp: 8.4.3 (/opt/ros/jazzy/share/rmw_fastrtps_cpp/cmake)
[1.529s] -- Found OpenSSL: /usr/lib/x86_64-linux-gnu/libcrypto.so (found version "3.0.13")  
[1.566s] -- Found FastRTPS: /opt/ros/jazzy/include (Required is at least version "2.13") 
[1.602s] -- Using RMW implementation 'rmw_fastrtps_cpp' as default
[1.736s] -- Found std_msgs: 5.3.6 (/opt/ros/jazzy/share/std_msgs/cmake)
[1.765s] -- Found ament_lint_auto: 0.17.3 (/opt/ros/jazzy/share/ament_lint_auto/cmake)
[1.934s] -- Added test 'copyright' to check source files copyright and LICENSE
[1.938s] -- Added test 'cppcheck' to perform static code analysis on C / C++ code
[1.938s] -- Configured cppcheck include dirs: 
[1.938s] -- Configured cppcheck exclude dirs and/or files: 
[1.941s] -- Added test 'cpplint' to check C / C++ code against the Google style
[1.941s] -- Configured cpplint exclude dirs and/or files: 
[1.943s] -- Added test 'lint_cmake' to check CMake code style
[1.947s] -- Added test 'uncrustify' to check C / C++ code style
[1.947s] -- Configured uncrustify additional arguments: 
[1.948s] -- Added test 'xmllint' to check XML markup files
[1.951s] -- Configuring done (1.9s)
[1.961s] -- Generating done (0.0s)
[1.966s] -- Build files have been written to: /home/harish-k/ROS2 Assignment/Assgnment 2/build/ros2_subscriber
[1.977s] Invoked command in '/home/harish-k/ROS2 Assignment/Assgnment 2/build/ros2_subscriber' returned '0': CMAKE_PREFIX_PATH=${CMAKE_PREFIX_PATH}:/opt/ros/jazzy DEBUGINFOD_URLS=https://debuginfod.ubuntu.com /usr/bin/cmake /home/harish-k/ROS2 Assignment/Assgnment 2/assignment-ros2-c-subscriber-node-rkhm2004 -DCMAKE_INSTALL_PREFIX=/home/harish-k/ROS2 Assignment/Assgnment 2/install/ros2_subscriber
[1.978s] Invoking command in '/home/harish-k/ROS2 Assignment/Assgnment 2/build/ros2_subscriber': CMAKE_PREFIX_PATH=${CMAKE_PREFIX_PATH}:/opt/ros/jazzy DEBUGINFOD_URLS=https://debuginfod.ubuntu.com /usr/bin/cmake --build /home/harish-k/ROS2 Assignment/Assgnment 2/build/ros2_subscriber -- -j12 -l12
[2.058s] [ 50%] [32mBuilding CXX object CMakeFiles/subscriber_node.dir/src/subscriber_node.cpp.o[0m
[10.735s] [100%] [32m[1mLinking CXX executable subscriber_node[0m
[11.117s] [100%] Built target subscriber_node
[11.135s] Invoked command in '/home/harish-k/ROS2 Assignment/Assgnment 2/build/ros2_subscriber' returned '0': CMAKE_PREFIX_PATH=${CMAKE_PREFIX_PATH}:/opt/ros/jazzy DEBUGINFOD_URLS=https://debuginfod.ubuntu.com /usr/bin/cmake --build /home/harish-k/ROS2 Assignment/Assgnment 2/build/ros2_subscriber -- -j12 -l12
[11.150s] Invoking command in '/home/harish-k/ROS2 Assignment/Assgnment 2/build/ros2_subscriber': CMAKE_PREFIX_PATH=${CMAKE_PREFIX_PATH}:/opt/ros/jazzy DEBUGINFOD_URLS=https://debuginfod.ubuntu.com /usr/bin/cmake --install /home/harish-k/ROS2 Assignment/Assgnment 2/build/ros2_subscriber
[11.162s] -- Install configuration: ""
[11.162s] -- Installing: /home/harish-k/ROS2 Assignment/Assgnment 2/install/ros2_subscriber/lib/ros2_subscriber/subscriber_node
[11.166s] -- Set non-toolchain portion of runtime path of "/home/harish-k/ROS2 Assignment/Assgnment 2/install/ros2_subscriber/lib/ros2_subscriber/subscriber_node" to ""
[11.167s] -- Installing: /home/harish-k/ROS2 Assignment/Assgnment 2/install/ros2_subscriber/share/ament_index/resource_index/package_run_dependencies/ros2_subscriber
[11.167s] -- Installing: /home/harish-k/ROS2 Assignment/Assgnment 2/install/ros2_subscriber/share/ament_index/resource_index/parent_prefix_path/ros2_subscriber
[11.167s] -- Installing: /home/harish-k/ROS2 Assignment/Assgnment 2/install/ros2_subscriber/share/ros2_subscriber/environment/ament_prefix_path.sh
[11.167s] -- Installing: /home/harish-k/ROS2 Assignment/Assgnment 2/install/ros2_subscriber/share/ros2_subscriber/environment/ament_prefix_path.dsv
[11.167s] -- Installing: /home/harish-k/ROS2 Assignment/Assgnment 2/install/ros2_subscriber/share/ros2_subscriber/environment/path.sh
[11.167s] -- Installing: /home/harish-k/ROS2 Assignment/Assgnment 2/install/ros2_subscriber/share/ros2_subscriber/environment/path.dsv
[11.167s] -- Installing: /home/harish-k/ROS2 Assignment/Assgnment 2/install/ros2_subscriber/share/ros2_subscriber/local_setup.bash
[11.167s] -- Installing: /home/harish-k/ROS2 Assignment/Assgnment 2/install/ros2_subscriber/share/ros2_subscriber/local_setup.sh
[11.167s] -- Installing: /home/harish-k/ROS2 Assignment/Assgnment 2/install/ros2_subscriber/share/ros2_subscriber/local_setup.zsh
[11.168s] -- Installing: /home/harish-k/ROS2 Assignment/Assgnment 2/install/ros2_subscriber/share/ros2_subscriber/local_setup.dsv
[11.168s] -- Installing: /home/harish-k/ROS2 Assignment/Assgnment 2/install/ros2_subscriber/share/ros2_subscriber/package.dsv
[11.168s] -- Installing: /home/harish-k/ROS2 Assignment/Assgnment 2/install/ros2_subscriber/share/ament_index/resource_index/packages/ros2_subscriber
[11.168s] -- Installing: /home/harish-k/ROS2 Assignment/Assgnment 2/install/ros2_subscriber/share/ros2_subscriber/cmake/ros2_subscriberConfig.cmake
[11.168s] -- Installing: /home/harish-k/ROS2 Assignment/Assgnment 2/install/ros2_subscriber/share/ros2_subscriber/cmake/ros2_subscriberConfig-version.cmake
[11.168s] -- Installing: /home/harish-k/ROS2 Assignment/Assgnment 2/install/ros2_subscriber/share/ros2_subscriber/package.xml
[11.171s] Invoked command in '/home/harish-k/ROS2 Assignment/Assgnment 2/build/ros2_subscriber' returned '0': CMAKE_PREFIX_PATH=${CMAKE_PREFIX_PATH}:/opt/ros/jazzy DEBUGINFOD_URLS=https://debuginfod.ubuntu.com /usr/bin/cmake --install /home/harish-k/ROS2 Assignment/Assgnment 2/build/ros2_subscriber
