[0.010s] Invoking command in '/home/harish-k/ROS2 Assignment/Assignemnt 8/build/ros2_launch_demo': CMAKE_PREFIX_PATH=${CMAKE_PREFIX_PATH}:/opt/ros/jazzy DEBUGINFOD_URLS=https://debuginfod.ubuntu.com /usr/bin/cmake /home/harish-k/ROS2 Assignment/Assignemnt 8/assignment-ros2-launch-files-rkhm2004 -DCMAKE_INSTALL_PREFIX=/home/harish-k/ROS2 Assignment/Assignemnt 8/install/ros2_launch_demo
[0.119s] -- The C compiler identification is GNU 13.3.0
[0.196s] -- The CXX compiler identification is GNU 13.3.0
[0.219s] -- Detecting C compiler ABI info
[0.317s] -- Detecting C compiler ABI info - done
[0.329s] -- Check for working C compiler: /usr/bin/cc - skipped
[0.331s] -- Detecting C compile features
[0.331s] -- Detecting C compile features - done
[0.345s] -- Detecting CXX compiler ABI info
[0.456s] -- Detecting CXX compiler ABI info - done
[0.462s] -- Check for working CXX compiler: /usr/bin/c++ - skipped
[0.463s] -- Detecting CXX compile features
[0.463s] -- Detecting CXX compile features - done
[0.471s] -- Found ament_cmake: 2.5.4 (/opt/ros/jazzy/share/ament_cmake/cmake)
[0.615s] -- Found Python3: /usr/bin/python3 (found version "3.12.3") found components: Interpreter 
[0.731s] -- Found rclcpp: 28.1.13 (/opt/ros/jazzy/share/rclcpp/cmake)
[0.772s] -- Found rosidl_generator_c: 4.6.6 (/opt/ros/jazzy/share/rosidl_generator_c/cmake)
[0.785s] -- Found rosidl_generator_cpp: 4.6.6 (/opt/ros/jazzy/share/rosidl_generator_cpp/cmake)
[0.801s] -- Using all available rosidl_typesupport_c: rosidl_typesupport_fastrtps_c;rosidl_typesupport_introspection_c
[0.828s] -- Using all available rosidl_typesupport_cpp: rosidl_typesupport_fastrtps_cpp;rosidl_typesupport_introspection_cpp
[0.913s] -- Found rmw_implementation_cmake: 7.3.2 (/opt/ros/jazzy/share/rmw_implementation_cmake/cmake)
[0.916s] -- Found rmw_fastrtps_cpp: 8.4.3 (/opt/ros/jazzy/share/rmw_fastrtps_cpp/cmake)
[1.027s] -- Found OpenSSL: /usr/lib/x86_64-linux-gnu/libcrypto.so (found version "3.0.13")  
[1.050s] -- Found FastRTPS: /opt/ros/jazzy/include (Required is at least version "2.13") 
[1.075s] -- Using RMW implementation 'rmw_fastrtps_cpp' as default
[1.143s] -- Found std_msgs: 5.3.6 (/opt/ros/jazzy/share/std_msgs/cmake)
[1.158s] -- Found ament_lint_auto: 0.17.3 (/opt/ros/jazzy/share/ament_lint_auto/cmake)
[1.247s] -- Added test 'copyright' to check source files copyright and LICENSE
[1.249s] -- Added test 'cppcheck' to perform static code analysis on C / C++ code
[1.249s] -- Configured cppcheck include dirs: 
[1.249s] -- Configured cppcheck exclude dirs and/or files: 
[1.251s] -- Added test 'cpplint' to check C / C++ code against the Google style
[1.251s] -- Configured cpplint exclude dirs and/or files: 
[1.251s] -- Added test 'flake8' to check Python code syntax and style conventions
[1.251s] -- Configured 'flake8' exclude dirs and/or files: 
[1.252s] -- Added test 'lint_cmake' to check CMake code style
[1.253s] -- Added test 'pep257' to check Python code against some of the docstring style conventions in PEP 257
[1.255s] -- Added test 'uncrustify' to check C / C++ code style
[1.255s] -- Configured uncrustify additional arguments: 
[1.255s] -- Added test 'xmllint' to check XML markup files
[1.257s] -- Configuring done (1.2s)
[1.267s] -- Generating done (0.0s)
[1.270s] -- Build files have been written to: /home/harish-k/ROS2 Assignment/Assignemnt 8/build/ros2_launch_demo
[1.280s] Invoked command in '/home/harish-k/ROS2 Assignment/Assignemnt 8/build/ros2_launch_demo' returned '0': CMAKE_PREFIX_PATH=${CMAKE_PREFIX_PATH}:/opt/ros/jazzy DEBUGINFOD_URLS=https://debuginfod.ubuntu.com /usr/bin/cmake /home/harish-k/ROS2 Assignment/Assignemnt 8/assignment-ros2-launch-files-rkhm2004 -DCMAKE_INSTALL_PREFIX=/home/harish-k/ROS2 Assignment/Assignemnt 8/install/ros2_launch_demo
[1.281s] Invoking command in '/home/harish-k/ROS2 Assignment/Assignemnt 8/build/ros2_launch_demo': CMAKE_PREFIX_PATH=${CMAKE_PREFIX_PATH}:/opt/ros/jazzy DEBUGINFOD_URLS=https://debuginfod.ubuntu.com /usr/bin/cmake --build /home/harish-k/ROS2 Assignment/Assignemnt 8/build/ros2_launch_demo -- -j12 -l12
[1.338s] [ 25%] [32mBuilding CXX object CMakeFiles/talker.dir/src/talker.cpp.o[0m
[1.342s] [ 50%] [32mBuilding CXX object CMakeFiles/listener.dir/src/listener.cpp.o[0m
[4.585s] [ 75%] [32m[1mLinking CXX executable talker[0m
[4.739s] [ 75%] Built target talker
[6.872s] [100%] [32m[1mLinking CXX executable listener[0m
[7.062s] [100%] Built target listener
[7.074s] Invoked command in '/home/harish-k/ROS2 Assignment/Assignemnt 8/build/ros2_launch_demo' returned '0': CMAKE_PREFIX_PATH=${CMAKE_PREFIX_PATH}:/opt/ros/jazzy DEBUGINFOD_URLS=https://debuginfod.ubuntu.com /usr/bin/cmake --build /home/harish-k/ROS2 Assignment/Assignemnt 8/build/ros2_launch_demo -- -j12 -l12
[7.084s] Invoking command in '/home/harish-k/ROS2 Assignment/Assignemnt 8/build/ros2_launch_demo': CMAKE_PREFIX_PATH=${CMAKE_PREFIX_PATH}:/opt/ros/jazzy DEBUGINFOD_URLS=https://debuginfod.ubuntu.com /usr/bin/cmake --install /home/harish-k/ROS2 Assignment/Assignemnt 8/build/ros2_launch_demo
[7.093s] -- Install configuration: ""
[7.094s] -- Installing: /home/harish-k/ROS2 Assignment/Assignemnt 8/install/ros2_launch_demo/lib/ros2_launch_demo/talker
[7.094s] -- Set non-toolchain portion of runtime path of "/home/harish-k/ROS2 Assignment/Assignemnt 8/install/ros2_launch_demo/lib/ros2_launch_demo/talker" to ""
[7.094s] -- Installing: /home/harish-k/ROS2 Assignment/Assignemnt 8/install/ros2_launch_demo/lib/ros2_launch_demo/listener
[7.096s] -- Set non-toolchain portion of runtime path of "/home/harish-k/ROS2 Assignment/Assignemnt 8/install/ros2_launch_demo/lib/ros2_launch_demo/listener" to ""
[7.096s] -- Installing: /home/harish-k/ROS2 Assignment/Assignemnt 8/install/ros2_launch_demo/share/ros2_launch_demo/launch
[7.096s] -- Installing: /home/harish-k/ROS2 Assignment/Assignemnt 8/install/ros2_launch_demo/share/ros2_launch_demo/launch/pubsub.launch.py
[7.096s] -- Installing: /home/harish-k/ROS2 Assignment/Assignemnt 8/install/ros2_launch_demo/share/ament_index/resource_index/package_run_dependencies/ros2_launch_demo
[7.096s] -- Installing: /home/harish-k/ROS2 Assignment/Assignemnt 8/install/ros2_launch_demo/share/ament_index/resource_index/parent_prefix_path/ros2_launch_demo
[7.096s] -- Installing: /home/harish-k/ROS2 Assignment/Assignemnt 8/install/ros2_launch_demo/share/ros2_launch_demo/environment/ament_prefix_path.sh
[7.096s] -- Installing: /home/harish-k/ROS2 Assignment/Assignemnt 8/install/ros2_launch_demo/share/ros2_launch_demo/environment/ament_prefix_path.dsv
[7.096s] -- Installing: /home/harish-k/ROS2 Assignment/Assignemnt 8/install/ros2_launch_demo/share/ros2_launch_demo/environment/path.sh
[7.096s] -- Installing: /home/harish-k/ROS2 Assignment/Assignemnt 8/install/ros2_launch_demo/share/ros2_launch_demo/environment/path.dsv
[7.096s] -- Installing: /home/harish-k/ROS2 Assignment/Assignemnt 8/install/ros2_launch_demo/share/ros2_launch_demo/local_setup.bash
[7.096s] -- Installing: /home/harish-k/ROS2 Assignment/Assignemnt 8/install/ros2_launch_demo/share/ros2_launch_demo/local_setup.sh
[7.097s] -- Installing: /home/harish-k/ROS2 Assignment/Assignemnt 8/install/ros2_launch_demo/share/ros2_launch_demo/local_setup.zsh
[7.097s] -- Installing: /home/harish-k/ROS2 Assignment/Assignemnt 8/install/ros2_launch_demo/share/ros2_launch_demo/local_setup.dsv
[7.097s] -- Installing: /home/harish-k/ROS2 Assignment/Assignemnt 8/install/ros2_launch_demo/share/ros2_launch_demo/package.dsv
[7.097s] -- Installing: /home/harish-k/ROS2 Assignment/Assignemnt 8/install/ros2_launch_demo/share/ament_index/resource_index/packages/ros2_launch_demo
[7.097s] -- Installing: /home/harish-k/ROS2 Assignment/Assignemnt 8/install/ros2_launch_demo/share/ros2_launch_demo/cmake/ros2_launch_demoConfig.cmake
[7.097s] -- Installing: /home/harish-k/ROS2 Assignment/Assignemnt 8/install/ros2_launch_demo/share/ros2_launch_demo/cmake/ros2_launch_demoConfig-version.cmake
[7.097s] -- Installing: /home/harish-k/ROS2 Assignment/Assignemnt 8/install/ros2_launch_demo/share/ros2_launch_demo/package.xml
[7.098s] Invoked command in '/home/harish-k/ROS2 Assignment/Assignemnt 8/build/ros2_launch_demo' returned '0': CMAKE_PREFIX_PATH=${CMAKE_PREFIX_PATH}:/opt/ros/jazzy DEBUGINFOD_URLS=https://debuginfod.ubuntu.com /usr/bin/cmake --install /home/harish-k/ROS2 Assignment/Assignemnt 8/build/ros2_launch_demo
