-- The C compiler identification is GNU 13.3.0
-- The CXX compiler identification is GNU 13.3.0
-- Detecting C compiler ABI info
-- Detecting C compiler ABI info - done
-- Check for working C compiler: /usr/bin/cc - skipped
-- Detecting C compile features
-- Detecting C compile features - done
-- Detecting CXX compiler ABI info
-- Detecting CXX compiler ABI info - done
-- Check for working CXX compiler: /usr/bin/c++ - skipped
-- Detecting CXX compile features
-- Detecting CXX compile features - done
-- Found ament_cmake: 2.5.4 (/opt/ros/jazzy/share/ament_cmake/cmake)
-- Found Python3: /usr/bin/python3 (found version "3.12.3") found components: Interpreter 
-- Found rclcpp: 28.1.13 (/opt/ros/jazzy/share/rclcpp/cmake)
-- Found rosidl_generator_c: 4.6.6 (/opt/ros/jazzy/share/rosidl_generator_c/cmake)
-- Found rosidl_generator_cpp: 4.6.6 (/opt/ros/jazzy/share/rosidl_generator_cpp/cmake)
-- Using all available rosidl_typesupport_c: rosidl_typesupport_fastrtps_c;rosidl_typesupport_introspection_c
-- Using all available rosidl_typesupport_cpp: rosidl_typesupport_fastrtps_cpp;rosidl_typesupport_introspection_cpp
-- Found rmw_implementation_cmake: 7.3.2 (/opt/ros/jazzy/share/rmw_implementation_cmake/cmake)
-- Found rmw_fastrtps_cpp: 8.4.3 (/opt/ros/jazzy/share/rmw_fastrtps_cpp/cmake)
-- Found OpenSSL: /usr/lib/x86_64-linux-gnu/libcrypto.so (found version "3.0.13")  
-- Found FastRTPS: /opt/ros/jazzy/include (Required is at least version "2.13") 
-- Using RMW implementation 'rmw_fastrtps_cpp' as default
-- Found rosidl_default_generators: 1.6.0 (/opt/ros/jazzy/share/rosidl_default_generators/cmake)
-- Found rosidl_adapter: 4.6.6 (/opt/ros/jazzy/share/rosidl_adapter/cmake)
-- Found ament_cmake_ros: 0.12.0 (/opt/ros/jazzy/share/ament_cmake_ros/cmake)
-- Using all available rosidl_typesupport_c: rosidl_typesupport_fastrtps_c;rosidl_typesupport_introspection_c
-- Using all available rosidl_typesupport_cpp: rosidl_typesupport_fastrtps_cpp;rosidl_typesupport_introspection_cpp
-- Found python_cmake_module: 0.11.1 (/opt/ros/jazzy/share/python_cmake_module/cmake)
-- Found PythonExtra: /usr/bin/python3  
-- Found Python3: /usr/bin/python3 (found version "3.12.3") found components: Interpreter Development NumPy Development.Module Development.Embed 
-- Found ament_lint_auto: 0.17.3 (/opt/ros/jazzy/share/ament_lint_auto/cmake)
-- Added test 'copyright' to check source files copyright and LICENSE
-- Added test 'cppcheck' to perform static code analysis on C / C++ code
-- Configured cppcheck include dirs: 
-- Configured cppcheck exclude dirs and/or files: 
-- Added test 'cpplint' to check C / C++ code against the Google style
-- Configured cpplint exclude dirs and/or files: 
-- Added test 'lint_cmake' to check CMake code style
-- Added test 'uncrustify' to check C / C++ code style
-- Configured uncrustify additional arguments: 
-- Added test 'xmllint' to check XML markup files
-- Configuring done (5.0s)
-- Generating done (0.0s)
-- Build files have been written to: /home/harish-k/ROS2 Assignment/Assignment 7/build/ros2_custom_msgs
[  2%] [34m[1mGenerating type hashes for ROS interfaces[0m
[  2%] Built target ament_cmake_python_copy_ros2_custom_msgs
[  2%] Built target ros2_custom_msgs__rosidl_generator_type_description
running egg_info
creating ros2_custom_msgs.egg-info
[  5%] [34m[1mGenerating C code for ROS interfaces[0m
writing ros2_custom_msgs.egg-info/PKG-INFO
writing dependency_links to ros2_custom_msgs.egg-info/dependency_links.txt
writing top-level names to ros2_custom_msgs.egg-info/top_level.txt
writing manifest file 'ros2_custom_msgs.egg-info/SOURCES.txt'
[  8%] [34m[1mGenerating C++ code for ROS interfaces[0m
reading manifest file 'ros2_custom_msgs.egg-info/SOURCES.txt'
writing manifest file 'ros2_custom_msgs.egg-info/SOURCES.txt'
[  8%] Built target ament_cmake_python_build_ros2_custom_msgs_egg
[  8%] Built target ros2_custom_msgs__cpp
[ 11%] [32mBuilding C object CMakeFiles/ros2_custom_msgs__rosidl_generator_c.dir/rosidl_generator_c/ros2_custom_msgs/msg/detail/robot_status__description.c.o[0m
[ 13%] [32mBuilding C object CMakeFiles/ros2_custom_msgs__rosidl_generator_c.dir/rosidl_generator_c/ros2_custom_msgs/msg/detail/robot_status__functions.c.o[0m
[ 16%] [32mBuilding C object CMakeFiles/ros2_custom_msgs__rosidl_generator_c.dir/rosidl_generator_c/ros2_custom_msgs/msg/detail/robot_status__type_support.c.o[0m
[ 19%] [32m[1mLinking C shared library libros2_custom_msgs__rosidl_generator_c.so[0m
[ 19%] Built target ros2_custom_msgs__rosidl_generator_c
[ 25%] [34m[1mGenerating C++ type support dispatch for ROS interfaces[0m
[ 25%] [34m[1mGenerating C++ type support for eProsima Fast-RTPS[0m
[ 27%] [34m[1mGenerating C++ introspection for ROS interfaces[0m
[ 30%] [34m[1mGenerating C introspection for ROS interfaces[0m
[ 33%] [34m[1mGenerating C type support for eProsima Fast-RTPS[0m
[ 36%] [34m[1mGenerating C type support dispatch for ROS interfaces[0m
[ 38%] [32mBuilding CXX object CMakeFiles/ros2_custom_msgs__rosidl_typesupport_c.dir/rosidl_typesupport_c/ros2_custom_msgs/msg/robot_status__type_support.cpp.o[0m
[ 41%] [32mBuilding CXX object CMakeFiles/ros2_custom_msgs__rosidl_typesupport_introspection_cpp.dir/rosidl_typesupport_introspection_cpp/ros2_custom_msgs/msg/detail/robot_status__type_support.cpp.o[0m
[ 47%] [32mBuilding CXX object CMakeFiles/ros2_custom_msgs__rosidl_typesupport_fastrtps_c.dir/rosidl_typesupport_fastrtps_c/ros2_custom_msgs/msg/detail/robot_status__type_support_c.cpp.o[0m
[ 47%] [32mBuilding CXX object CMakeFiles/ros2_custom_msgs__rosidl_typesupport_fastrtps_cpp.dir/rosidl_typesupport_fastrtps_cpp/ros2_custom_msgs/msg/detail/dds_fastrtps/robot_status__type_support.cpp.o[0m
[ 50%] [32m[1mLinking CXX shared library libros2_custom_msgs__rosidl_typesupport_c.so[0m
[ 52%] [32mBuilding CXX object CMakeFiles/ros2_custom_msgs__rosidl_typesupport_cpp.dir/rosidl_typesupport_cpp/ros2_custom_msgs/msg/robot_status__type_support.cpp.o[0m
[ 52%] Built target ros2_custom_msgs__rosidl_typesupport_c
[ 55%] [32mBuilding C object CMakeFiles/ros2_custom_msgs__rosidl_typesupport_introspection_c.dir/rosidl_typesupport_introspection_c/ros2_custom_msgs/msg/detail/robot_status__type_support.c.o[0m
[ 58%] [32m[1mLinking C shared library libros2_custom_msgs__rosidl_typesupport_introspection_c.so[0m
[ 58%] Built target ros2_custom_msgs__rosidl_typesupport_introspection_c
[ 61%] [32m[1mLinking CXX shared library libros2_custom_msgs__rosidl_typesupport_introspection_cpp.so[0m
[ 63%] [32m[1mLinking CXX shared library libros2_custom_msgs__rosidl_typesupport_cpp.so[0m
[ 63%] Built target ros2_custom_msgs__rosidl_typesupport_cpp
[ 63%] Built target ros2_custom_msgs__rosidl_typesupport_introspection_cpp
[ 66%] [32mBuilding CXX object CMakeFiles/status_publisher.dir/src/status_publisher.cpp.o[0m
[ 69%] [32m[1mLinking CXX shared library libros2_custom_msgs__rosidl_typesupport_fastrtps_cpp.so[0m
[ 72%] [32m[1mLinking CXX shared library libros2_custom_msgs__rosidl_typesupport_fastrtps_c.so[0m
[ 72%] Built target ros2_custom_msgs__rosidl_typesupport_fastrtps_cpp
[ 72%] Built target ros2_custom_msgs__rosidl_typesupport_fastrtps_c
[ 72%] Built target ros2_custom_msgs
[ 75%] [34m[1mGenerating Python code for ROS interfaces[0m
[ 75%] Built target ros2_custom_msgs__py
[ 77%] [32mBuilding C object CMakeFiles/ros2_custom_msgs__rosidl_generator_py.dir/rosidl_generator_py/ros2_custom_msgs/msg/_robot_status_s.c.o[0m
[ 80%] [32m[1mLinking C shared library libros2_custom_msgs__rosidl_generator_py.so[0m
[ 80%] Built target ros2_custom_msgs__rosidl_generator_py
[ 86%] [32mBuilding C object CMakeFiles/ros2_custom_msgs_s__rosidl_typesupport_c.dir/rosidl_generator_py/ros2_custom_msgs/_ros2_custom_msgs_s.ep.rosidl_typesupport_c.c.o[0m
[ 86%] [32mBuilding C object CMakeFiles/ros2_custom_msgs_s__rosidl_typesupport_introspection_c.dir/rosidl_generator_py/ros2_custom_msgs/_ros2_custom_msgs_s.ep.rosidl_typesupport_introspection_c.c.o[0m
[ 88%] [32mBuilding C object CMakeFiles/ros2_custom_msgs_s__rosidl_typesupport_fastrtps_c.dir/rosidl_generator_py/ros2_custom_msgs/_ros2_custom_msgs_s.ep.rosidl_typesupport_fastrtps_c.c.o[0m
[ 91%] [32m[1mLinking C shared module rosidl_generator_py/ros2_custom_msgs/ros2_custom_msgs_s__rosidl_typesupport_c.so[0m
[ 94%] [32m[1mLinking C shared module rosidl_generator_py/ros2_custom_msgs/ros2_custom_msgs_s__rosidl_typesupport_fastrtps_c.so[0m
[ 97%] [32m[1mLinking C shared module rosidl_generator_py/ros2_custom_msgs/ros2_custom_msgs_s__rosidl_typesupport_introspection_c.so[0m
[ 97%] Built target ros2_custom_msgs_s__rosidl_typesupport_c
[ 97%] Built target ros2_custom_msgs_s__rosidl_typesupport_fastrtps_c
[ 97%] Built target ros2_custom_msgs_s__rosidl_typesupport_introspection_c
[100%] [32m[1mLinking CXX executable status_publisher[0m
[100%] Built target status_publisher
-- Install configuration: ""
-- Installing: /home/harish-k/ROS2 Assignment/Assignment 7/install/ros2_custom_msgs/share/ament_index/resource_index/rosidl_interfaces/ros2_custom_msgs
-- Installing: /home/harish-k/ROS2 Assignment/Assignment 7/install/ros2_custom_msgs/share/ros2_custom_msgs/msg/RobotStatus.json
-- Installing: /home/harish-k/ROS2 Assignment/Assignment 7/install/ros2_custom_msgs/include/ros2_custom_msgs/ros2_custom_msgs
-- Installing: /home/harish-k/ROS2 Assignment/Assignment 7/install/ros2_custom_msgs/include/ros2_custom_msgs/ros2_custom_msgs/msg
-- Installing: /home/harish-k/ROS2 Assignment/Assignment 7/install/ros2_custom_msgs/include/ros2_custom_msgs/ros2_custom_msgs/msg/rosidl_generator_c__visibility_control.h
-- Installing: /home/harish-k/ROS2 Assignment/Assignment 7/install/ros2_custom_msgs/include/ros2_custom_msgs/ros2_custom_msgs/msg/robot_status.h
-- Installing: /home/harish-k/ROS2 Assignment/Assignment 7/install/ros2_custom_msgs/include/ros2_custom_msgs/ros2_custom_msgs/msg/detail
-- Installing: /home/harish-k/ROS2 Assignment/Assignment 7/install/ros2_custom_msgs/include/ros2_custom_msgs/ros2_custom_msgs/msg/detail/robot_status__struct.h
-- Installing: /home/harish-k/ROS2 Assignment/Assignment 7/install/ros2_custom_msgs/include/ros2_custom_msgs/ros2_custom_msgs/msg/detail/robot_status__type_support.h
-- Installing: /home/harish-k/ROS2 Assignment/Assignment 7/install/ros2_custom_msgs/include/ros2_custom_msgs/ros2_custom_msgs/msg/detail/robot_status__description.c
-- Installing: /home/harish-k/ROS2 Assignment/Assignment 7/install/ros2_custom_msgs/include/ros2_custom_msgs/ros2_custom_msgs/msg/detail/robot_status__type_support.c
-- Installing: /home/harish-k/ROS2 Assignment/Assignment 7/install/ros2_custom_msgs/include/ros2_custom_msgs/ros2_custom_msgs/msg/detail/robot_status__functions.h
-- Installing: /home/harish-k/ROS2 Assignment/Assignment 7/install/ros2_custom_msgs/include/ros2_custom_msgs/ros2_custom_msgs/msg/detail/robot_status__functions.c
-- Installing: /home/harish-k/ROS2 Assignment/Assignment 7/install/ros2_custom_msgs/share/ros2_custom_msgs/environment/library_path.sh
-- Installing: /home/harish-k/ROS2 Assignment/Assignment 7/install/ros2_custom_msgs/share/ros2_custom_msgs/environment/library_path.dsv
-- Installing: /home/harish-k/ROS2 Assignment/Assignment 7/install/ros2_custom_msgs/lib/libros2_custom_msgs__rosidl_generator_c.so
-- Set non-toolchain portion of runtime path of "/home/harish-k/ROS2 Assignment/Assignment 7/install/ros2_custom_msgs/lib/libros2_custom_msgs__rosidl_generator_c.so" to ""
-- Up-to-date: /home/harish-k/ROS2 Assignment/Assignment 7/install/ros2_custom_msgs/include/ros2_custom_msgs/ros2_custom_msgs
-- Up-to-date: /home/harish-k/ROS2 Assignment/Assignment 7/install/ros2_custom_msgs/include/ros2_custom_msgs/ros2_custom_msgs/msg
-- Installing: /home/harish-k/ROS2 Assignment/Assignment 7/install/ros2_custom_msgs/include/ros2_custom_msgs/ros2_custom_msgs/msg/rosidl_typesupport_fastrtps_c__visibility_control.h
-- Up-to-date: /home/harish-k/ROS2 Assignment/Assignment 7/install/ros2_custom_msgs/include/ros2_custom_msgs/ros2_custom_msgs/msg/detail
-- Installing: /home/harish-k/ROS2 Assignment/Assignment 7/install/ros2_custom_msgs/include/ros2_custom_msgs/ros2_custom_msgs/msg/detail/robot_status__rosidl_typesupport_fastrtps_c.h
-- Installing: /home/harish-k/ROS2 Assignment/Assignment 7/install/ros2_custom_msgs/lib/libros2_custom_msgs__rosidl_typesupport_fastrtps_c.so
-- Set non-toolchain portion of runtime path of "/home/harish-k/ROS2 Assignment/Assignment 7/install/ros2_custom_msgs/lib/libros2_custom_msgs__rosidl_typesupport_fastrtps_c.so" to ""
-- Up-to-date: /home/harish-k/ROS2 Assignment/Assignment 7/install/ros2_custom_msgs/include/ros2_custom_msgs/ros2_custom_msgs
-- Up-to-date: /home/harish-k/ROS2 Assignment/Assignment 7/install/ros2_custom_msgs/include/ros2_custom_msgs/ros2_custom_msgs/msg
-- Installing: /home/harish-k/ROS2 Assignment/Assignment 7/install/ros2_custom_msgs/include/ros2_custom_msgs/ros2_custom_msgs/msg/robot_status.hpp
-- Installing: /home/harish-k/ROS2 Assignment/Assignment 7/install/ros2_custom_msgs/include/ros2_custom_msgs/ros2_custom_msgs/msg/rosidl_generator_cpp__visibility_control.hpp
-- Up-to-date: /home/harish-k/ROS2 Assignment/Assignment 7/install/ros2_custom_msgs/include/ros2_custom_msgs/ros2_custom_msgs/msg/detail
-- Installing: /home/harish-k/ROS2 Assignment/Assignment 7/install/ros2_custom_msgs/include/ros2_custom_msgs/ros2_custom_msgs/msg/detail/robot_status__builder.hpp
-- Installing: /home/harish-k/ROS2 Assignment/Assignment 7/install/ros2_custom_msgs/include/ros2_custom_msgs/ros2_custom_msgs/msg/detail/robot_status__struct.hpp
-- Installing: /home/harish-k/ROS2 Assignment/Assignment 7/install/ros2_custom_msgs/include/ros2_custom_msgs/ros2_custom_msgs/msg/detail/robot_status__type_support.hpp
-- Installing: /home/harish-k/ROS2 Assignment/Assignment 7/install/ros2_custom_msgs/include/ros2_custom_msgs/ros2_custom_msgs/msg/detail/robot_status__traits.hpp
-- Up-to-date: /home/harish-k/ROS2 Assignment/Assignment 7/install/ros2_custom_msgs/include/ros2_custom_msgs/ros2_custom_msgs
-- Up-to-date: /home/harish-k/ROS2 Assignment/Assignment 7/install/ros2_custom_msgs/include/ros2_custom_msgs/ros2_custom_msgs/msg
-- Installing: /home/harish-k/ROS2 Assignment/Assignment 7/install/ros2_custom_msgs/include/ros2_custom_msgs/ros2_custom_msgs/msg/rosidl_typesupport_fastrtps_cpp__visibility_control.h
-- Up-to-date: /home/harish-k/ROS2 Assignment/Assignment 7/install/ros2_custom_msgs/include/ros2_custom_msgs/ros2_custom_msgs/msg/detail
-- Installing: /home/harish-k/ROS2 Assignment/Assignment 7/install/ros2_custom_msgs/include/ros2_custom_msgs/ros2_custom_msgs/msg/detail/dds_fastrtps
-- Installing: /home/harish-k/ROS2 Assignment/Assignment 7/install/ros2_custom_msgs/include/ros2_custom_msgs/ros2_custom_msgs/msg/detail/robot_status__rosidl_typesupport_fastrtps_cpp.hpp
-- Installing: /home/harish-k/ROS2 Assignment/Assignment 7/install/ros2_custom_msgs/lib/libros2_custom_msgs__rosidl_typesupport_fastrtps_cpp.so
-- Set non-toolchain portion of runtime path of "/home/harish-k/ROS2 Assignment/Assignment 7/install/ros2_custom_msgs/lib/libros2_custom_msgs__rosidl_typesupport_fastrtps_cpp.so" to ""
-- Up-to-date: /home/harish-k/ROS2 Assignment/Assignment 7/install/ros2_custom_msgs/include/ros2_custom_msgs/ros2_custom_msgs
-- Up-to-date: /home/harish-k/ROS2 Assignment/Assignment 7/install/ros2_custom_msgs/include/ros2_custom_msgs/ros2_custom_msgs/msg
-- Up-to-date: /home/harish-k/ROS2 Assignment/Assignment 7/install/ros2_custom_msgs/include/ros2_custom_msgs/ros2_custom_msgs/msg/detail
-- Up-to-date: /home/harish-k/ROS2 Assignment/Assignment 7/install/ros2_custom_msgs/include/ros2_custom_msgs/ros2_custom_msgs/msg/detail/robot_status__type_support.c
-- Installing: /home/harish-k/ROS2 Assignment/Assignment 7/install/ros2_custom_msgs/include/ros2_custom_msgs/ros2_custom_msgs/msg/detail/robot_status__rosidl_typesupport_introspection_c.h
-- Installing: /home/harish-k/ROS2 Assignment/Assignment 7/install/ros2_custom_msgs/include/ros2_custom_msgs/ros2_custom_msgs/msg/rosidl_typesupport_introspection_c__visibility_control.h
-- Installing: /home/harish-k/ROS2 Assignment/Assignment 7/install/ros2_custom_msgs/lib/libros2_custom_msgs__rosidl_typesupport_introspection_c.so
-- Set non-toolchain portion of runtime path of "/home/harish-k/ROS2 Assignment/Assignment 7/install/ros2_custom_msgs/lib/libros2_custom_msgs__rosidl_typesupport_introspection_c.so" to ""
-- Installing: /home/harish-k/ROS2 Assignment/Assignment 7/install/ros2_custom_msgs/lib/libros2_custom_msgs__rosidl_typesupport_c.so
-- Set non-toolchain portion of runtime path of "/home/harish-k/ROS2 Assignment/Assignment 7/install/ros2_custom_msgs/lib/libros2_custom_msgs__rosidl_typesupport_c.so" to ""
-- Up-to-date: /home/harish-k/ROS2 Assignment/Assignment 7/install/ros2_custom_msgs/include/ros2_custom_msgs/ros2_custom_msgs
-- Up-to-date: /home/harish-k/ROS2 Assignment/Assignment 7/install/ros2_custom_msgs/include/ros2_custom_msgs/ros2_custom_msgs/msg
-- Up-to-date: /home/harish-k/ROS2 Assignment/Assignment 7/install/ros2_custom_msgs/include/ros2_custom_msgs/ros2_custom_msgs/msg/detail
-- Installing: /home/harish-k/ROS2 Assignment/Assignment 7/install/ros2_custom_msgs/include/ros2_custom_msgs/ros2_custom_msgs/msg/detail/robot_status__rosidl_typesupport_introspection_cpp.hpp
-- Installing: /home/harish-k/ROS2 Assignment/Assignment 7/install/ros2_custom_msgs/include/ros2_custom_msgs/ros2_custom_msgs/msg/detail/robot_status__type_support.cpp
-- Installing: /home/harish-k/ROS2 Assignment/Assignment 7/install/ros2_custom_msgs/lib/libros2_custom_msgs__rosidl_typesupport_introspection_cpp.so
-- Set non-toolchain portion of runtime path of "/home/harish-k/ROS2 Assignment/Assignment 7/install/ros2_custom_msgs/lib/libros2_custom_msgs__rosidl_typesupport_introspection_cpp.so" to ""
-- Installing: /home/harish-k/ROS2 Assignment/Assignment 7/install/ros2_custom_msgs/lib/libros2_custom_msgs__rosidl_typesupport_cpp.so
-- Set non-toolchain portion of runtime path of "/home/harish-k/ROS2 Assignment/Assignment 7/install/ros2_custom_msgs/lib/libros2_custom_msgs__rosidl_typesupport_cpp.so" to ""
-- Installing: /home/harish-k/ROS2 Assignment/Assignment 7/install/ros2_custom_msgs/share/ros2_custom_msgs/environment/pythonpath.sh
-- Installing: /home/harish-k/ROS2 Assignment/Assignment 7/install/ros2_custom_msgs/share/ros2_custom_msgs/environment/pythonpath.dsv
-- Installing: /home/harish-k/ROS2 Assignment/Assignment 7/install/ros2_custom_msgs/lib/python3.12/site-packages/ros2_custom_msgs-0.0.0-py3.12.egg-info
-- Installing: /home/harish-k/ROS2 Assignment/Assignment 7/install/ros2_custom_msgs/lib/python3.12/site-packages/ros2_custom_msgs-0.0.0-py3.12.egg-info/dependency_links.txt
-- Installing: /home/harish-k/ROS2 Assignment/Assignment 7/install/ros2_custom_msgs/lib/python3.12/site-packages/ros2_custom_msgs-0.0.0-py3.12.egg-info/PKG-INFO
-- Installing: /home/harish-k/ROS2 Assignment/Assignment 7/install/ros2_custom_msgs/lib/python3.12/site-packages/ros2_custom_msgs-0.0.0-py3.12.egg-info/top_level.txt
-- Installing: /home/harish-k/ROS2 Assignment/Assignment 7/install/ros2_custom_msgs/lib/python3.12/site-packages/ros2_custom_msgs-0.0.0-py3.12.egg-info/SOURCES.txt
-- Installing: /home/harish-k/ROS2 Assignment/Assignment 7/install/ros2_custom_msgs/lib/python3.12/site-packages/ros2_custom_msgs
-- Installing: /home/harish-k/ROS2 Assignment/Assignment 7/install/ros2_custom_msgs/lib/python3.12/site-packages/ros2_custom_msgs/ros2_custom_msgs_s__rosidl_typesupport_fastrtps_c.so
-- Installing: /home/harish-k/ROS2 Assignment/Assignment 7/install/ros2_custom_msgs/lib/python3.12/site-packages/ros2_custom_msgs/__init__.py
-- Installing: /home/harish-k/ROS2 Assignment/Assignment 7/install/ros2_custom_msgs/lib/python3.12/site-packages/ros2_custom_msgs/ros2_custom_msgs_s__rosidl_typesupport_c.so
-- Installing: /home/harish-k/ROS2 Assignment/Assignment 7/install/ros2_custom_msgs/lib/python3.12/site-packages/ros2_custom_msgs/_ros2_custom_msgs_s.ep.rosidl_typesupport_fastrtps_c.c
-- Installing: /home/harish-k/ROS2 Assignment/Assignment 7/install/ros2_custom_msgs/lib/python3.12/site-packages/ros2_custom_msgs/_ros2_custom_msgs_s.ep.rosidl_typesupport_introspection_c.c
-- Installing: /home/harish-k/ROS2 Assignment/Assignment 7/install/ros2_custom_msgs/lib/python3.12/site-packages/ros2_custom_msgs/_ros2_custom_msgs_s.ep.rosidl_typesupport_c.c
-- Installing: /home/harish-k/ROS2 Assignment/Assignment 7/install/ros2_custom_msgs/lib/python3.12/site-packages/ros2_custom_msgs/msg
-- Installing: /home/harish-k/ROS2 Assignment/Assignment 7/install/ros2_custom_msgs/lib/python3.12/site-packages/ros2_custom_msgs/msg/__init__.py
-- Installing: /home/harish-k/ROS2 Assignment/Assignment 7/install/ros2_custom_msgs/lib/python3.12/site-packages/ros2_custom_msgs/msg/_robot_status_s.c
-- Installing: /home/harish-k/ROS2 Assignment/Assignment 7/install/ros2_custom_msgs/lib/python3.12/site-packages/ros2_custom_msgs/msg/_robot_status.py
-- Installing: /home/harish-k/ROS2 Assignment/Assignment 7/install/ros2_custom_msgs/lib/python3.12/site-packages/ros2_custom_msgs/ros2_custom_msgs_s__rosidl_typesupport_introspection_c.so
Listing '/home/harish-k/ROS2 Assignment/Assignment 7/install/ros2_custom_msgs/lib/python3.12/site-packages/ros2_custom_msgs'...
Compiling '/home/harish-k/ROS2 Assignment/Assignment 7/install/ros2_custom_msgs/lib/python3.12/site-packages/ros2_custom_msgs/__init__.py'...
Listing '/home/harish-k/ROS2 Assignment/Assignment 7/install/ros2_custom_msgs/lib/python3.12/site-packages/ros2_custom_msgs/msg'...
Compiling '/home/harish-k/ROS2 Assignment/Assignment 7/install/ros2_custom_msgs/lib/python3.12/site-packages/ros2_custom_msgs/msg/__init__.py'...
Compiling '/home/harish-k/ROS2 Assignment/Assignment 7/install/ros2_custom_msgs/lib/python3.12/site-packages/ros2_custom_msgs/msg/_robot_status.py'...
-- Installing: /home/harish-k/ROS2 Assignment/Assignment 7/install/ros2_custom_msgs/lib/python3.12/site-packages/ros2_custom_msgs/ros2_custom_msgs_s__rosidl_typesupport_fastrtps_c.so
-- Set non-toolchain portion of runtime path of "/home/harish-k/ROS2 Assignment/Assignment 7/install/ros2_custom_msgs/lib/python3.12/site-packages/ros2_custom_msgs/ros2_custom_msgs_s__rosidl_typesupport_fastrtps_c.so" to ""
-- Installing: /home/harish-k/ROS2 Assignment/Assignment 7/install/ros2_custom_msgs/lib/python3.12/site-packages/ros2_custom_msgs/ros2_custom_msgs_s__rosidl_typesupport_introspection_c.so
-- Set non-toolchain portion of runtime path of "/home/harish-k/ROS2 Assignment/Assignment 7/install/ros2_custom_msgs/lib/python3.12/site-packages/ros2_custom_msgs/ros2_custom_msgs_s__rosidl_typesupport_introspection_c.so" to ""
-- Installing: /home/harish-k/ROS2 Assignment/Assignment 7/install/ros2_custom_msgs/lib/python3.12/site-packages/ros2_custom_msgs/ros2_custom_msgs_s__rosidl_typesupport_c.so
-- Set non-toolchain portion of runtime path of "/home/harish-k/ROS2 Assignment/Assignment 7/install/ros2_custom_msgs/lib/python3.12/site-packages/ros2_custom_msgs/ros2_custom_msgs_s__rosidl_typesupport_c.so" to ""
-- Installing: /home/harish-k/ROS2 Assignment/Assignment 7/install/ros2_custom_msgs/lib/libros2_custom_msgs__rosidl_generator_py.so
-- Set non-toolchain portion of runtime path of "/home/harish-k/ROS2 Assignment/Assignment 7/install/ros2_custom_msgs/lib/libros2_custom_msgs__rosidl_generator_py.so" to ""
-- Installing: /home/harish-k/ROS2 Assignment/Assignment 7/install/ros2_custom_msgs/share/ros2_custom_msgs/msg/RobotStatus.idl
-- Installing: /home/harish-k/ROS2 Assignment/Assignment 7/install/ros2_custom_msgs/share/ros2_custom_msgs/msg/RobotStatus.msg
-- Installing: /home/harish-k/ROS2 Assignment/Assignment 7/install/ros2_custom_msgs/lib/ros2_custom_msgs/status_publisher
-- Set non-toolchain portion of runtime path of "/home/harish-k/ROS2 Assignment/Assignment 7/install/ros2_custom_msgs/lib/ros2_custom_msgs/status_publisher" to ""
-- Installing: /home/harish-k/ROS2 Assignment/Assignment 7/install/ros2_custom_msgs/share/ament_index/resource_index/package_run_dependencies/ros2_custom_msgs
-- Installing: /home/harish-k/ROS2 Assignment/Assignment 7/install/ros2_custom_msgs/share/ament_index/resource_index/parent_prefix_path/ros2_custom_msgs
-- Installing: /home/harish-k/ROS2 Assignment/Assignment 7/install/ros2_custom_msgs/share/ros2_custom_msgs/environment/ament_prefix_path.sh
-- Installing: /home/harish-k/ROS2 Assignment/Assignment 7/install/ros2_custom_msgs/share/ros2_custom_msgs/environment/ament_prefix_path.dsv
-- Installing: /home/harish-k/ROS2 Assignment/Assignment 7/install/ros2_custom_msgs/share/ros2_custom_msgs/environment/path.sh
-- Installing: /home/harish-k/ROS2 Assignment/Assignment 7/install/ros2_custom_msgs/share/ros2_custom_msgs/environment/path.dsv
-- Installing: /home/harish-k/ROS2 Assignment/Assignment 7/install/ros2_custom_msgs/share/ros2_custom_msgs/local_setup.bash
-- Installing: /home/harish-k/ROS2 Assignment/Assignment 7/install/ros2_custom_msgs/share/ros2_custom_msgs/local_setup.sh
-- Installing: /home/harish-k/ROS2 Assignment/Assignment 7/install/ros2_custom_msgs/share/ros2_custom_msgs/local_setup.zsh
-- Installing: /home/harish-k/ROS2 Assignment/Assignment 7/install/ros2_custom_msgs/share/ros2_custom_msgs/local_setup.dsv
-- Installing: /home/harish-k/ROS2 Assignment/Assignment 7/install/ros2_custom_msgs/share/ros2_custom_msgs/package.dsv
-- Installing: /home/harish-k/ROS2 Assignment/Assignment 7/install/ros2_custom_msgs/share/ament_index/resource_index/packages/ros2_custom_msgs
-- Installing: /home/harish-k/ROS2 Assignment/Assignment 7/install/ros2_custom_msgs/share/ros2_custom_msgs/cmake/export_ros2_custom_msgs__rosidl_generator_cExport.cmake
-- Installing: /home/harish-k/ROS2 Assignment/Assignment 7/install/ros2_custom_msgs/share/ros2_custom_msgs/cmake/export_ros2_custom_msgs__rosidl_generator_cExport-noconfig.cmake
-- Installing: /home/harish-k/ROS2 Assignment/Assignment 7/install/ros2_custom_msgs/share/ros2_custom_msgs/cmake/export_ros2_custom_msgs__rosidl_typesupport_fastrtps_cExport.cmake
-- Installing: /home/harish-k/ROS2 Assignment/Assignment 7/install/ros2_custom_msgs/share/ros2_custom_msgs/cmake/export_ros2_custom_msgs__rosidl_typesupport_fastrtps_cExport-noconfig.cmake
-- Installing: /home/harish-k/ROS2 Assignment/Assignment 7/install/ros2_custom_msgs/share/ros2_custom_msgs/cmake/export_ros2_custom_msgs__rosidl_generator_cppExport.cmake
-- Installing: /home/harish-k/ROS2 Assignment/Assignment 7/install/ros2_custom_msgs/share/ros2_custom_msgs/cmake/export_ros2_custom_msgs__rosidl_typesupport_fastrtps_cppExport.cmake
-- Installing: /home/harish-k/ROS2 Assignment/Assignment 7/install/ros2_custom_msgs/share/ros2_custom_msgs/cmake/export_ros2_custom_msgs__rosidl_typesupport_fastrtps_cppExport-noconfig.cmake
-- Installing: /home/harish-k/ROS2 Assignment/Assignment 7/install/ros2_custom_msgs/share/ros2_custom_msgs/cmake/ros2_custom_msgs__rosidl_typesupport_introspection_cExport.cmake
-- Installing: /home/harish-k/ROS2 Assignment/Assignment 7/install/ros2_custom_msgs/share/ros2_custom_msgs/cmake/ros2_custom_msgs__rosidl_typesupport_introspection_cExport-noconfig.cmake
-- Installing: /home/harish-k/ROS2 Assignment/Assignment 7/install/ros2_custom_msgs/share/ros2_custom_msgs/cmake/ros2_custom_msgs__rosidl_typesupport_cExport.cmake
-- Installing: /home/harish-k/ROS2 Assignment/Assignment 7/install/ros2_custom_msgs/share/ros2_custom_msgs/cmake/ros2_custom_msgs__rosidl_typesupport_cExport-noconfig.cmake
-- Installing: /home/harish-k/ROS2 Assignment/Assignment 7/install/ros2_custom_msgs/share/ros2_custom_msgs/cmake/ros2_custom_msgs__rosidl_typesupport_introspection_cppExport.cmake
-- Installing: /home/harish-k/ROS2 Assignment/Assignment 7/install/ros2_custom_msgs/share/ros2_custom_msgs/cmake/ros2_custom_msgs__rosidl_typesupport_introspection_cppExport-noconfig.cmake
-- Installing: /home/harish-k/ROS2 Assignment/Assignment 7/install/ros2_custom_msgs/share/ros2_custom_msgs/cmake/ros2_custom_msgs__rosidl_typesupport_cppExport.cmake
-- Installing: /home/harish-k/ROS2 Assignment/Assignment 7/install/ros2_custom_msgs/share/ros2_custom_msgs/cmake/ros2_custom_msgs__rosidl_typesupport_cppExport-noconfig.cmake
-- Installing: /home/harish-k/ROS2 Assignment/Assignment 7/install/ros2_custom_msgs/share/ros2_custom_msgs/cmake/export_ros2_custom_msgs__rosidl_generator_pyExport.cmake
-- Installing: /home/harish-k/ROS2 Assignment/Assignment 7/install/ros2_custom_msgs/share/ros2_custom_msgs/cmake/export_ros2_custom_msgs__rosidl_generator_pyExport-noconfig.cmake
-- Installing: /home/harish-k/ROS2 Assignment/Assignment 7/install/ros2_custom_msgs/share/ros2_custom_msgs/cmake/rosidl_cmake-extras.cmake
-- Installing: /home/harish-k/ROS2 Assignment/Assignment 7/install/ros2_custom_msgs/share/ros2_custom_msgs/cmake/ament_cmake_export_include_directories-extras.cmake
-- Installing: /home/harish-k/ROS2 Assignment/Assignment 7/install/ros2_custom_msgs/share/ros2_custom_msgs/cmake/ament_cmake_export_libraries-extras.cmake
-- Installing: /home/harish-k/ROS2 Assignment/Assignment 7/install/ros2_custom_msgs/share/ros2_custom_msgs/cmake/ament_cmake_export_targets-extras.cmake
-- Installing: /home/harish-k/ROS2 Assignment/Assignment 7/install/ros2_custom_msgs/share/ros2_custom_msgs/cmake/rosidl_cmake_export_typesupport_targets-extras.cmake
-- Installing: /home/harish-k/ROS2 Assignment/Assignment 7/install/ros2_custom_msgs/share/ros2_custom_msgs/cmake/ament_cmake_export_dependencies-extras.cmake
-- Installing: /home/harish-k/ROS2 Assignment/Assignment 7/install/ros2_custom_msgs/share/ros2_custom_msgs/cmake/rosidl_cmake_export_typesupport_libraries-extras.cmake
-- Installing: /home/harish-k/ROS2 Assignment/Assignment 7/install/ros2_custom_msgs/share/ros2_custom_msgs/cmake/ros2_custom_msgsConfig.cmake
-- Installing: /home/harish-k/ROS2 Assignment/Assignment 7/install/ros2_custom_msgs/share/ros2_custom_msgs/cmake/ros2_custom_msgsConfig-version.cmake
-- Installing: /home/harish-k/ROS2 Assignment/Assignment 7/install/ros2_custom_msgs/share/ros2_custom_msgs/package.xml
