[0.166s] DEBUG:colcon:Command line arguments: ['/usr/bin/colcon', 'build', '--packages-select', 'ros2_launch_demo']
[0.166s] DEBUG:colcon:Parsed command line arguments: Namespace(log_base=None, log_level=None, verb_name='build', build_base='build', install_base='install', merge_install=False, symlink_install=False, test_result_base=None, continue_on_error=False, executor='parallel', parallel_workers=12, event_handlers=None, ignore_user_meta=False, metas=['./colcon.meta'], base_paths=['.'], packages_ignore=None, packages_ignore_regex=None, paths=None, packages_up_to=None, packages_up_to_regex=None, packages_above=None, packages_above_and_dependencies=None, packages_above_depth=None, packages_select_by_dep=None, packages_skip_by_dep=None, packages_skip_up_to=None, packages_select_build_failed=False, packages_skip_build_finished=False, packages_select_test_failures=False, packages_skip_test_passed=False, packages_select=['ros2_launch_demo'], packages_skip=None, packages_select_regex=None, packages_skip_regex=None, packages_start=None, packages_end=None, allow_overriding=[], cmake_args=None, cmake_target=None, cmake_target_skip_unavailable=False, cmake_clean_cache=False, cmake_clean_first=False, cmake_force_configure=False, ament_cmake_args=None, catkin_cmake_args=None, catkin_skip_building_tests=False, verb_parser=<colcon_defaults.argument_parser.defaults.DefaultArgumentsDecorator object at 0x713d64685a00>, verb_extension=<colcon_core.verb.build.BuildVerb object at 0x713d64685640>, main=<bound method BuildVerb.main of <colcon_core.verb.build.BuildVerb object at 0x713d64685640>>)
[0.204s] Level 1:colcon.colcon_core.package_discovery:discover_packages(colcon_meta) check parameters
[0.204s] Level 1:colcon.colcon_core.package_discovery:discover_packages(recursive) check parameters
[0.204s] Level 1:colcon.colcon_core.package_discovery:discover_packages(ignore) check parameters
[0.204s] Level 1:colcon.colcon_core.package_discovery:discover_packages(path) check parameters
[0.204s] Level 1:colcon.colcon_core.package_discovery:discover_packages(colcon_meta) discover
[0.204s] Level 1:colcon.colcon_core.package_discovery:discover_packages(recursive) discover
[0.204s] INFO:colcon.colcon_core.package_discovery:Crawling recursively for packages in '/home/harish-k/ROS2 Assignment/Assignemnt 8'
[0.205s] Level 1:colcon.colcon_core.package_identification:_identify(.) by extensions ['ignore', 'ignore_ament_install']
[0.205s] Level 1:colcon.colcon_core.package_identification:_identify(.) by extension 'ignore'
[0.205s] Level 1:colcon.colcon_core.package_identification:_identify(.) by extension 'ignore_ament_install'
[0.205s] Level 1:colcon.colcon_core.package_identification:_identify(.) by extensions ['colcon_pkg']
[0.205s] Level 1:colcon.colcon_core.package_identification:_identify(.) by extension 'colcon_pkg'
[0.205s] Level 1:colcon.colcon_core.package_identification:_identify(.) by extensions ['colcon_meta']
[0.205s] Level 1:colcon.colcon_core.package_identification:_identify(.) by extension 'colcon_meta'
[0.205s] Level 1:colcon.colcon_core.package_identification:_identify(.) by extensions ['ros']
[0.205s] Level 1:colcon.colcon_core.package_identification:_identify(.) by extension 'ros'
[0.224s] Level 1:colcon.colcon_core.package_identification:_identify(.) by extensions ['cmake', 'python']
[0.224s] Level 1:colcon.colcon_core.package_identification:_identify(.) by extension 'cmake'
[0.224s] Level 1:colcon.colcon_core.package_identification:_identify(.) by extension 'python'
[0.224s] Level 1:colcon.colcon_core.package_identification:_identify(.) by extensions ['python_setup_py']
[0.224s] Level 1:colcon.colcon_core.package_identification:_identify(.) by extension 'python_setup_py'
[0.224s] Level 1:colcon.colcon_core.package_identification:_identify(assignment-ros2-launch-files-rkhm2004) by extensions ['ignore', 'ignore_ament_install']
[0.224s] Level 1:colcon.colcon_core.package_identification:_identify(assignment-ros2-launch-files-rkhm2004) by extension 'ignore'
[0.224s] Level 1:colcon.colcon_core.package_identification:_identify(assignment-ros2-launch-files-rkhm2004) by extension 'ignore_ament_install'
[0.224s] Level 1:colcon.colcon_core.package_identification:_identify(assignment-ros2-launch-files-rkhm2004) by extensions ['colcon_pkg']
[0.225s] Level 1:colcon.colcon_core.package_identification:_identify(assignment-ros2-launch-files-rkhm2004) by extension 'colcon_pkg'
[0.225s] Level 1:colcon.colcon_core.package_identification:_identify(assignment-ros2-launch-files-rkhm2004) by extensions ['colcon_meta']
[0.225s] Level 1:colcon.colcon_core.package_identification:_identify(assignment-ros2-launch-files-rkhm2004) by extension 'colcon_meta'
[0.225s] Level 1:colcon.colcon_core.package_identification:_identify(assignment-ros2-launch-files-rkhm2004) by extensions ['ros']
[0.225s] Level 1:colcon.colcon_core.package_identification:_identify(assignment-ros2-launch-files-rkhm2004) by extension 'ros'
[0.227s] DEBUG:colcon.colcon_core.package_identification:Package 'assignment-ros2-launch-files-rkhm2004' with type 'ros.ament_cmake' and name 'ros2_launch_demo'
[0.227s] Level 1:colcon.colcon_core.package_identification:_identify(build) by extensions ['ignore', 'ignore_ament_install']
[0.227s] Level 1:colcon.colcon_core.package_identification:_identify(build) by extension 'ignore'
[0.227s] Level 1:colcon.colcon_core.package_identification:_identify(build) ignored
[0.227s] Level 1:colcon.colcon_core.package_identification:_identify(install) by extensions ['ignore', 'ignore_ament_install']
[0.227s] Level 1:colcon.colcon_core.package_identification:_identify(install) by extension 'ignore'
[0.227s] Level 1:colcon.colcon_core.package_identification:_identify(install) ignored
[0.227s] Level 1:colcon.colcon_core.package_identification:_identify(log) by extensions ['ignore', 'ignore_ament_install']
[0.227s] Level 1:colcon.colcon_core.package_identification:_identify(log) by extension 'ignore'
[0.227s] Level 1:colcon.colcon_core.package_identification:_identify(log) ignored
[0.228s] Level 1:colcon.colcon_core.package_discovery:discover_packages(recursive) using defaults
[0.228s] Level 1:colcon.colcon_core.package_discovery:discover_packages(ignore) discover
[0.228s] Level 1:colcon.colcon_core.package_discovery:discover_packages(ignore) using defaults
[0.228s] Level 1:colcon.colcon_core.package_discovery:discover_packages(path) discover
[0.228s] Level 1:colcon.colcon_core.package_discovery:discover_packages(path) using defaults
[0.243s] Level 1:colcon.colcon_core.package_discovery:discover_packages(prefix_path) check parameters
[0.243s] Level 1:colcon.colcon_core.package_discovery:discover_packages(prefix_path) discover
[0.246s] DEBUG:colcon.colcon_installed_package_information.package_discovery:Found 315 installed packages in /opt/ros/jazzy
[0.246s] Level 1:colcon.colcon_core.package_discovery:discover_packages(prefix_path) using defaults
[0.271s] Level 5:colcon.colcon_core.verb:set package 'ros2_launch_demo' build argument 'cmake_args' from command line to 'None'
[0.271s] Level 5:colcon.colcon_core.verb:set package 'ros2_launch_demo' build argument 'cmake_target' from command line to 'None'
[0.271s] Level 5:colcon.colcon_core.verb:set package 'ros2_launch_demo' build argument 'cmake_target_skip_unavailable' from command line to 'False'
[0.271s] Level 5:colcon.colcon_core.verb:set package 'ros2_launch_demo' build argument 'cmake_clean_cache' from command line to 'False'
[0.271s] Level 5:colcon.colcon_core.verb:set package 'ros2_launch_demo' build argument 'cmake_clean_first' from command line to 'False'
[0.271s] Level 5:colcon.colcon_core.verb:set package 'ros2_launch_demo' build argument 'cmake_force_configure' from command line to 'False'
[0.271s] Level 5:colcon.colcon_core.verb:set package 'ros2_launch_demo' build argument 'ament_cmake_args' from command line to 'None'
[0.271s] Level 5:colcon.colcon_core.verb:set package 'ros2_launch_demo' build argument 'catkin_cmake_args' from command line to 'None'
[0.271s] Level 5:colcon.colcon_core.verb:set package 'ros2_launch_demo' build argument 'catkin_skip_building_tests' from command line to 'False'
[0.271s] DEBUG:colcon.colcon_core.verb:Building package 'ros2_launch_demo' with the following arguments: {'ament_cmake_args': None, 'build_base': '/home/harish-k/ROS2 Assignment/Assignemnt 8/build/ros2_launch_demo', 'catkin_cmake_args': None, 'catkin_skip_building_tests': False, 'cmake_args': None, 'cmake_clean_cache': False, 'cmake_clean_first': False, 'cmake_force_configure': False, 'cmake_target': None, 'cmake_target_skip_unavailable': False, 'install_base': '/home/harish-k/ROS2 Assignment/Assignemnt 8/install/ros2_launch_demo', 'merge_install': False, 'path': '/home/harish-k/ROS2 Assignment/Assignemnt 8/assignment-ros2-launch-files-rkhm2004', 'symlink_install': False, 'test_result_base': None}
[0.271s] INFO:colcon.colcon_core.executor:Executing jobs using 'parallel' executor
[0.272s] DEBUG:colcon.colcon_parallel_executor.executor.parallel:run_until_complete
[0.272s] INFO:colcon.colcon_ros.task.ament_cmake.build:Building ROS package in '/home/harish-k/ROS2 Assignment/Assignemnt 8/assignment-ros2-launch-files-rkhm2004' with build type 'ament_cmake'
[0.272s] INFO:colcon.colcon_cmake.task.cmake.build:Building CMake package in '/home/harish-k/ROS2 Assignment/Assignemnt 8/assignment-ros2-launch-files-rkhm2004'
[0.276s] INFO:colcon.colcon_core.plugin_system:Skipping extension 'colcon_core.shell.bat': Not used on non-Windows systems
[0.276s] INFO:colcon.colcon_core.shell:Skip shell extension 'powershell' for command environment: Not usable outside of PowerShell
[0.276s] DEBUG:colcon.colcon_core.shell:Skip shell extension 'dsv' for command environment
[0.282s] DEBUG:colcon.colcon_core.event_handler.log_command:Invoking command in '/home/harish-k/ROS2 Assignment/Assignemnt 8/build/ros2_launch_demo': CMAKE_PREFIX_PATH=${CMAKE_PREFIX_PATH}:/opt/ros/jazzy DEBUGINFOD_URLS=https://debuginfod.ubuntu.com /usr/bin/cmake /home/harish-k/ROS2 Assignment/Assignemnt 8/assignment-ros2-launch-files-rkhm2004 -DCMAKE_INSTALL_PREFIX=/home/harish-k/ROS2 Assignment/Assignemnt 8/install/ros2_launch_demo
[1.552s] DEBUG:colcon.colcon_core.event_handler.log_command:Invoked command in '/home/harish-k/ROS2 Assignment/Assignemnt 8/build/ros2_launch_demo' returned '0': CMAKE_PREFIX_PATH=${CMAKE_PREFIX_PATH}:/opt/ros/jazzy DEBUGINFOD_URLS=https://debuginfod.ubuntu.com /usr/bin/cmake /home/harish-k/ROS2 Assignment/Assignemnt 8/assignment-ros2-launch-files-rkhm2004 -DCMAKE_INSTALL_PREFIX=/home/harish-k/ROS2 Assignment/Assignemnt 8/install/ros2_launch_demo
[1.554s] DEBUG:colcon.colcon_core.event_handler.log_command:Invoking command in '/home/harish-k/ROS2 Assignment/Assignemnt 8/build/ros2_launch_demo': CMAKE_PREFIX_PATH=${CMAKE_PREFIX_PATH}:/opt/ros/jazzy DEBUGINFOD_URLS=https://debuginfod.ubuntu.com /usr/bin/cmake --build /home/harish-k/ROS2 Assignment/Assignemnt 8/build/ros2_launch_demo -- -j12 -l12
[7.346s] DEBUG:colcon.colcon_core.event_handler.log_command:Invoked command in '/home/harish-k/ROS2 Assignment/Assignemnt 8/build/ros2_launch_demo' returned '0': CMAKE_PREFIX_PATH=${CMAKE_PREFIX_PATH}:/opt/ros/jazzy DEBUGINFOD_URLS=https://debuginfod.ubuntu.com /usr/bin/cmake --build /home/harish-k/ROS2 Assignment/Assignemnt 8/build/ros2_launch_demo -- -j12 -l12
[7.357s] DEBUG:colcon.colcon_core.event_handler.log_command:Invoking command in '/home/harish-k/ROS2 Assignment/Assignemnt 8/build/ros2_launch_demo': CMAKE_PREFIX_PATH=${CMAKE_PREFIX_PATH}:/opt/ros/jazzy DEBUGINFOD_URLS=https://debuginfod.ubuntu.com /usr/bin/cmake --install /home/harish-k/ROS2 Assignment/Assignemnt 8/build/ros2_launch_demo
[7.370s] Level 1:colcon.colcon_core.environment:create_environment_scripts_only(ros2_launch_demo)
[7.371s] DEBUG:colcon.colcon_core.event_handler.log_command:Invoked command in '/home/harish-k/ROS2 Assignment/Assignemnt 8/build/ros2_launch_demo' returned '0': CMAKE_PREFIX_PATH=${CMAKE_PREFIX_PATH}:/opt/ros/jazzy DEBUGINFOD_URLS=https://debuginfod.ubuntu.com /usr/bin/cmake --install /home/harish-k/ROS2 Assignment/Assignemnt 8/build/ros2_launch_demo
[7.376s] Level 1:colcon.colcon_core.environment:checking '/home/harish-k/ROS2 Assignment/Assignemnt 8/install/ros2_launch_demo' for CMake module files
[7.376s] Level 1:colcon.colcon_core.environment:checking '/home/harish-k/ROS2 Assignment/Assignemnt 8/install/ros2_launch_demo' for CMake config files
[7.377s] Level 1:colcon.colcon_core.shell:create_environment_hook('ros2_launch_demo', 'cmake_prefix_path')
[7.377s] INFO:colcon.colcon_core.shell:Creating environment hook '/home/harish-k/ROS2 Assignment/Assignemnt 8/install/ros2_launch_demo/share/ros2_launch_demo/hook/cmake_prefix_path.ps1'
[7.378s] INFO:colcon.colcon_core.shell:Creating environment descriptor '/home/harish-k/ROS2 Assignment/Assignemnt 8/install/ros2_launch_demo/share/ros2_launch_demo/hook/cmake_prefix_path.dsv'
[7.378s] INFO:colcon.colcon_core.shell:Creating environment hook '/home/harish-k/ROS2 Assignment/Assignemnt 8/install/ros2_launch_demo/share/ros2_launch_demo/hook/cmake_prefix_path.sh'
[7.379s] Level 1:colcon.colcon_core.environment:checking '/home/harish-k/ROS2 Assignment/Assignemnt 8/install/ros2_launch_demo/lib'
[7.379s] Level 1:colcon.colcon_core.environment:checking '/home/harish-k/ROS2 Assignment/Assignemnt 8/install/ros2_launch_demo/bin'
[7.379s] Level 1:colcon.colcon_core.environment:checking '/home/harish-k/ROS2 Assignment/Assignemnt 8/install/ros2_launch_demo/lib/pkgconfig/ros2_launch_demo.pc'
[7.380s] Level 1:colcon.colcon_core.environment:checking '/home/harish-k/ROS2 Assignment/Assignemnt 8/install/ros2_launch_demo/lib/python3.12/site-packages'
[7.380s] Level 1:colcon.colcon_core.environment:checking '/home/harish-k/ROS2 Assignment/Assignemnt 8/install/ros2_launch_demo/bin'
[7.380s] INFO:colcon.colcon_core.shell:Creating package script '/home/harish-k/ROS2 Assignment/Assignemnt 8/install/ros2_launch_demo/share/ros2_launch_demo/package.ps1'
[7.381s] INFO:colcon.colcon_core.shell:Creating package descriptor '/home/harish-k/ROS2 Assignment/Assignemnt 8/install/ros2_launch_demo/share/ros2_launch_demo/package.dsv'
[7.382s] INFO:colcon.colcon_core.shell:Creating package script '/home/harish-k/ROS2 Assignment/Assignemnt 8/install/ros2_launch_demo/share/ros2_launch_demo/package.sh'
[7.383s] INFO:colcon.colcon_core.shell:Creating package script '/home/harish-k/ROS2 Assignment/Assignemnt 8/install/ros2_launch_demo/share/ros2_launch_demo/package.bash'
[7.383s] INFO:colcon.colcon_core.shell:Creating package script '/home/harish-k/ROS2 Assignment/Assignemnt 8/install/ros2_launch_demo/share/ros2_launch_demo/package.zsh'
[7.384s] Level 1:colcon.colcon_core.environment:create_file_with_runtime_dependencies(/home/harish-k/ROS2 Assignment/Assignemnt 8/install/ros2_launch_demo/share/colcon-core/packages/ros2_launch_demo)
[7.385s] Level 1:colcon.colcon_core.environment:create_environment_scripts_only(ros2_launch_demo)
[7.385s] Level 1:colcon.colcon_core.environment:checking '/home/harish-k/ROS2 Assignment/Assignemnt 8/install/ros2_launch_demo' for CMake module files
[7.386s] Level 1:colcon.colcon_core.environment:checking '/home/harish-k/ROS2 Assignment/Assignemnt 8/install/ros2_launch_demo' for CMake config files
[7.386s] Level 1:colcon.colcon_core.shell:create_environment_hook('ros2_launch_demo', 'cmake_prefix_path')
[7.386s] INFO:colcon.colcon_core.shell:Creating environment hook '/home/harish-k/ROS2 Assignment/Assignemnt 8/install/ros2_launch_demo/share/ros2_launch_demo/hook/cmake_prefix_path.ps1'
[7.387s] INFO:colcon.colcon_core.shell:Creating environment descriptor '/home/harish-k/ROS2 Assignment/Assignemnt 8/install/ros2_launch_demo/share/ros2_launch_demo/hook/cmake_prefix_path.dsv'
[7.387s] INFO:colcon.colcon_core.shell:Creating environment hook '/home/harish-k/ROS2 Assignment/Assignemnt 8/install/ros2_launch_demo/share/ros2_launch_demo/hook/cmake_prefix_path.sh'
[7.388s] Level 1:colcon.colcon_core.environment:checking '/home/harish-k/ROS2 Assignment/Assignemnt 8/install/ros2_launch_demo/lib'
[7.388s] Level 1:colcon.colcon_core.environment:checking '/home/harish-k/ROS2 Assignment/Assignemnt 8/install/ros2_launch_demo/bin'
[7.388s] Level 1:colcon.colcon_core.environment:checking '/home/harish-k/ROS2 Assignment/Assignemnt 8/install/ros2_launch_demo/lib/pkgconfig/ros2_launch_demo.pc'
[7.388s] Level 1:colcon.colcon_core.environment:checking '/home/harish-k/ROS2 Assignment/Assignemnt 8/install/ros2_launch_demo/lib/python3.12/site-packages'
[7.389s] Level 1:colcon.colcon_core.environment:checking '/home/harish-k/ROS2 Assignment/Assignemnt 8/install/ros2_launch_demo/bin'
[7.389s] INFO:colcon.colcon_core.shell:Creating package script '/home/harish-k/ROS2 Assignment/Assignemnt 8/install/ros2_launch_demo/share/ros2_launch_demo/package.ps1'
[7.389s] INFO:colcon.colcon_core.shell:Creating package descriptor '/home/harish-k/ROS2 Assignment/Assignemnt 8/install/ros2_launch_demo/share/ros2_launch_demo/package.dsv'
[7.390s] INFO:colcon.colcon_core.shell:Creating package script '/home/harish-k/ROS2 Assignment/Assignemnt 8/install/ros2_launch_demo/share/ros2_launch_demo/package.sh'
[7.390s] INFO:colcon.colcon_core.shell:Creating package script '/home/harish-k/ROS2 Assignment/Assignemnt 8/install/ros2_launch_demo/share/ros2_launch_demo/package.bash'
[7.390s] INFO:colcon.colcon_core.shell:Creating package script '/home/harish-k/ROS2 Assignment/Assignemnt 8/install/ros2_launch_demo/share/ros2_launch_demo/package.zsh'
[7.391s] Level 1:colcon.colcon_core.environment:create_file_with_runtime_dependencies(/home/harish-k/ROS2 Assignment/Assignemnt 8/install/ros2_launch_demo/share/colcon-core/packages/ros2_launch_demo)
[7.391s] DEBUG:colcon.colcon_parallel_executor.executor.parallel:closing loop
[7.391s] DEBUG:colcon.colcon_parallel_executor.executor.parallel:loop closed
[7.391s] DEBUG:colcon.colcon_parallel_executor.executor.parallel:run_until_complete finished with '0'
[7.391s] DEBUG:colcon.colcon_core.event_reactor:joining thread
[7.398s] INFO:colcon.colcon_core.plugin_system:Skipping extension 'colcon_notification.desktop_notification.terminal_notifier': Not used on non-Darwin systems
[7.398s] INFO:colcon.colcon_core.plugin_system:Skipping extension 'colcon_notification.desktop_notification.win32': Not used on non-Windows systems
[7.399s] INFO:colcon.colcon_notification.desktop_notification:Sending desktop notification using 'notify2'
[7.421s] DEBUG:colcon.colcon_core.event_reactor:joined thread
[7.421s] INFO:colcon.colcon_core.shell:Creating prefix script '/home/harish-k/ROS2 Assignment/Assignemnt 8/install/local_setup.ps1'
[7.423s] INFO:colcon.colcon_core.shell:Creating prefix util module '/home/harish-k/ROS2 Assignment/Assignemnt 8/install/_local_setup_util_ps1.py'
[7.425s] INFO:colcon.colcon_core.shell:Creating prefix chain script '/home/harish-k/ROS2 Assignment/Assignemnt 8/install/setup.ps1'
[7.427s] INFO:colcon.colcon_core.shell:Creating prefix script '/home/harish-k/ROS2 Assignment/Assignemnt 8/install/local_setup.sh'
[7.428s] INFO:colcon.colcon_core.shell:Creating prefix util module '/home/harish-k/ROS2 Assignment/Assignemnt 8/install/_local_setup_util_sh.py'
[7.429s] INFO:colcon.colcon_core.shell:Creating prefix chain script '/home/harish-k/ROS2 Assignment/Assignemnt 8/install/setup.sh'
[7.431s] INFO:colcon.colcon_core.shell:Creating prefix script '/home/harish-k/ROS2 Assignment/Assignemnt 8/install/local_setup.bash'
[7.431s] INFO:colcon.colcon_core.shell:Creating prefix chain script '/home/harish-k/ROS2 Assignment/Assignemnt 8/install/setup.bash'
[7.433s] INFO:colcon.colcon_core.shell:Creating prefix script '/home/harish-k/ROS2 Assignment/Assignemnt 8/install/local_setup.zsh'
[7.434s] INFO:colcon.colcon_core.shell:Creating prefix chain script '/home/harish-k/ROS2 Assignment/Assignemnt 8/install/setup.zsh'
