-- The C compiler identification is GNU 13.3.0
-- The CXX compiler identification is GNU 13.3.0
-- Detecting C compiler ABI info
-- Detecting C compiler ABI info - done
-- Check for working C compiler: /usr/bin/cc - skipped
-- Detecting C compile features
-- Detecting C compile features - done
-- Detecting CXX compiler ABI info
-- Detecting CXX compiler ABI info - done
-- Check for working CXX compiler: /usr/bin/c++ - skipped
-- Detecting CXX compile features
-- Detecting CXX compile features - done
-- Found ament_cmake: 2.5.4 (/opt/ros/jazzy/share/ament_cmake/cmake)
-- Found Python3: /usr/bin/python3 (found version "3.12.3") found components: Interpreter 
-- Found rclcpp: 28.1.13 (/opt/ros/jazzy/share/rclcpp/cmake)
-- Found rosidl_generator_c: 4.6.6 (/opt/ros/jazzy/share/rosidl_generator_c/cmake)
-- Found rosidl_generator_cpp: 4.6.6 (/opt/ros/jazzy/share/rosidl_generator_cpp/cmake)
-- Using all available rosidl_typesupport_c: rosidl_typesupport_fastrtps_c;rosidl_typesupport_introspection_c
-- Using all available rosidl_typesupport_cpp: rosidl_typesupport_fastrtps_cpp;rosidl_typesupport_introspection_cpp
-- Found rmw_implementation_cmake: 7.3.2 (/opt/ros/jazzy/share/rmw_implementation_cmake/cmake)
-- Found rmw_fastrtps_cpp: 8.4.3 (/opt/ros/jazzy/share/rmw_fastrtps_cpp/cmake)
-- Found OpenSSL: /usr/lib/x86_64-linux-gnu/libcrypto.so (found version "3.0.13")  
-- Found FastRTPS: /opt/ros/jazzy/include (Required is at least version "2.13") 
-- Using RMW implementation 'rmw_fastrtps_cpp' as default
-- Found std_msgs: 5.3.6 (/opt/ros/jazzy/share/std_msgs/cmake)
-- Found ament_lint_auto: 0.17.3 (/opt/ros/jazzy/share/ament_lint_auto/cmake)
-- Added test 'copyright' to check source files copyright and LICENSE
-- Added test 'cppcheck' to perform static code analysis on C / C++ code
-- Configured cppcheck include dirs: 
-- Configured cppcheck exclude dirs and/or files: 
-- Added test 'cpplint' to check C / C++ code against the Google style
-- Configured cpplint exclude dirs and/or files: 
-- Added test 'lint_cmake' to check CMake code style
-- Added test 'uncrustify' to check C / C++ code style
-- Configured uncrustify additional arguments: 
-- Added test 'xmllint' to check XML markup files
-- Configuring done (2.0s)
-- Generating done (0.0s)
-- Build files have been written to: /home/harish-k/ROS2 Assignment/build/ros2_publisher
[ 50%] [32mBuilding CXX object CMakeFiles/publisher_node.dir/src/publisher_node.cpp.o[0m
[100%] [32m[1mLinking CXX executable publisher_node[0m
[100%] Built target publisher_node
-- Install configuration: ""
-- Installing: /home/harish-k/ROS2 Assignment/install/ros2_publisher/lib/ros2_publisher/publisher_node
-- Set non-toolchain portion of runtime path of "/home/harish-k/ROS2 Assignment/install/ros2_publisher/lib/ros2_publisher/publisher_node" to ""
-- Installing: /home/harish-k/ROS2 Assignment/install/ros2_publisher/share/ament_index/resource_index/package_run_dependencies/ros2_publisher
-- Installing: /home/harish-k/ROS2 Assignment/install/ros2_publisher/share/ament_index/resource_index/parent_prefix_path/ros2_publisher
-- Installing: /home/harish-k/ROS2 Assignment/install/ros2_publisher/share/ros2_publisher/environment/ament_prefix_path.sh
-- Installing: /home/harish-k/ROS2 Assignment/install/ros2_publisher/share/ros2_publisher/environment/ament_prefix_path.dsv
-- Installing: /home/harish-k/ROS2 Assignment/install/ros2_publisher/share/ros2_publisher/environment/path.sh
-- Installing: /home/harish-k/ROS2 Assignment/install/ros2_publisher/share/ros2_publisher/environment/path.dsv
-- Installing: /home/harish-k/ROS2 Assignment/install/ros2_publisher/share/ros2_publisher/local_setup.bash
-- Installing: /home/harish-k/ROS2 Assignment/install/ros2_publisher/share/ros2_publisher/local_setup.sh
-- Installing: /home/harish-k/ROS2 Assignment/install/ros2_publisher/share/ros2_publisher/local_setup.zsh
-- Installing: /home/harish-k/ROS2 Assignment/install/ros2_publisher/share/ros2_publisher/local_setup.dsv
-- Installing: /home/harish-k/ROS2 Assignment/install/ros2_publisher/share/ros2_publisher/package.dsv
-- Installing: /home/harish-k/ROS2 Assignment/install/ros2_publisher/share/ament_index/resource_index/packages/ros2_publisher
-- Installing: /home/harish-k/ROS2 Assignment/install/ros2_publisher/share/ros2_publisher/cmake/ros2_publisherConfig.cmake
-- Installing: /home/harish-k/ROS2 Assignment/install/ros2_publisher/share/ros2_publisher/cmake/ros2_publisherConfig-version.cmake
-- Installing: /home/harish-k/ROS2 Assignment/install/ros2_publisher/share/ros2_publisher/package.xml
