[0.015s] Invoking command in '/home/harish-k/ROS2 Assignment/build/ros2_publisher': CMAKE_PREFIX_PATH=${CMAKE_PREFIX_PATH}:/opt/ros/jazzy DEBUGINFOD_URLS=https://debuginfod.ubuntu.com /usr/bin/cmake /home/harish-k/ROS2 Assignment/assignment-ros2-c-publisher-node-rkhm2004 -DCMAKE_INSTALL_PREFIX=/home/harish-k/ROS2 Assignment/install/ros2_publisher
[0.168s] -- The C compiler identification is GNU 13.3.0
[0.280s] -- The CXX compiler identification is GNU 13.3.0
[0.311s] -- Detecting C compiler ABI info
[0.449s] -- Detecting C compiler ABI info - done
[0.463s] -- Check for working C compiler: /usr/bin/cc - skipped
[0.465s] -- Detecting C compile features
[0.466s] -- Detecting C compile features - done
[0.482s] -- Detecting CXX compiler ABI info
[0.639s] -- Detecting CXX compiler ABI info - done
[0.656s] -- Check for working CXX compiler: /usr/bin/c++ - skipped
[0.656s] -- Detecting CXX compile features
[0.657s] -- Detecting CXX compile features - done
[0.673s] -- Found ament_cmake: 2.5.4 (/opt/ros/jazzy/share/ament_cmake/cmake)
[0.913s] -- Found Python3: /usr/bin/python3 (found version "3.12.3") found components: Interpreter 
[1.105s] -- Found rclcpp: 28.1.13 (/opt/ros/jazzy/share/rclcpp/cmake)
[1.198s] -- Found rosidl_generator_c: 4.6.6 (/opt/ros/jazzy/share/rosidl_generator_c/cmake)
[1.221s] -- Found rosidl_generator_cpp: 4.6.6 (/opt/ros/jazzy/share/rosidl_generator_cpp/cmake)
[1.249s] -- Using all available rosidl_typesupport_c: rosidl_typesupport_fastrtps_c;rosidl_typesupport_introspection_c
[1.278s] -- Using all available rosidl_typesupport_cpp: rosidl_typesupport_fastrtps_cpp;rosidl_typesupport_introspection_cpp
[1.424s] -- Found rmw_implementation_cmake: 7.3.2 (/opt/ros/jazzy/share/rmw_implementation_cmake/cmake)
[1.431s] -- Found rmw_fastrtps_cpp: 8.4.3 (/opt/ros/jazzy/share/rmw_fastrtps_cpp/cmake)
[1.584s] -- Found OpenSSL: /usr/lib/x86_64-linux-gnu/libcrypto.so (found version "3.0.13")  
[1.621s] -- Found FastRTPS: /opt/ros/jazzy/include (Required is at least version "2.13") 
[1.660s] -- Using RMW implementation 'rmw_fastrtps_cpp' as default
[1.793s] -- Found std_msgs: 5.3.6 (/opt/ros/jazzy/share/std_msgs/cmake)
[1.828s] -- Found ament_lint_auto: 0.17.3 (/opt/ros/jazzy/share/ament_lint_auto/cmake)
[2.031s] -- Added test 'copyright' to check source files copyright and LICENSE
[2.036s] -- Added test 'cppcheck' to perform static code analysis on C / C++ code
[2.037s] -- Configured cppcheck include dirs: 
[2.037s] -- Configured cppcheck exclude dirs and/or files: 
[2.041s] -- Added test 'cpplint' to check C / C++ code against the Google style
[2.041s] -- Configured cpplint exclude dirs and/or files: 
[2.043s] -- Added test 'lint_cmake' to check CMake code style
[2.048s] -- Added test 'uncrustify' to check C / C++ code style
[2.048s] -- Configured uncrustify additional arguments: 
[2.049s] -- Added test 'xmllint' to check XML markup files
[2.052s] -- Configuring done (2.0s)
[2.065s] -- Generating done (0.0s)
[2.070s] -- Build files have been written to: /home/harish-k/ROS2 Assignment/build/ros2_publisher
[2.084s] Invoked command in '/home/harish-k/ROS2 Assignment/build/ros2_publisher' returned '0': CMAKE_PREFIX_PATH=${CMAKE_PREFIX_PATH}:/opt/ros/jazzy DEBUGINFOD_URLS=https://debuginfod.ubuntu.com /usr/bin/cmake /home/harish-k/ROS2 Assignment/assignment-ros2-c-publisher-node-rkhm2004 -DCMAKE_INSTALL_PREFIX=/home/harish-k/ROS2 Assignment/install/ros2_publisher
[2.085s] Invoking command in '/home/harish-k/ROS2 Assignment/build/ros2_publisher': CMAKE_PREFIX_PATH=${CMAKE_PREFIX_PATH}:/opt/ros/jazzy DEBUGINFOD_URLS=https://debuginfod.ubuntu.com /usr/bin/cmake --build /home/harish-k/ROS2 Assignment/build/ros2_publisher -- -j12 -l12
[2.165s] [ 50%] [32mBuilding CXX object CMakeFiles/publisher_node.dir/src/publisher_node.cpp.o[0m
[7.329s] [100%] [32m[1mLinking CXX executable publisher_node[0m
[7.589s] [100%] Built target publisher_node
[7.607s] Invoked command in '/home/harish-k/ROS2 Assignment/build/ros2_publisher' returned '0': CMAKE_PREFIX_PATH=${CMAKE_PREFIX_PATH}:/opt/ros/jazzy DEBUGINFOD_URLS=https://debuginfod.ubuntu.com /usr/bin/cmake --build /home/harish-k/ROS2 Assignment/build/ros2_publisher -- -j12 -l12
[7.622s] Invoking command in '/home/harish-k/ROS2 Assignment/build/ros2_publisher': CMAKE_PREFIX_PATH=${CMAKE_PREFIX_PATH}:/opt/ros/jazzy DEBUGINFOD_URLS=https://debuginfod.ubuntu.com /usr/bin/cmake --install /home/harish-k/ROS2 Assignment/build/ros2_publisher
[7.635s] -- Install configuration: ""
[7.635s] -- Installing: /home/harish-k/ROS2 Assignment/install/ros2_publisher/lib/ros2_publisher/publisher_node
[7.636s] -- Set non-toolchain portion of runtime path of "/home/harish-k/ROS2 Assignment/install/ros2_publisher/lib/ros2_publisher/publisher_node" to ""
[7.636s] -- Installing: /home/harish-k/ROS2 Assignment/install/ros2_publisher/share/ament_index/resource_index/package_run_dependencies/ros2_publisher
[7.637s] -- Installing: /home/harish-k/ROS2 Assignment/install/ros2_publisher/share/ament_index/resource_index/parent_prefix_path/ros2_publisher
[7.637s] -- Installing: /home/harish-k/ROS2 Assignment/install/ros2_publisher/share/ros2_publisher/environment/ament_prefix_path.sh
[7.637s] -- Installing: /home/harish-k/ROS2 Assignment/install/ros2_publisher/share/ros2_publisher/environment/ament_prefix_path.dsv
[7.637s] -- Installing: /home/harish-k/ROS2 Assignment/install/ros2_publisher/share/ros2_publisher/environment/path.sh
[7.637s] -- Installing: /home/harish-k/ROS2 Assignment/install/ros2_publisher/share/ros2_publisher/environment/path.dsv
[7.638s] -- Installing: /home/harish-k/ROS2 Assignment/install/ros2_publisher/share/ros2_publisher/local_setup.bash
[7.638s] -- Installing: /home/harish-k/ROS2 Assignment/install/ros2_publisher/share/ros2_publisher/local_setup.sh
[7.638s] -- Installing: /home/harish-k/ROS2 Assignment/install/ros2_publisher/share/ros2_publisher/local_setup.zsh
[7.638s] -- Installing: /home/harish-k/ROS2 Assignment/install/ros2_publisher/share/ros2_publisher/local_setup.dsv
[7.638s] -- Installing: /home/harish-k/ROS2 Assignment/install/ros2_publisher/share/ros2_publisher/package.dsv
[7.639s] -- Installing: /home/harish-k/ROS2 Assignment/install/ros2_publisher/share/ament_index/resource_index/packages/ros2_publisher
[7.639s] -- Installing: /home/harish-k/ROS2 Assignment/install/ros2_publisher/share/ros2_publisher/cmake/ros2_publisherConfig.cmake
[7.639s] -- Installing: /home/harish-k/ROS2 Assignment/install/ros2_publisher/share/ros2_publisher/cmake/ros2_publisherConfig-version.cmake
[7.639s] -- Installing: /home/harish-k/ROS2 Assignment/install/ros2_publisher/share/ros2_publisher/package.xml
[7.641s] Invoked command in '/home/harish-k/ROS2 Assignment/build/ros2_publisher' returned '0': CMAKE_PREFIX_PATH=${CMAKE_PREFIX_PATH}:/opt/ros/jazzy DEBUGINFOD_URLS=https://debuginfod.ubuntu.com /usr/bin/cmake --install /home/harish-k/ROS2 Assignment/build/ros2_publisher
