[0.452s] DEBUG:colcon:Command line arguments: ['/usr/bin/colcon', 'build', '--packages-select', 'ros2_custom_msgs']
[0.452s] DEBUG:colcon:Parsed command line arguments: Namespace(log_base=None, log_level=None, verb_name='build', build_base='build', install_base='install', merge_install=False, symlink_install=False, test_result_base=None, continue_on_error=False, executor='parallel', parallel_workers=12, event_handlers=None, ignore_user_meta=False, metas=['./colcon.meta'], base_paths=['.'], packages_ignore=None, packages_ignore_regex=None, paths=None, packages_up_to=None, packages_up_to_regex=None, packages_above=None, packages_above_and_dependencies=None, packages_above_depth=None, packages_select_by_dep=None, packages_skip_by_dep=None, packages_skip_up_to=None, packages_select_build_failed=False, packages_skip_build_finished=False, packages_select_test_failures=False, packages_skip_test_passed=False, packages_select=['ros2_custom_msgs'], packages_skip=None, packages_select_regex=None, packages_skip_regex=None, packages_start=None, packages_end=None, allow_overriding=[], cmake_args=None, cmake_target=None, cmake_target_skip_unavailable=False, cmake_clean_cache=False, cmake_clean_first=False, cmake_force_configure=False, ament_cmake_args=None, catkin_cmake_args=None, catkin_skip_building_tests=False, verb_parser=<colcon_defaults.argument_parser.defaults.DefaultArgumentsDecorator object at 0x7dda2e0818b0>, verb_extension=<colcon_core.verb.build.BuildVerb object at 0x7dda2e081730>, main=<bound method BuildVerb.main of <colcon_core.verb.build.BuildVerb object at 0x7dda2e081730>>)
[0.546s] Level 1:colcon.colcon_core.package_discovery:discover_packages(colcon_meta) check parameters
[0.546s] Level 1:colcon.colcon_core.package_discovery:discover_packages(recursive) check parameters
[0.546s] Level 1:colcon.colcon_core.package_discovery:discover_packages(ignore) check parameters
[0.546s] Level 1:colcon.colcon_core.package_discovery:discover_packages(path) check parameters
[0.546s] Level 1:colcon.colcon_core.package_discovery:discover_packages(colcon_meta) discover
[0.546s] Level 1:colcon.colcon_core.package_discovery:discover_packages(recursive) discover
[0.546s] INFO:colcon.colcon_core.package_discovery:Crawling recursively for packages in '/home/harish-k/ROS2 Assignment/Assignment 7'
[0.547s] Level 1:colcon.colcon_core.package_identification:_identify(.) by extensions ['ignore', 'ignore_ament_install']
[0.547s] Level 1:colcon.colcon_core.package_identification:_identify(.) by extension 'ignore'
[0.547s] Level 1:colcon.colcon_core.package_identification:_identify(.) by extension 'ignore_ament_install'
[0.547s] Level 1:colcon.colcon_core.package_identification:_identify(.) by extensions ['colcon_pkg']
[0.547s] Level 1:colcon.colcon_core.package_identification:_identify(.) by extension 'colcon_pkg'
[0.547s] Level 1:colcon.colcon_core.package_identification:_identify(.) by extensions ['colcon_meta']
[0.547s] Level 1:colcon.colcon_core.package_identification:_identify(.) by extension 'colcon_meta'
[0.547s] Level 1:colcon.colcon_core.package_identification:_identify(.) by extensions ['ros']
[0.547s] Level 1:colcon.colcon_core.package_identification:_identify(.) by extension 'ros'
[0.582s] Level 1:colcon.colcon_core.package_identification:_identify(.) by extensions ['cmake', 'python']
[0.582s] Level 1:colcon.colcon_core.package_identification:_identify(.) by extension 'cmake'
[0.582s] Level 1:colcon.colcon_core.package_identification:_identify(.) by extension 'python'
[0.583s] Level 1:colcon.colcon_core.package_identification:_identify(.) by extensions ['python_setup_py']
[0.583s] Level 1:colcon.colcon_core.package_identification:_identify(.) by extension 'python_setup_py'
[0.583s] Level 1:colcon.colcon_core.package_identification:_identify(build) by extensions ['ignore', 'ignore_ament_install']
[0.583s] Level 1:colcon.colcon_core.package_identification:_identify(build) by extension 'ignore'
[0.583s] Level 1:colcon.colcon_core.package_identification:_identify(build) ignored
[0.583s] Level 1:colcon.colcon_core.package_identification:_identify(install) by extensions ['ignore', 'ignore_ament_install']
[0.583s] Level 1:colcon.colcon_core.package_identification:_identify(install) by extension 'ignore'
[0.583s] Level 1:colcon.colcon_core.package_identification:_identify(install) ignored
[0.583s] Level 1:colcon.colcon_core.package_identification:_identify(log) by extensions ['ignore', 'ignore_ament_install']
[0.583s] Level 1:colcon.colcon_core.package_identification:_identify(log) by extension 'ignore'
[0.583s] Level 1:colcon.colcon_core.package_identification:_identify(log) ignored
[0.583s] Level 1:colcon.colcon_core.package_identification:_identify(ros2-custom-messages-rkhm2004) by extensions ['ignore', 'ignore_ament_install']
[0.584s] Level 1:colcon.colcon_core.package_identification:_identify(ros2-custom-messages-rkhm2004) by extension 'ignore'
[0.584s] Level 1:colcon.colcon_core.package_identification:_identify(ros2-custom-messages-rkhm2004) by extension 'ignore_ament_install'
[0.584s] Level 1:colcon.colcon_core.package_identification:_identify(ros2-custom-messages-rkhm2004) by extensions ['colcon_pkg']
[0.584s] Level 1:colcon.colcon_core.package_identification:_identify(ros2-custom-messages-rkhm2004) by extension 'colcon_pkg'
[0.584s] Level 1:colcon.colcon_core.package_identification:_identify(ros2-custom-messages-rkhm2004) by extensions ['colcon_meta']
[0.584s] Level 1:colcon.colcon_core.package_identification:_identify(ros2-custom-messages-rkhm2004) by extension 'colcon_meta'
[0.584s] Level 1:colcon.colcon_core.package_identification:_identify(ros2-custom-messages-rkhm2004) by extensions ['ros']
[0.584s] Level 1:colcon.colcon_core.package_identification:_identify(ros2-custom-messages-rkhm2004) by extension 'ros'
[0.589s] DEBUG:colcon.colcon_core.package_identification:Package 'ros2-custom-messages-rkhm2004' with type 'ros.ament_cmake' and name 'ros2_custom_msgs'
[0.589s] Level 1:colcon.colcon_core.package_discovery:discover_packages(recursive) using defaults
[0.589s] Level 1:colcon.colcon_core.package_discovery:discover_packages(ignore) discover
[0.589s] Level 1:colcon.colcon_core.package_discovery:discover_packages(ignore) using defaults
[0.589s] Level 1:colcon.colcon_core.package_discovery:discover_packages(path) discover
[0.589s] Level 1:colcon.colcon_core.package_discovery:discover_packages(path) using defaults
[0.619s] Level 1:colcon.colcon_core.package_discovery:discover_packages(prefix_path) check parameters
[0.619s] Level 1:colcon.colcon_core.package_discovery:discover_packages(prefix_path) discover
[0.624s] DEBUG:colcon.colcon_installed_package_information.package_discovery:Found 315 installed packages in /opt/ros/jazzy
[0.625s] Level 1:colcon.colcon_core.package_discovery:discover_packages(prefix_path) using defaults
[0.669s] Level 5:colcon.colcon_core.verb:set package 'ros2_custom_msgs' build argument 'cmake_args' from command line to 'None'
[0.669s] Level 5:colcon.colcon_core.verb:set package 'ros2_custom_msgs' build argument 'cmake_target' from command line to 'None'
[0.669s] Level 5:colcon.colcon_core.verb:set package 'ros2_custom_msgs' build argument 'cmake_target_skip_unavailable' from command line to 'False'
[0.669s] Level 5:colcon.colcon_core.verb:set package 'ros2_custom_msgs' build argument 'cmake_clean_cache' from command line to 'False'
[0.669s] Level 5:colcon.colcon_core.verb:set package 'ros2_custom_msgs' build argument 'cmake_clean_first' from command line to 'False'
[0.669s] Level 5:colcon.colcon_core.verb:set package 'ros2_custom_msgs' build argument 'cmake_force_configure' from command line to 'False'
[0.669s] Level 5:colcon.colcon_core.verb:set package 'ros2_custom_msgs' build argument 'ament_cmake_args' from command line to 'None'
[0.669s] Level 5:colcon.colcon_core.verb:set package 'ros2_custom_msgs' build argument 'catkin_cmake_args' from command line to 'None'
[0.669s] Level 5:colcon.colcon_core.verb:set package 'ros2_custom_msgs' build argument 'catkin_skip_building_tests' from command line to 'False'
[0.669s] DEBUG:colcon.colcon_core.verb:Building package 'ros2_custom_msgs' with the following arguments: {'ament_cmake_args': None, 'build_base': '/home/harish-k/ROS2 Assignment/Assignment 7/build/ros2_custom_msgs', 'catkin_cmake_args': None, 'catkin_skip_building_tests': False, 'cmake_args': None, 'cmake_clean_cache': False, 'cmake_clean_first': False, 'cmake_force_configure': False, 'cmake_target': None, 'cmake_target_skip_unavailable': False, 'install_base': '/home/harish-k/ROS2 Assignment/Assignment 7/install/ros2_custom_msgs', 'merge_install': False, 'path': '/home/harish-k/ROS2 Assignment/Assignment 7/ros2-custom-messages-rkhm2004', 'symlink_install': False, 'test_result_base': None}
[0.669s] INFO:colcon.colcon_core.executor:Executing jobs using 'parallel' executor
[0.671s] DEBUG:colcon.colcon_parallel_executor.executor.parallel:run_until_complete
[0.671s] INFO:colcon.colcon_ros.task.ament_cmake.build:Building ROS package in '/home/harish-k/ROS2 Assignment/Assignment 7/ros2-custom-messages-rkhm2004' with build type 'ament_cmake'
[0.671s] INFO:colcon.colcon_cmake.task.cmake.build:Building CMake package in '/home/harish-k/ROS2 Assignment/Assignment 7/ros2-custom-messages-rkhm2004'
[0.677s] INFO:colcon.colcon_core.plugin_system:Skipping extension 'colcon_core.shell.bat': Not used on non-Windows systems
[0.677s] INFO:colcon.colcon_core.shell:Skip shell extension 'powershell' for command environment: Not usable outside of PowerShell
[0.677s] DEBUG:colcon.colcon_core.shell:Skip shell extension 'dsv' for command environment
[0.687s] DEBUG:colcon.colcon_core.event_handler.log_command:Invoking command in '/home/harish-k/ROS2 Assignment/Assignment 7/build/ros2_custom_msgs': CMAKE_PREFIX_PATH=${CMAKE_PREFIX_PATH}:/opt/ros/jazzy DEBUGINFOD_URLS=https://debuginfod.ubuntu.com /usr/bin/cmake /home/harish-k/ROS2 Assignment/Assignment 7/ros2-custom-messages-rkhm2004 -DCMAKE_INSTALL_PREFIX=/home/harish-k/ROS2 Assignment/Assignment 7/install/ros2_custom_msgs
[5.741s] DEBUG:colcon.colcon_core.event_handler.log_command:Invoked command in '/home/harish-k/ROS2 Assignment/Assignment 7/build/ros2_custom_msgs' returned '0': CMAKE_PREFIX_PATH=${CMAKE_PREFIX_PATH}:/opt/ros/jazzy DEBUGINFOD_URLS=https://debuginfod.ubuntu.com /usr/bin/cmake /home/harish-k/ROS2 Assignment/Assignment 7/ros2-custom-messages-rkhm2004 -DCMAKE_INSTALL_PREFIX=/home/harish-k/ROS2 Assignment/Assignment 7/install/ros2_custom_msgs
[5.743s] DEBUG:colcon.colcon_core.event_handler.log_command:Invoking command in '/home/harish-k/ROS2 Assignment/Assignment 7/build/ros2_custom_msgs': CMAKE_PREFIX_PATH=${CMAKE_PREFIX_PATH}:/opt/ros/jazzy DEBUGINFOD_URLS=https://debuginfod.ubuntu.com /usr/bin/cmake --build /home/harish-k/ROS2 Assignment/Assignment 7/build/ros2_custom_msgs -- -j12 -l12
[12.684s] DEBUG:colcon.colcon_core.event_handler.log_command:Invoked command in '/home/harish-k/ROS2 Assignment/Assignment 7/build/ros2_custom_msgs' returned '0': CMAKE_PREFIX_PATH=${CMAKE_PREFIX_PATH}:/opt/ros/jazzy DEBUGINFOD_URLS=https://debuginfod.ubuntu.com /usr/bin/cmake --build /home/harish-k/ROS2 Assignment/Assignment 7/build/ros2_custom_msgs -- -j12 -l12
[12.697s] DEBUG:colcon.colcon_core.event_handler.log_command:Invoking command in '/home/harish-k/ROS2 Assignment/Assignment 7/build/ros2_custom_msgs': CMAKE_PREFIX_PATH=${CMAKE_PREFIX_PATH}:/opt/ros/jazzy DEBUGINFOD_URLS=https://debuginfod.ubuntu.com /usr/bin/cmake --install /home/harish-k/ROS2 Assignment/Assignment 7/build/ros2_custom_msgs
[12.785s] Level 1:colcon.colcon_core.environment:create_environment_scripts_only(ros2_custom_msgs)
[12.786s] DEBUG:colcon.colcon_core.event_handler.log_command:Invoked command in '/home/harish-k/ROS2 Assignment/Assignment 7/build/ros2_custom_msgs' returned '0': CMAKE_PREFIX_PATH=${CMAKE_PREFIX_PATH}:/opt/ros/jazzy DEBUGINFOD_URLS=https://debuginfod.ubuntu.com /usr/bin/cmake --install /home/harish-k/ROS2 Assignment/Assignment 7/build/ros2_custom_msgs
[12.795s] Level 1:colcon.colcon_core.environment:checking '/home/harish-k/ROS2 Assignment/Assignment 7/install/ros2_custom_msgs' for CMake module files
[12.796s] Level 1:colcon.colcon_core.environment:checking '/home/harish-k/ROS2 Assignment/Assignment 7/install/ros2_custom_msgs' for CMake config files
[12.797s] Level 1:colcon.colcon_core.shell:create_environment_hook('ros2_custom_msgs', 'cmake_prefix_path')
[12.798s] INFO:colcon.colcon_core.shell:Creating environment hook '/home/harish-k/ROS2 Assignment/Assignment 7/install/ros2_custom_msgs/share/ros2_custom_msgs/hook/cmake_prefix_path.ps1'
[12.799s] INFO:colcon.colcon_core.shell:Creating environment descriptor '/home/harish-k/ROS2 Assignment/Assignment 7/install/ros2_custom_msgs/share/ros2_custom_msgs/hook/cmake_prefix_path.dsv'
[12.800s] INFO:colcon.colcon_core.shell:Creating environment hook '/home/harish-k/ROS2 Assignment/Assignment 7/install/ros2_custom_msgs/share/ros2_custom_msgs/hook/cmake_prefix_path.sh'
[12.802s] Level 1:colcon.colcon_core.environment:checking '/home/harish-k/ROS2 Assignment/Assignment 7/install/ros2_custom_msgs/lib'
[12.802s] Level 1:colcon.colcon_core.shell:create_environment_hook('ros2_custom_msgs', 'ld_library_path_lib')
[12.802s] INFO:colcon.colcon_core.shell:Creating environment hook '/home/harish-k/ROS2 Assignment/Assignment 7/install/ros2_custom_msgs/share/ros2_custom_msgs/hook/ld_library_path_lib.ps1'
[12.803s] INFO:colcon.colcon_core.shell:Creating environment descriptor '/home/harish-k/ROS2 Assignment/Assignment 7/install/ros2_custom_msgs/share/ros2_custom_msgs/hook/ld_library_path_lib.dsv'
[12.803s] INFO:colcon.colcon_core.shell:Creating environment hook '/home/harish-k/ROS2 Assignment/Assignment 7/install/ros2_custom_msgs/share/ros2_custom_msgs/hook/ld_library_path_lib.sh'
[12.804s] Level 1:colcon.colcon_core.environment:checking '/home/harish-k/ROS2 Assignment/Assignment 7/install/ros2_custom_msgs/bin'
[12.804s] Level 1:colcon.colcon_core.environment:checking '/home/harish-k/ROS2 Assignment/Assignment 7/install/ros2_custom_msgs/lib/pkgconfig/ros2_custom_msgs.pc'
[12.804s] Level 1:colcon.colcon_core.environment:checking '/home/harish-k/ROS2 Assignment/Assignment 7/install/ros2_custom_msgs/lib/python3.12/site-packages'
[12.805s] Level 1:colcon.colcon_core.shell:create_environment_hook('ros2_custom_msgs', 'pythonpath')
[12.805s] INFO:colcon.colcon_core.shell:Creating environment hook '/home/harish-k/ROS2 Assignment/Assignment 7/install/ros2_custom_msgs/share/ros2_custom_msgs/hook/pythonpath.ps1'
[12.805s] INFO:colcon.colcon_core.shell:Creating environment descriptor '/home/harish-k/ROS2 Assignment/Assignment 7/install/ros2_custom_msgs/share/ros2_custom_msgs/hook/pythonpath.dsv'
[12.806s] INFO:colcon.colcon_core.shell:Creating environment hook '/home/harish-k/ROS2 Assignment/Assignment 7/install/ros2_custom_msgs/share/ros2_custom_msgs/hook/pythonpath.sh'
[12.807s] Level 1:colcon.colcon_core.environment:checking '/home/harish-k/ROS2 Assignment/Assignment 7/install/ros2_custom_msgs/bin'
[12.807s] INFO:colcon.colcon_core.shell:Creating package script '/home/harish-k/ROS2 Assignment/Assignment 7/install/ros2_custom_msgs/share/ros2_custom_msgs/package.ps1'
[12.808s] INFO:colcon.colcon_core.shell:Creating package descriptor '/home/harish-k/ROS2 Assignment/Assignment 7/install/ros2_custom_msgs/share/ros2_custom_msgs/package.dsv'
[12.809s] INFO:colcon.colcon_core.shell:Creating package script '/home/harish-k/ROS2 Assignment/Assignment 7/install/ros2_custom_msgs/share/ros2_custom_msgs/package.sh'
[12.810s] INFO:colcon.colcon_core.shell:Creating package script '/home/harish-k/ROS2 Assignment/Assignment 7/install/ros2_custom_msgs/share/ros2_custom_msgs/package.bash'
[12.811s] INFO:colcon.colcon_core.shell:Creating package script '/home/harish-k/ROS2 Assignment/Assignment 7/install/ros2_custom_msgs/share/ros2_custom_msgs/package.zsh'
[12.812s] Level 1:colcon.colcon_core.environment:create_file_with_runtime_dependencies(/home/harish-k/ROS2 Assignment/Assignment 7/install/ros2_custom_msgs/share/colcon-core/packages/ros2_custom_msgs)
[12.813s] Level 1:colcon.colcon_core.environment:create_environment_scripts_only(ros2_custom_msgs)
[12.813s] Level 1:colcon.colcon_core.environment:checking '/home/harish-k/ROS2 Assignment/Assignment 7/install/ros2_custom_msgs' for CMake module files
[12.814s] Level 1:colcon.colcon_core.environment:checking '/home/harish-k/ROS2 Assignment/Assignment 7/install/ros2_custom_msgs' for CMake config files
[12.814s] Level 1:colcon.colcon_core.shell:create_environment_hook('ros2_custom_msgs', 'cmake_prefix_path')
[12.814s] INFO:colcon.colcon_core.shell:Creating environment hook '/home/harish-k/ROS2 Assignment/Assignment 7/install/ros2_custom_msgs/share/ros2_custom_msgs/hook/cmake_prefix_path.ps1'
[12.815s] INFO:colcon.colcon_core.shell:Creating environment descriptor '/home/harish-k/ROS2 Assignment/Assignment 7/install/ros2_custom_msgs/share/ros2_custom_msgs/hook/cmake_prefix_path.dsv'
[12.815s] INFO:colcon.colcon_core.shell:Creating environment hook '/home/harish-k/ROS2 Assignment/Assignment 7/install/ros2_custom_msgs/share/ros2_custom_msgs/hook/cmake_prefix_path.sh'
[12.816s] Level 1:colcon.colcon_core.environment:checking '/home/harish-k/ROS2 Assignment/Assignment 7/install/ros2_custom_msgs/lib'
[12.816s] Level 1:colcon.colcon_core.shell:create_environment_hook('ros2_custom_msgs', 'ld_library_path_lib')
[12.816s] INFO:colcon.colcon_core.shell:Creating environment hook '/home/harish-k/ROS2 Assignment/Assignment 7/install/ros2_custom_msgs/share/ros2_custom_msgs/hook/ld_library_path_lib.ps1'
[12.817s] INFO:colcon.colcon_core.shell:Creating environment descriptor '/home/harish-k/ROS2 Assignment/Assignment 7/install/ros2_custom_msgs/share/ros2_custom_msgs/hook/ld_library_path_lib.dsv'
[12.817s] INFO:colcon.colcon_core.shell:Creating environment hook '/home/harish-k/ROS2 Assignment/Assignment 7/install/ros2_custom_msgs/share/ros2_custom_msgs/hook/ld_library_path_lib.sh'
[12.818s] Level 1:colcon.colcon_core.environment:checking '/home/harish-k/ROS2 Assignment/Assignment 7/install/ros2_custom_msgs/bin'
[12.818s] Level 1:colcon.colcon_core.environment:checking '/home/harish-k/ROS2 Assignment/Assignment 7/install/ros2_custom_msgs/lib/pkgconfig/ros2_custom_msgs.pc'
[12.818s] Level 1:colcon.colcon_core.environment:checking '/home/harish-k/ROS2 Assignment/Assignment 7/install/ros2_custom_msgs/lib/python3.12/site-packages'
[12.818s] Level 1:colcon.colcon_core.shell:create_environment_hook('ros2_custom_msgs', 'pythonpath')
[12.818s] INFO:colcon.colcon_core.shell:Creating environment hook '/home/harish-k/ROS2 Assignment/Assignment 7/install/ros2_custom_msgs/share/ros2_custom_msgs/hook/pythonpath.ps1'
[12.819s] INFO:colcon.colcon_core.shell:Creating environment descriptor '/home/harish-k/ROS2 Assignment/Assignment 7/install/ros2_custom_msgs/share/ros2_custom_msgs/hook/pythonpath.dsv'
[12.820s] INFO:colcon.colcon_core.shell:Creating environment hook '/home/harish-k/ROS2 Assignment/Assignment 7/install/ros2_custom_msgs/share/ros2_custom_msgs/hook/pythonpath.sh'
[12.820s] Level 1:colcon.colcon_core.environment:checking '/home/harish-k/ROS2 Assignment/Assignment 7/install/ros2_custom_msgs/bin'
[12.821s] INFO:colcon.colcon_core.shell:Creating package script '/home/harish-k/ROS2 Assignment/Assignment 7/install/ros2_custom_msgs/share/ros2_custom_msgs/package.ps1'
[12.821s] INFO:colcon.colcon_core.shell:Creating package descriptor '/home/harish-k/ROS2 Assignment/Assignment 7/install/ros2_custom_msgs/share/ros2_custom_msgs/package.dsv'
[12.822s] INFO:colcon.colcon_core.shell:Creating package script '/home/harish-k/ROS2 Assignment/Assignment 7/install/ros2_custom_msgs/share/ros2_custom_msgs/package.sh'
[12.823s] INFO:colcon.colcon_core.shell:Creating package script '/home/harish-k/ROS2 Assignment/Assignment 7/install/ros2_custom_msgs/share/ros2_custom_msgs/package.bash'
[12.823s] INFO:colcon.colcon_core.shell:Creating package script '/home/harish-k/ROS2 Assignment/Assignment 7/install/ros2_custom_msgs/share/ros2_custom_msgs/package.zsh'
[12.823s] Level 1:colcon.colcon_core.environment:create_file_with_runtime_dependencies(/home/harish-k/ROS2 Assignment/Assignment 7/install/ros2_custom_msgs/share/colcon-core/packages/ros2_custom_msgs)
[12.824s] DEBUG:colcon.colcon_parallel_executor.executor.parallel:closing loop
[12.824s] DEBUG:colcon.colcon_parallel_executor.executor.parallel:loop closed
[12.824s] DEBUG:colcon.colcon_parallel_executor.executor.parallel:run_until_complete finished with '0'
[12.824s] DEBUG:colcon.colcon_core.event_reactor:joining thread
[12.834s] INFO:colcon.colcon_core.plugin_system:Skipping extension 'colcon_notification.desktop_notification.terminal_notifier': Not used on non-Darwin systems
[12.834s] INFO:colcon.colcon_core.plugin_system:Skipping extension 'colcon_notification.desktop_notification.win32': Not used on non-Windows systems
[12.834s] INFO:colcon.colcon_notification.desktop_notification:Sending desktop notification using 'notify2'
[12.855s] DEBUG:colcon.colcon_core.event_reactor:joined thread
[12.856s] INFO:colcon.colcon_core.shell:Creating prefix script '/home/harish-k/ROS2 Assignment/Assignment 7/install/local_setup.ps1'
[12.857s] INFO:colcon.colcon_core.shell:Creating prefix util module '/home/harish-k/ROS2 Assignment/Assignment 7/install/_local_setup_util_ps1.py'
[12.859s] INFO:colcon.colcon_core.shell:Creating prefix chain script '/home/harish-k/ROS2 Assignment/Assignment 7/install/setup.ps1'
[12.860s] INFO:colcon.colcon_core.shell:Creating prefix script '/home/harish-k/ROS2 Assignment/Assignment 7/install/local_setup.sh'
[12.861s] INFO:colcon.colcon_core.shell:Creating prefix util module '/home/harish-k/ROS2 Assignment/Assignment 7/install/_local_setup_util_sh.py'
[12.862s] INFO:colcon.colcon_core.shell:Creating prefix chain script '/home/harish-k/ROS2 Assignment/Assignment 7/install/setup.sh'
[12.863s] INFO:colcon.colcon_core.shell:Creating prefix script '/home/harish-k/ROS2 Assignment/Assignment 7/install/local_setup.bash'
[12.864s] INFO:colcon.colcon_core.shell:Creating prefix chain script '/home/harish-k/ROS2 Assignment/Assignment 7/install/setup.bash'
[12.866s] INFO:colcon.colcon_core.shell:Creating prefix script '/home/harish-k/ROS2 Assignment/Assignment 7/install/local_setup.zsh'
[12.867s] INFO:colcon.colcon_core.shell:Creating prefix chain script '/home/harish-k/ROS2 Assignment/Assignment 7/install/setup.zsh'
